Archive member included to satisfy reference by file (symbol)

/usr/lib/gcc/arm-none-eabi/8.3.1/../../../arm-none-eabi/lib/thumb/v7e-m+fp/hard/libc_nano.a(lib_a-abort.o)
                              secp256k1/src/libsecp256k1_la-secp256k1.o (abort)
/usr/lib/gcc/arm-none-eabi/8.3.1/../../../arm-none-eabi/lib/thumb/v7e-m+fp/hard/libc_nano.a(lib_a-atexit.o)
                              /usr/lib/gcc/arm-none-eabi/8.3.1/../../../arm-none-eabi/lib/thumb/v7e-m+fp/hard/crt0.o (atexit)
/usr/lib/gcc/arm-none-eabi/8.3.1/../../../arm-none-eabi/lib/thumb/v7e-m+fp/hard/libc_nano.a(lib_a-errno.o)
                              build/retarget.o (__errno)
/usr/lib/gcc/arm-none-eabi/8.3.1/../../../arm-none-eabi/lib/thumb/v7e-m+fp/hard/libc_nano.a(lib_a-exit.o)
                              /usr/lib/gcc/arm-none-eabi/8.3.1/../../../arm-none-eabi/lib/thumb/v7e-m+fp/hard/crt0.o (exit)
/usr/lib/gcc/arm-none-eabi/8.3.1/../../../arm-none-eabi/lib/thumb/v7e-m+fp/hard/libc_nano.a(lib_a-fini.o)
                              /usr/lib/gcc/arm-none-eabi/8.3.1/../../../arm-none-eabi/lib/thumb/v7e-m+fp/hard/crt0.o (__libc_fini_array)
/usr/lib/gcc/arm-none-eabi/8.3.1/../../../arm-none-eabi/lib/thumb/v7e-m+fp/hard/libc_nano.a(lib_a-fprintf.o)
                              secp256k1/src/libsecp256k1_la-secp256k1.o (fprintf)
/usr/lib/gcc/arm-none-eabi/8.3.1/../../../arm-none-eabi/lib/thumb/v7e-m+fp/hard/libc_nano.a(lib_a-impure.o)
                              /usr/lib/gcc/arm-none-eabi/8.3.1/../../../arm-none-eabi/lib/thumb/v7e-m+fp/hard/libc_nano.a(lib_a-exit.o) (_global_impure_ptr)
/usr/lib/gcc/arm-none-eabi/8.3.1/../../../arm-none-eabi/lib/thumb/v7e-m+fp/hard/libc_nano.a(lib_a-init.o)
                              /usr/lib/gcc/arm-none-eabi/8.3.1/../../../arm-none-eabi/lib/thumb/v7e-m+fp/hard/crt0.o (__libc_init_array)
/usr/lib/gcc/arm-none-eabi/8.3.1/../../../arm-none-eabi/lib/thumb/v7e-m+fp/hard/libc_nano.a(lib_a-malloc.o)
                              build/sha256.o (malloc)
/usr/lib/gcc/arm-none-eabi/8.3.1/../../../arm-none-eabi/lib/thumb/v7e-m+fp/hard/libc_nano.a(lib_a-memcmp.o)
                              build/encrypt.o (memcmp)
/usr/lib/gcc/arm-none-eabi/8.3.1/../../../arm-none-eabi/lib/thumb/v7e-m+fp/hard/libc_nano.a(lib_a-memcpy.o)
                              build/queue.o (memcpy)
/usr/lib/gcc/arm-none-eabi/8.3.1/../../../arm-none-eabi/lib/thumb/v7e-m+fp/hard/libc_nano.a(lib_a-memset.o)
                              /usr/lib/gcc/arm-none-eabi/8.3.1/../../../arm-none-eabi/lib/thumb/v7e-m+fp/hard/crt0.o (memset)
/usr/lib/gcc/arm-none-eabi/8.3.1/../../../arm-none-eabi/lib/thumb/v7e-m+fp/hard/libc_nano.a(lib_a-nano-freer.o)
                              /usr/lib/gcc/arm-none-eabi/8.3.1/../../../arm-none-eabi/lib/thumb/v7e-m+fp/hard/libc_nano.a(lib_a-malloc.o) (_free_r)
/usr/lib/gcc/arm-none-eabi/8.3.1/../../../arm-none-eabi/lib/thumb/v7e-m+fp/hard/libc_nano.a(lib_a-nano-mallocr.o)
                              /usr/lib/gcc/arm-none-eabi/8.3.1/../../../arm-none-eabi/lib/thumb/v7e-m+fp/hard/libc_nano.a(lib_a-malloc.o) (_malloc_r)
/usr/lib/gcc/arm-none-eabi/8.3.1/../../../arm-none-eabi/lib/thumb/v7e-m+fp/hard/libc_nano.a(lib_a-nano-vfprintf.o)
                              /usr/lib/gcc/arm-none-eabi/8.3.1/../../../arm-none-eabi/lib/thumb/v7e-m+fp/hard/libc_nano.a(lib_a-fprintf.o) (_vfprintf_r)
/usr/lib/gcc/arm-none-eabi/8.3.1/../../../arm-none-eabi/lib/thumb/v7e-m+fp/hard/libc_nano.a(lib_a-nano-vfprintf_float.o)
                              /usr/lib/gcc/arm-none-eabi/8.3.1/../../../arm-none-eabi/lib/thumb/v7e-m+fp/hard/libc_nano.a(lib_a-nano-vfprintf.o) (_printf_float)
/usr/lib/gcc/arm-none-eabi/8.3.1/../../../arm-none-eabi/lib/thumb/v7e-m+fp/hard/libc_nano.a(lib_a-nano-vfprintf_i.o)
                              /usr/lib/gcc/arm-none-eabi/8.3.1/../../../arm-none-eabi/lib/thumb/v7e-m+fp/hard/libc_nano.a(lib_a-nano-vfprintf_float.o) (_printf_common)
/usr/lib/gcc/arm-none-eabi/8.3.1/../../../arm-none-eabi/lib/thumb/v7e-m+fp/hard/libc_nano.a(lib_a-printf.o)
                              build/main.o (printf)
/usr/lib/gcc/arm-none-eabi/8.3.1/../../../arm-none-eabi/lib/thumb/v7e-m+fp/hard/libc_nano.a(lib_a-putchar.o)
                              build/main.o (putchar)
/usr/lib/gcc/arm-none-eabi/8.3.1/../../../arm-none-eabi/lib/thumb/v7e-m+fp/hard/libc_nano.a(lib_a-sbrkr.o)
                              /usr/lib/gcc/arm-none-eabi/8.3.1/../../../arm-none-eabi/lib/thumb/v7e-m+fp/hard/libc_nano.a(lib_a-nano-mallocr.o) (_sbrk_r)
/usr/lib/gcc/arm-none-eabi/8.3.1/../../../arm-none-eabi/lib/thumb/v7e-m+fp/hard/libc_nano.a(lib_a-setvbuf.o)
                              build/retarget.o (setvbuf)
/usr/lib/gcc/arm-none-eabi/8.3.1/../../../arm-none-eabi/lib/thumb/v7e-m+fp/hard/libc_nano.a(lib_a-signal.o)
                              /usr/lib/gcc/arm-none-eabi/8.3.1/../../../arm-none-eabi/lib/thumb/v7e-m+fp/hard/libc_nano.a(lib_a-abort.o) (raise)
[...]
Memory Configuration

Name             Origin             Length             Attributes
FLASH            0x0000000008000000 0x0000000000080000 xr
RAM1             0x0000000020000008 0x000000000002fff8 xrw
RAM_SHARED       0x0000000020030000 0x0000000000002800 xrw
*default*        0x0000000000000000 0xffffffffffffffff

Linker script and memory map

LOAD /usr/lib/gcc/arm-none-eabi/8.3.1/thumb/v7e-m+fp/hard/crti.o
LOAD /usr/lib/gcc/arm-none-eabi/8.3.1/thumb/v7e-m+fp/hard/crtbegin.o
LOAD /usr/lib/gcc/arm-none-eabi/8.3.1/../../../arm-none-eabi/lib/thumb/v7e-m+fp/hard/crt0.o
LOAD build/retarget.o
LOAD build/main.o
LOAD build/encrypt.o
LOAD build/sha256.o
LOAD build/aes.o
LOAD build/app_freertos.o
LOAD build/stm32wbxx_it.o
LOAD build/stm32wbxx_hal_msp.o
LOAD build/stm32wbxx_hal_timebase_tim.o
LOAD build/stm32wbxx_hal_rcc.o
LOAD build/stm32wbxx_hal_rcc_ex.o
LOAD build/stm32wbxx_hal_flash.o
LOAD build/stm32wbxx_hal_flash_ex.o
LOAD build/stm32wbxx_hal_gpio.o
LOAD build/stm32wbxx_hal_hsem.o
LOAD build/stm32wbxx_hal_dma.o
LOAD build/stm32wbxx_hal_dma_ex.o
LOAD build/stm32wbxx_hal_pwr.o
LOAD build/stm32wbxx_hal_pwr_ex.o
LOAD build/stm32wbxx_hal_cortex.o
LOAD build/stm32wbxx_hal.o
LOAD build/stm32wbxx_hal_exti.o
LOAD build/stm32wbxx_hal_uart.o
LOAD build/stm32wbxx_hal_uart_ex.o
LOAD build/stm32wbxx_hal_tim.o
LOAD build/stm32wbxx_hal_tim_ex.o
LOAD build/system_stm32wbxx.o
LOAD build/croutine.o
LOAD build/event_groups.o
LOAD build/list.o
LOAD build/queue.o
LOAD build/stream_buffer.o
LOAD build/tasks.o
LOAD build/timers.o
LOAD build/cmsis_os2.o
LOAD build/heap_4.o
LOAD build/port.o
LOAD build/startup_stm32wb55xx_cm4.o
LOAD secp256k1/src/libsecp256k1_la-secp256k1.o
LOAD /usr/lib/gcc/arm-none-eabi/8.3.1/../../../arm-none-eabi/lib/thumb/v7e-m+fp/hard/libc_nano.a
LOAD /usr/lib/gcc/arm-none-eabi/8.3.1/../../../arm-none-eabi/lib/thumb/v7e-m+fp/hard/libm.a
LOAD /usr/lib/gcc/arm-none-eabi/8.3.1/../../../arm-none-eabi/lib/thumb/v7e-m+fp/hard/libnosys.a
LOAD /usr/lib/gcc/arm-none-eabi/8.3.1/../../../arm-none-eabi/lib/thumb/v7e-m+fp/hard/librdimon_nano.a
START GROUP
LOAD /usr/lib/gcc/arm-none-eabi/8.3.1/thumb/v7e-m+fp/hard/libgcc.a
LOAD /usr/lib/gcc/arm-none-eabi/8.3.1/../../../arm-none-eabi/lib/thumb/v7e-m+fp/hard/libc_nano.a
END GROUP
START GROUP
LOAD /usr/lib/gcc/arm-none-eabi/8.3.1/thumb/v7e-m+fp/hard/libgcc.a
LOAD /usr/lib/gcc/arm-none-eabi/8.3.1/../../../arm-none-eabi/lib/thumb/v7e-m+fp/hard/libc_nano.a
LOAD /usr/lib/gcc/arm-none-eabi/8.3.1/../../../arm-none-eabi/lib/thumb/v7e-m+fp/hard/libnosys.a
END GROUP
START GROUP
LOAD /usr/lib/gcc/arm-none-eabi/8.3.1/thumb/v7e-m+fp/hard/libgcc.a
LOAD /usr/lib/gcc/arm-none-eabi/8.3.1/../../../arm-none-eabi/lib/thumb/v7e-m+fp/hard/libc_nano.a
LOAD /usr/lib/gcc/arm-none-eabi/8.3.1/../../../arm-none-eabi/lib/thumb/v7e-m+fp/hard/libnosys.a
END GROUP
LOAD /usr/lib/gcc/arm-none-eabi/8.3.1/thumb/v7e-m+fp/hard/crtend.o
LOAD /usr/lib/gcc/arm-none-eabi/8.3.1/thumb/v7e-m+fp/hard/crtn.o
                0x0000000020030000                _estack = 0x20030000
                0x0000000000000200                _Min_Heap_Size = 0x200
                0x0000000000000400                _Min_Stack_Size = 0x400

.isr_vector     0x0000000008000000      0x13c
                0x0000000008000000                . = ALIGN (0x4)
 *(.isr_vector)
 .isr_vector    0x0000000008000000      0x13c build/startup_stm32wb55xx_cm4.o
                0x0000000008000000                g_pfnVectors
                0x000000000800013c                . = ALIGN (0x4)

.text           0x0000000008000140    0x13c6c
                0x0000000008000140                . = ALIGN (0x4)
 *(.text)
 .text          0x0000000008000140       0x88 /usr/lib/gcc/arm-none-eabi/8.3.1/thumb/v7e-m+fp/hard/crtbegin.o
 .text          0x00000000080001c8       0x10 /usr/lib/gcc/arm-none-eabi/8.3.1/../../../arm-none-eabi/lib/thumb/v7e-m+fp/hard/libc_nano.a(lib_a-abort.o)
                0x00000000080001c8                abort
 .text          0x00000000080001d8        0xc /usr/lib/gcc/arm-none-eabi/8.3.1/../../../arm-none-eabi/lib/thumb/v7e-m+fp/hard/libc_nano.a(lib_a-errno.o)
                0x00000000080001d8                __errno
 .text          0x00000000080001e4       0x44 /usr/lib/gcc/arm-none-eabi/8.3.1/../../../arm-none-eabi/lib/thumb/v7e-m+fp/hard/libc_nano.a(lib_a-fprintf.o)
                0x00000000080001e4                _fprintf_r
                0x00000000080001e4                _fiprintf_r
                0x0000000008000200                fprintf
                0x0000000008000200                fiprintf
 .text          0x0000000008000228       0x48 /usr/lib/gcc/arm-none-eabi/8.3.1/../../../arm-none-eabi/lib/thumb/v7e-m+fp/hard/libc_nano.a(lib_a-init.o)
                0x0000000008000228                __libc_init_array
 .text          0x0000000008000270       0x20 /usr/lib/gcc/arm-none-eabi/8.3.1/../../../arm-none-eabi/lib/thumb/v7e-m+fp/hard/libc_nano.a(lib_a-malloc.o)
                0x0000000008000270                malloc
                0x0000000008000280                free
 .text          0x0000000008000290      0x134 /usr/lib/gcc/arm-none-eabi/8.3.1/../../../arm-none-eabi/lib/thumb/v7e-m+fp/hard/libc_nano.a(lib_a-memcpy.o)
                0x0000000008000290                memcpy
 .text          0x00000000080003c4       0xa0 /usr/lib/gcc/arm-none-eabi/8.3.1/../../../arm-none-eabi/lib/thumb/v7e-m+fp/hard/libc_nano.a(lib_a-memset.o)
                0x00000000080003c4                memset
 .text          0x0000000008000464       0xac /usr/lib/gcc/arm-none-eabi/8.3.1/../../../arm-none-eabi/lib/thumb/v7e-m+fp/hard/libc_nano.a(lib_a-nano-freer.o)
                0x0000000008000464                _free_r
 .text          0x0000000008000510       0xc8 /usr/lib/gcc/arm-none-eabi/8.3.1/../../../arm-none-eabi/lib/thumb/v7e-m+fp/hard/libc_nano.a(lib_a-nano-mallocr.o)
                0x0000000008000510                _malloc_r
 .text          0x00000000080005d8      0x364 /usr/lib/gcc/arm-none-eabi/8.3.1/../../../arm-none-eabi/lib/thumb/v7e-m+fp/hard/libc_nano.a(lib_a-nano-vfprintf.o)
                0x0000000008000614                __sfputs_r
                0x0000000008000644                __sprint_r
                0x0000000008000660                _vfiprintf_r
                0x0000000008000660                _vfprintf_r
                0x0000000008000924                vfiprintf
                0x0000000008000924                vfprintf
 .text          0x000000000800093c      0x6b8 /usr/lib/gcc/arm-none-eabi/8.3.1/../../../arm-none-eabi/lib/thumb/v7e-m+fp/hard/libc_nano.a(lib_a-nano-vfprintf_float.o)
                0x000000000800093c                __cvt
                0x0000000008000a38                __exponent
                0x0000000008000ac4                _printf_float
 .text          0x0000000008000ff4      0x3c4 /usr/lib/gcc/arm-none-eabi/8.3.1/../../../arm-none-eabi/lib/thumb/v7e-m+fp/hard/libc_nano.a(lib_a-nano-vfprintf_i.o)
                0x0000000008000ff4                _printf_common
                0x0000000008001120                _printf_i
 .text          0x00000000080013b8       0x68 /usr/lib/gcc/arm-none-eabi/8.3.1/../../../arm-none-eabi/lib/thumb/v7e-m+fp/hard/libc_nano.a(lib_a-printf.o)
                0x00000000080013b8                _printf_r
                0x00000000080013b8                _iprintf_r
                0x00000000080013e8                printf
                0x00000000080013e8                iprintf
 .text          0x0000000008001420       0x58 /usr/lib/gcc/arm-none-eabi/8.3.1/../../../arm-none-eabi/lib/thumb/v7e-m+fp/hard/libc_nano.a(lib_a-putchar.o)
                0x0000000008001420                _putchar_r
                0x0000000008001444                putchar
 .text          0x0000000008001478       0x24 /usr/lib/gcc/arm-none-eabi/8.3.1/../../../arm-none-eabi/lib/thumb/v7e-m+fp/hard/libc_nano.a(lib_a-sbrkr.o)
                0x0000000008001478                _sbrk_r
 .text          0x000000000800149c      0x178 /usr/lib/gcc/arm-none-eabi/8.3.1/../../../arm-none-eabi/lib/thumb/v7e-m+fp/hard/libc_nano.a(lib_a-setvbuf.o)
                0x000000000800149c                setvbuf
 .text          0x0000000008001614      0x150 /usr/lib/gcc/arm-none-eabi/8.3.1/../../../arm-none-eabi/lib/thumb/v7e-m+fp/hard/libc_nano.a(lib_a-signal.o)
                0x000000000800163c                _init_signal_r
                0x0000000008001648                _signal_r
                0x000000000800167c                _raise_r
                0x00000000080016d0                __sigtramp_r
                0x0000000008001720                raise
                0x0000000008001730                signal
                0x0000000008001740                _init_signal
                0x0000000008001754                __sigtramp
 .text          0x0000000008001764       0x2c /usr/lib/gcc/arm-none-eabi/8.3.1/../../../arm-none-eabi/lib/thumb/v7e-m+fp/hard/libc_nano.a(lib_a-signalr.o)
                0x0000000008001764                _kill_r
                0x000000000800178c                _getpid_r
 *fill*         0x0000000008001790       0x30 
 .text          0x00000000080017c0       0xdc /usr/lib/gcc/arm-none-eabi/8.3.1/../../../arm-none-eabi/lib/thumb/v7e-m+fp/hard/libc_nano.a(lib_a-strlen.o)
                0x00000000080017c0                strlen
 .text          0x000000000800189c       0xc0 /usr/lib/gcc/arm-none-eabi/8.3.1/../../../arm-none-eabi/lib/thumb/v7e-m+fp/hard/libc_nano.a(lib_a-wbuf.o)
                0x000000000800189c                __swbuf_r
                0x000000000800194c                __swbuf
 .text          0x000000000800195c      0x100 /usr/lib/gcc/arm-none-eabi/8.3.1/../../../arm-none-eabi/lib/thumb/v7e-m+fp/hard/libc_nano.a(lib_a-wsetup.o)
                0x000000000800195c                __swsetup_r
 *fill*         0x0000000008001a5c        0x4 
 .text          0x0000000008001a60      0xffc /usr/lib/gcc/arm-none-eabi/8.3.1/../../../arm-none-eabi/lib/thumb/v7e-m+fp/hard/libc_nano.a(lib_a-dtoa.o)
                0x0000000008001b84                _dtoa_r
 .text          0x0000000008002a5c      0x1b0 /usr/lib/gcc/arm-none-eabi/8.3.1/../../../arm-none-eabi/lib/thumb/v7e-m+fp/hard/libc_nano.a(lib_a-fflush.o)
                0x0000000008002a5c                __sflush_r
                0x0000000008002b88                _fflush_r
                0x0000000008002be8                fflush
 .text          0x0000000008002c0c      0x210 /usr/lib/gcc/arm-none-eabi/8.3.1/../../../arm-none-eabi/lib/thumb/v7e-m+fp/hard/libc_nano.a(lib_a-findfp.o)
                0x0000000008002c10                _cleanup_r
                0x0000000008002c20                __sfmoreglue
                0x0000000008002c50                __sfp
                0x0000000008002dc8                _cleanup
                0x0000000008002ddc                __sinit
                0x0000000008002de4                __sfp_lock_acquire
                0x0000000008002de8                __sfp_lock_release
                0x0000000008002dec                __sinit_lock_acquire
                0x0000000008002df0                __sinit_lock_release
                0x0000000008002df4                __fp_lock_all
                0x0000000008002e08                __fp_unlock_all
 .text          0x0000000008002e1c      0x308 /usr/lib/gcc/arm-none-eabi/8.3.1/../../../arm-none-eabi/lib/thumb/v7e-m+fp/hard/libc_nano.a(lib_a-fvwrite.o)
                0x0000000008002e1c                __sfvwrite_r
 .text          0x0000000008003124       0xa0 /usr/lib/gcc/arm-none-eabi/8.3.1/../../../arm-none-eabi/lib/thumb/v7e-m+fp/hard/libc_nano.a(lib_a-fwalk.o)
                0x0000000008003124                _fwalk
                0x0000000008003170                _fwalk_reent
 .text          0x00000000080031c4       0x14 /usr/lib/gcc/arm-none-eabi/8.3.1/../../../arm-none-eabi/lib/thumb/v7e-m+fp/hard/libc_nano.a(lib_a-localeconv.o)
                0x00000000080031c4                __localeconv_l
                0x00000000080031c8                _localeconv_r
                0x00000000080031d0                localeconv
 .text          0x00000000080031d8       0xf0 /usr/lib/gcc/arm-none-eabi/8.3.1/../../../arm-none-eabi/lib/thumb/v7e-m+fp/hard/libc_nano.a(lib_a-makebuf.o)
                0x00000000080031d8                __swhatbuf_r
                0x0000000008003234                __smakebuf_r
 *fill*         0x00000000080032c8        0x8 
 .text          0x00000000080032d0       0xa0 /usr/lib/gcc/arm-none-eabi/8.3.1/../../../arm-none-eabi/lib/thumb/v7e-m+fp/hard/libc_nano.a(lib_a-memchr.o)
                0x00000000080032d0                memchr
 .text          0x0000000008003370       0xd0 /usr/lib/gcc/arm-none-eabi/8.3.1/../../../arm-none-eabi/lib/thumb/v7e-m+fp/hard/libc_nano.a(lib_a-memmove.o)
                0x0000000008003370                memmove
 .text          0x0000000008003440        0x8 /usr/lib/gcc/arm-none-eabi/8.3.1/../../../arm-none-eabi/lib/thumb/v7e-m+fp/hard/libc_nano.a(lib_a-mlock.o)
                0x0000000008003440                __malloc_lock
                0x0000000008003444                __malloc_unlock
 .text          0x0000000008003448      0xa38 /usr/lib/gcc/arm-none-eabi/8.3.1/../../../arm-none-eabi/lib/thumb/v7e-m+fp/hard/libc_nano.a(lib_a-mprec.o)
                0x0000000008003448                _Balloc
                0x00000000080034c8                _Bfree
                0x0000000008003514                __multadd
                0x00000000080035b4                __s2b
                0x0000000008003660                __hi0bits
                0x00000000080036a0                __lo0bits
                0x0000000008003700                __i2b
                0x000000000800372c                __multiply
                0x0000000008003878                __pow5mult
                0x000000000800393c                __lshift
                0x0000000008003a04                __mcmp
                0x0000000008003a3c                __mdiff
                0x0000000008003b64                __ulp
                0x0000000008003bb4                __b2d
                0x0000000008003c6c                __d2b
                0x0000000008003d40                __ratio
                0x0000000008003da0                _mprec_log10
                0x0000000008003de0                __copybits
                0x0000000008003e28                __any_on
 .text          0x0000000008003e80       0x1c /usr/lib/gcc/arm-none-eabi/8.3.1/../../../arm-none-eabi/lib/thumb/v7e-m+fp/hard/libc_nano.a(lib_a-nano-callocr.o)
                0x0000000008003e80                _calloc_r
 .text          0x0000000008003e9c       0x4c /usr/lib/gcc/arm-none-eabi/8.3.1/../../../arm-none-eabi/lib/thumb/v7e-m+fp/hard/libc_nano.a(lib_a-nano-reallocr.o)
                0x0000000008003e9c                _realloc_r
 .text          0x0000000008003ee8      0x10c /usr/lib/gcc/arm-none-eabi/8.3.1/../../../arm-none-eabi/lib/thumb/v7e-m+fp/hard/libc_nano.a(lib_a-putc.o)
                0x0000000008003ee8                _putc_r
                0x0000000008003f68                putc
 .text          0x0000000008003ff4       0x90 /usr/lib/gcc/arm-none-eabi/8.3.1/../../../arm-none-eabi/lib/thumb/v7e-m+fp/hard/libc_nano.a(lib_a-stdio.o)
                0x0000000008003ff4                __sread
                0x0000000008004018                __seofread
                0x000000000800401c                __swrite
                0x000000000800405c                __sseek
                0x000000000800407c                __sclose
 .text          0x0000000008004084       0x2c /usr/lib/gcc/arm-none-eabi/8.3.1/../../../arm-none-eabi/lib/thumb/v7e-m+fp/hard/libc_nano.a(lib_a-writer.o)
                0x0000000008004084                _write_r
 .text          0x00000000080040b0       0x48 /usr/lib/gcc/arm-none-eabi/8.3.1/../../../arm-none-eabi/lib/thumb/v7e-m+fp/hard/libc_nano.a(lib_a-assert.o)
                0x00000000080040b0                __assert_func
                0x00000000080040ec                __assert
 .text          0x00000000080040f8       0x24 /usr/lib/gcc/arm-none-eabi/8.3.1/../../../arm-none-eabi/lib/thumb/v7e-m+fp/hard/libc_nano.a(lib_a-closer.o)
                0x00000000080040f8                _close_r
 .text          0x000000000800411c       0x28 /usr/lib/gcc/arm-none-eabi/8.3.1/../../../arm-none-eabi/lib/thumb/v7e-m+fp/hard/libc_nano.a(lib_a-fstatr.o)
                0x000000000800411c                _fstat_r
 .text          0x0000000008004144       0x24 /usr/lib/gcc/arm-none-eabi/8.3.1/../../../arm-none-eabi/lib/thumb/v7e-m+fp/hard/libc_nano.a(lib_a-isattyr.o)
                0x0000000008004144                _isatty_r
 .text          0x0000000008004168       0x2c /usr/lib/gcc/arm-none-eabi/8.3.1/../../../arm-none-eabi/lib/thumb/v7e-m+fp/hard/libc_nano.a(lib_a-lseekr.o)
                0x0000000008004168                _lseek_r
 .text          0x0000000008004194       0x40 /usr/lib/gcc/arm-none-eabi/8.3.1/../../../arm-none-eabi/lib/thumb/v7e-m+fp/hard/libc_nano.a(lib_a-mbtowc_r.o)
                0x0000000008004194                _mbtowc_r
                0x00000000080041a8                __ascii_mbtowc
 .text          0x00000000080041d4       0x10 /usr/lib/gcc/arm-none-eabi/8.3.1/../../../arm-none-eabi/lib/thumb/v7e-m+fp/hard/libc_nano.a(lib_a-nano-msizer.o)
                0x00000000080041d4                _malloc_usable_size_r
 .text          0x00000000080041e4       0x2c /usr/lib/gcc/arm-none-eabi/8.3.1/../../../arm-none-eabi/lib/thumb/v7e-m+fp/hard/libc_nano.a(lib_a-readr.o)
                0x00000000080041e4                _read_r
 .text          0x0000000008004210       0x30 /usr/lib/gcc/arm-none-eabi/8.3.1/../../../arm-none-eabi/lib/thumb/v7e-m+fp/hard/libc_nano.a(lib_a-wctomb_r.o)
                0x0000000008004210                _wctomb_r
                0x0000000008004224                __ascii_wctomb
 .text          0x0000000008004240       0x10 /usr/lib/gcc/arm-none-eabi/8.3.1/../../../arm-none-eabi/lib/thumb/v7e-m+fp/hard/libnosys.a(getpid.o)
                0x0000000008004240                _getpid
 .text          0x0000000008004250       0x10 /usr/lib/gcc/arm-none-eabi/8.3.1/../../../arm-none-eabi/lib/thumb/v7e-m+fp/hard/libnosys.a(kill.o)
                0x0000000008004250                _kill
 .text          0x0000000008004260       0x1c /usr/lib/gcc/arm-none-eabi/8.3.1/../../../arm-none-eabi/lib/thumb/v7e-m+fp/hard/libnosys.a(sbrk.o)
                0x0000000008004260                _sbrk
 .text          0x000000000800427c        0x4 /usr/lib/gcc/arm-none-eabi/8.3.1/../../../arm-none-eabi/lib/thumb/v7e-m+fp/hard/libnosys.a(_exit.o)
                0x000000000800427c                _exit
 .text          0x0000000008004280      0x378 /usr/lib/gcc/arm-none-eabi/8.3.1/thumb/v7e-m+fp/hard/libgcc.a(_arm_addsubdf3.o)
                0x0000000008004280                __aeabi_drsub
                0x0000000008004288                __aeabi_dsub
                0x0000000008004288                __subdf3
                0x000000000800428c                __adddf3
                0x000000000800428c                __aeabi_dadd
                0x0000000008004504                __aeabi_ui2d
                0x0000000008004504                __floatunsidf
                0x0000000008004524                __floatsidf
                0x0000000008004524                __aeabi_i2d
                0x0000000008004548                __extendsfdf2
                0x0000000008004548                __aeabi_f2d
                0x000000000800458c                __aeabi_ul2d
                0x000000000800458c                __floatundidf
                0x000000000800459c                __floatdidf
                0x000000000800459c                __aeabi_l2d
 .text          0x00000000080045f8      0x424 /usr/lib/gcc/arm-none-eabi/8.3.1/thumb/v7e-m+fp/hard/libgcc.a(_arm_muldivdf3.o)
                0x00000000080045f8                __aeabi_dmul
                0x00000000080045f8                __muldf3
                0x000000000800484c                __aeabi_ddiv
                0x000000000800484c                __divdf3
 .text          0x0000000008004a1c      0x110 /usr/lib/gcc/arm-none-eabi/8.3.1/thumb/v7e-m+fp/hard/libgcc.a(_arm_cmpdf2.o)
                0x0000000008004a1c                __gtdf2
                0x0000000008004a1c                __gedf2
                0x0000000008004a24                __ltdf2
                0x0000000008004a24                __ledf2
                0x0000000008004a2c                __cmpdf2
                0x0000000008004a2c                __eqdf2
                0x0000000008004a2c                __nedf2
                0x0000000008004aa8                __aeabi_cdrcmple
                0x0000000008004ab8                __aeabi_cdcmple
                0x0000000008004ab8                __aeabi_cdcmpeq
                0x0000000008004ac8                __aeabi_dcmpeq
                0x0000000008004adc                __aeabi_dcmplt
                0x0000000008004af0                __aeabi_dcmple
                0x0000000008004b04                __aeabi_dcmpge
                0x0000000008004b18                __aeabi_dcmpgt
 .text          0x0000000008004b2c       0x2c /usr/lib/gcc/arm-none-eabi/8.3.1/thumb/v7e-m+fp/hard/libgcc.a(_arm_unorddf2.o)
                0x0000000008004b2c                __aeabi_dcmpun
                0x0000000008004b2c                __unorddf2
 .text          0x0000000008004b58       0x50 /usr/lib/gcc/arm-none-eabi/8.3.1/thumb/v7e-m+fp/hard/libgcc.a(_arm_fixdfsi.o)
                0x0000000008004b58                __fixdfsi
                0x0000000008004b58                __aeabi_d2iz
 .text          0x0000000008004ba8       0x30 /usr/lib/gcc/arm-none-eabi/8.3.1/thumb/v7e-m+fp/hard/libgcc.a(_aeabi_uldivmod.o)
                0x0000000008004ba8                __aeabi_uldivmod
 .text          0x0000000008004bd8      0x2d0 /usr/lib/gcc/arm-none-eabi/8.3.1/thumb/v7e-m+fp/hard/libgcc.a(_udivmoddi4.o)
                0x0000000008004bd8                __udivmoddi4
 .text          0x0000000008004ea8        0x4 /usr/lib/gcc/arm-none-eabi/8.3.1/thumb/v7e-m+fp/hard/libgcc.a(_dvmd_tls.o)
                0x0000000008004ea8                __aeabi_ldiv0
                0x0000000008004ea8                __aeabi_idiv0
 *(.text*)
 .text.RetargetInit
                0x0000000008004eac       0x20 build/retarget.o
                0x0000000008004eac                RetargetInit
 .text._isatty  0x0000000008004ecc       0x16 build/retarget.o
                0x0000000008004ecc                _isatty
 *fill*         0x0000000008004ee2        0x2 
 .text._write   0x0000000008004ee4       0x94 build/retarget.o
                0x0000000008004ee4                _write
 .text._close   0x0000000008004f78       0x18 build/retarget.o
                0x0000000008004f78                _close
 .text._lseek   0x0000000008004f90       0x10 build/retarget.o
                0x0000000008004f90                _lseek
 .text._read    0x0000000008004fa0       0x30 build/retarget.o
                0x0000000008004fa0                _read
 .text._fstat   0x0000000008004fd0       0x1a build/retarget.o
                0x0000000008004fd0                _fstat
 *fill*         0x0000000008004fea        0x2 
 .text.MX_GPIO_Init
                0x0000000008004fec       0xe0 build/main.o
 .text.StartDefaultTask
                0x00000000080050cc       0xa4 build/main.o
                0x00000000080050cc                StartDefaultTask
 .text.HAL_TIM_PeriodElapsedCallback
                0x0000000008005170       0x18 build/main.o
                0x0000000008005170                HAL_TIM_PeriodElapsedCallback
 .text.Error_Handler
                0x0000000008005188        0x4 build/main.o
                0x0000000008005188                Error_Handler
 .text.MX_USART1_UART_Init
                0x000000000800518c       0x60 build/main.o
 .text.SystemClock_Config
                0x00000000080051ec       0xa8 build/main.o
                0x00000000080051ec                SystemClock_Config
 .text.main     0x0000000008005294       0x40 build/main.o
                0x0000000008005294                main
 .text.SHA256Transform
                0x00000000080052d4      0x140 build/sha256.o
                0x00000000080052d4                SHA256Transform
 .text.SHA256Init
                0x0000000008005414       0x50 build/sha256.o
                0x0000000008005414                SHA256Init
 .text.SHA256Update
                0x0000000008005464       0x44 build/sha256.o
                0x0000000008005464                SHA256Update
 .text.SHA256Final
                0x00000000080054a8       0xee build/sha256.o
                0x00000000080054a8                SHA256Final
 .text.SHA256   0x0000000008005596       0x2a build/sha256.o
                0x0000000008005596                SHA256
 .text.NMI_Handler
                0x00000000080055c0        0x2 build/stm32wbxx_it.o
                0x00000000080055c0                NMI_Handler
 .text.HardFault_Handler
                0x00000000080055c2        0x2 build/stm32wbxx_it.o
                0x00000000080055c2                HardFault_Handler
 .text.MemManage_Handler
                0x00000000080055c4        0x2 build/stm32wbxx_it.o
                0x00000000080055c4                MemManage_Handler
 .text.BusFault_Handler
                0x00000000080055c6        0x2 build/stm32wbxx_it.o
                0x00000000080055c6                BusFault_Handler
 .text.UsageFault_Handler
                0x00000000080055c8        0x2 build/stm32wbxx_it.o
                0x00000000080055c8                UsageFault_Handler
 .text.DebugMon_Handler
                0x00000000080055ca        0x2 build/stm32wbxx_it.o
                0x00000000080055ca                DebugMon_Handler
 .text.TIM1_UP_TIM16_IRQHandler
                0x00000000080055cc       0x10 build/stm32wbxx_it.o
                0x00000000080055cc                TIM1_UP_TIM16_IRQHandler
 .text.USART1_IRQHandler
                0x00000000080055dc       0x10 build/stm32wbxx_it.o
                0x00000000080055dc                USART1_IRQHandler
 .text.HAL_MspInit
                0x00000000080055ec       0x10 build/stm32wbxx_hal_msp.o
                0x00000000080055ec                HAL_MspInit
 .text.HAL_UART_MspInit
                0x00000000080055fc       0x74 build/stm32wbxx_hal_msp.o
                0x00000000080055fc                HAL_UART_MspInit
 .text.HAL_InitTick
                0x0000000008005670       0x78 build/stm32wbxx_hal_timebase_tim.o
                0x0000000008005670                HAL_InitTick
 .text.RCC_SetFlashLatency
                0x00000000080056e8       0xbc build/stm32wbxx_hal_rcc.o
 .text.RCC_SetFlashLatencyFromMSIRange
                0x00000000080057a4       0x4c build/stm32wbxx_hal_rcc.o
 .text.HAL_RCC_GetSysClockFreq
                0x00000000080057f0       0xc0 build/stm32wbxx_hal_rcc.o
                0x00000000080057f0                HAL_RCC_GetSysClockFreq
 .text.HAL_RCC_GetHCLKFreq
                0x00000000080058b0       0x20 build/stm32wbxx_hal_rcc.o
                0x00000000080058b0                HAL_RCC_GetHCLKFreq
 .text.HAL_RCC_OscConfig
                0x00000000080058d0      0x72c build/stm32wbxx_hal_rcc.o
                0x00000000080058d0                HAL_RCC_OscConfig
 .text.HAL_RCC_ClockConfig
                0x0000000008005ffc      0x264 build/stm32wbxx_hal_rcc.o
                0x0000000008005ffc                HAL_RCC_ClockConfig
 .text.HAL_RCC_GetPCLK1Freq
                0x0000000008006260       0x24 build/stm32wbxx_hal_rcc.o
                0x0000000008006260                HAL_RCC_GetPCLK1Freq
 .text.HAL_RCC_GetPCLK2Freq
                0x0000000008006284       0x24 build/stm32wbxx_hal_rcc.o
                0x0000000008006284                HAL_RCC_GetPCLK2Freq
 .text.HAL_RCC_GetClockConfig
                0x00000000080062a8       0x4c build/stm32wbxx_hal_rcc.o
                0x00000000080062a8                HAL_RCC_GetClockConfig
 .text.RCCEx_PLLSAI1_ConfigNP
                0x00000000080062f4       0x8e build/stm32wbxx_hal_rcc_ex.o
 .text.RCCEx_PLLSAI1_ConfigNQ
                0x0000000008006382       0x8e build/stm32wbxx_hal_rcc_ex.o
 .text.RCCEx_PLLSAI1_ConfigNR
                0x0000000008006410       0x8e build/stm32wbxx_hal_rcc_ex.o
 .text.HAL_RCCEx_PeriphCLKConfig
                0x000000000800649e      0x31e build/stm32wbxx_hal_rcc_ex.o
                0x000000000800649e                HAL_RCCEx_PeriphCLKConfig
 .text.HAL_GPIO_Init
                0x00000000080067bc      0x188 build/stm32wbxx_hal_gpio.o
                0x00000000080067bc                HAL_GPIO_Init
 .text.HAL_GPIO_WritePin
                0x0000000008006944        0xa build/stm32wbxx_hal_gpio.o
                0x0000000008006944                HAL_GPIO_WritePin
 .text.HAL_DMA_Abort
                0x000000000800694e       0x74 build/stm32wbxx_hal_dma.o
                0x000000000800694e                HAL_DMA_Abort
 .text.HAL_DMA_Abort_IT
                0x00000000080069c2       0x72 build/stm32wbxx_hal_dma.o
                0x00000000080069c2                HAL_DMA_Abort_IT
 .text.HAL_PWR_EnableBkUpAccess
                0x0000000008006a34       0x10 build/stm32wbxx_hal_pwr.o
                0x0000000008006a34                HAL_PWR_EnableBkUpAccess
 .text.HAL_PWREx_GetVoltageRange
                0x0000000008006a44       0x10 build/stm32wbxx_hal_pwr_ex.o
                0x0000000008006a44                HAL_PWREx_GetVoltageRange
 .text.HAL_NVIC_SetPriorityGrouping
                0x0000000008006a54       0x24 build/stm32wbxx_hal_cortex.o
                0x0000000008006a54                HAL_NVIC_SetPriorityGrouping
 .text.HAL_NVIC_SetPriority
                0x0000000008006a78       0x68 build/stm32wbxx_hal_cortex.o
                0x0000000008006a78                HAL_NVIC_SetPriority
 .text.HAL_NVIC_EnableIRQ
                0x0000000008006ae0       0x1c build/stm32wbxx_hal_cortex.o
                0x0000000008006ae0                HAL_NVIC_EnableIRQ
 .text.HAL_Init
                0x0000000008006afc       0x2c build/stm32wbxx_hal.o
                0x0000000008006afc                HAL_Init
 .text.HAL_IncTick
                0x0000000008006b28       0x18 build/stm32wbxx_hal.o
                0x0000000008006b28                HAL_IncTick
 .text.HAL_GetTick
                0x0000000008006b40        0xc build/stm32wbxx_hal.o
                0x0000000008006b40                HAL_GetTick
 .text.HAL_GetTickPrio
                0x0000000008006b4c        0xc build/stm32wbxx_hal.o
                0x0000000008006b4c                HAL_GetTickPrio
 .text.UART_EndRxTransfer
                0x0000000008006b58       0x56 build/stm32wbxx_hal_uart.o
 .text.HAL_UART_TxCpltCallback
                0x0000000008006bae        0x2 build/stm32wbxx_hal_uart.o
                0x0000000008006bae                HAL_UART_TxCpltCallback
 .text.UART_EndTransmit_IT
                0x0000000008006bb0       0x24 build/stm32wbxx_hal_uart.o
 .text.HAL_UART_ErrorCallback
                0x0000000008006bd4        0x2 build/stm32wbxx_hal_uart.o
                0x0000000008006bd4                HAL_UART_ErrorCallback
 .text.UART_DMAAbortOnError
                0x0000000008006bd6       0x14 build/stm32wbxx_hal_uart.o
 .text.HAL_UARTEx_RxEventCallback
                0x0000000008006bea        0x2 build/stm32wbxx_hal_uart.o
                0x0000000008006bea                HAL_UARTEx_RxEventCallback
 .text.HAL_UART_IRQHandler
                0x0000000008006bec      0x330 build/stm32wbxx_hal_uart.o
                0x0000000008006bec                HAL_UART_IRQHandler
 .text.UART_SetConfig
                0x0000000008006f1c      0x26c build/stm32wbxx_hal_uart.o
                0x0000000008006f1c                UART_SetConfig
 .text.UART_AdvFeatureConfig
                0x0000000008007188       0xca build/stm32wbxx_hal_uart.o
                0x0000000008007188                UART_AdvFeatureConfig
 .text.UART_WaitOnFlagUntilTimeout
                0x0000000008007252       0xd2 build/stm32wbxx_hal_uart.o
                0x0000000008007252                UART_WaitOnFlagUntilTimeout
 .text.HAL_UART_Transmit
                0x0000000008007324       0xe0 build/stm32wbxx_hal_uart.o
                0x0000000008007324                HAL_UART_Transmit
 .text.HAL_UART_Receive
                0x0000000008007404      0x128 build/stm32wbxx_hal_uart.o
                0x0000000008007404                HAL_UART_Receive
 .text.UART_CheckIdleState
                0x000000000800752c       0x74 build/stm32wbxx_hal_uart.o
                0x000000000800752c                UART_CheckIdleState
 .text.HAL_UART_Init
                0x00000000080075a0       0x66 build/stm32wbxx_hal_uart.o
                0x00000000080075a0                HAL_UART_Init
 *fill*         0x0000000008007606        0x2 
 .text.UARTEx_SetNbDataToProcess
                0x0000000008007608       0x4c build/stm32wbxx_hal_uart_ex.o
 .text.HAL_UARTEx_WakeupCallback
                0x0000000008007654        0x2 build/stm32wbxx_hal_uart_ex.o
                0x0000000008007654                HAL_UARTEx_WakeupCallback
 .text.HAL_UARTEx_RxFifoFullCallback
                0x0000000008007656        0x2 build/stm32wbxx_hal_uart_ex.o
                0x0000000008007656                HAL_UARTEx_RxFifoFullCallback
 .text.HAL_UARTEx_TxFifoEmptyCallback
                0x0000000008007658        0x2 build/stm32wbxx_hal_uart_ex.o
                0x0000000008007658                HAL_UARTEx_TxFifoEmptyCallback
 .text.HAL_UARTEx_DisableFifoMode
                0x000000000800765a       0x3e build/stm32wbxx_hal_uart_ex.o
                0x000000000800765a                HAL_UARTEx_DisableFifoMode
 .text.HAL_UARTEx_SetTxFifoThreshold
                0x0000000008007698       0x4a build/stm32wbxx_hal_uart_ex.o
                0x0000000008007698                HAL_UARTEx_SetTxFifoThreshold
 .text.HAL_UARTEx_SetRxFifoThreshold
                0x00000000080076e2       0x4a build/stm32wbxx_hal_uart_ex.o
                0x00000000080076e2                HAL_UARTEx_SetRxFifoThreshold
 .text.HAL_TIM_Base_MspInit
                0x000000000800772c        0x2 build/stm32wbxx_hal_tim.o
                0x000000000800772c                HAL_TIM_Base_MspInit
 *fill*         0x000000000800772e        0x2 
 .text.HAL_TIM_Base_Start_IT
                0x0000000008007730       0x64 build/stm32wbxx_hal_tim.o
                0x0000000008007730                HAL_TIM_Base_Start_IT
 .text.HAL_TIM_OC_DelayElapsedCallback
                0x0000000008007794        0x2 build/stm32wbxx_hal_tim.o
                0x0000000008007794                HAL_TIM_OC_DelayElapsedCallback
 .text.HAL_TIM_IC_CaptureCallback
                0x0000000008007796        0x2 build/stm32wbxx_hal_tim.o
                0x0000000008007796                HAL_TIM_IC_CaptureCallback
 .text.HAL_TIM_PWM_PulseFinishedCallback
                0x0000000008007798        0x2 build/stm32wbxx_hal_tim.o
                0x0000000008007798                HAL_TIM_PWM_PulseFinishedCallback
 .text.HAL_TIM_TriggerCallback
                0x000000000800779a        0x2 build/stm32wbxx_hal_tim.o
                0x000000000800779a                HAL_TIM_TriggerCallback
 .text.HAL_TIM_IRQHandler
                0x000000000800779c      0x19a build/stm32wbxx_hal_tim.o
                0x000000000800779c                HAL_TIM_IRQHandler
 *fill*         0x0000000008007936        0x2 
 .text.TIM_Base_SetConfig
                0x0000000008007938       0x70 build/stm32wbxx_hal_tim.o
                0x0000000008007938                TIM_Base_SetConfig
 .text.HAL_TIM_Base_Init
                0x00000000080079a8       0x60 build/stm32wbxx_hal_tim.o
                0x00000000080079a8                HAL_TIM_Base_Init
 .text.HAL_TIMEx_CommutCallback
                0x0000000008007a08        0x2 build/stm32wbxx_hal_tim_ex.o
                0x0000000008007a08                HAL_TIMEx_CommutCallback
 .text.HAL_TIMEx_BreakCallback
                0x0000000008007a0a        0x2 build/stm32wbxx_hal_tim_ex.o
                0x0000000008007a0a                HAL_TIMEx_BreakCallback
 .text.HAL_TIMEx_Break2Callback
                0x0000000008007a0c        0x2 build/stm32wbxx_hal_tim_ex.o
                0x0000000008007a0c                HAL_TIMEx_Break2Callback
 *fill*         0x0000000008007a0e        0x2 
 .text.SystemInit
                0x0000000008007a10       0x64 build/system_stm32wbxx.o
                0x0000000008007a10                SystemInit
 .text.vListInitialise
                0x0000000008007a74       0x16 build/list.o
                0x0000000008007a74                vListInitialise
 .text.vListInitialiseItem
                0x0000000008007a8a        0x6 build/list.o
                0x0000000008007a8a                vListInitialiseItem
 .text.vListInsertEnd
                0x0000000008007a90       0x16 build/list.o
                0x0000000008007a90                vListInsertEnd
 .text.vListInsert
                0x0000000008007aa6       0x34 build/list.o
                0x0000000008007aa6                vListInsert
 .text.uxListRemove
                0x0000000008007ada       0x26 build/list.o
                0x0000000008007ada                uxListRemove
 .text.prvIsQueueFull
                0x0000000008007b00       0x1e build/queue.o
 .text.prvIsQueueEmpty
                0x0000000008007b1e       0x1a build/queue.o
 .text.prvCopyDataToQueue
                0x0000000008007b38       0x76 build/queue.o
 .text.prvCopyDataFromQueue
                0x0000000008007bae       0x24 build/queue.o
 .text.prvUnlockQueue
                0x0000000008007bd2       0x6e build/queue.o
 .text.xQueueGenericReset
                0x0000000008007c40       0x84 build/queue.o
                0x0000000008007c40                xQueueGenericReset
 .text.prvInitialiseNewQueue
                0x0000000008007cc4       0x22 build/queue.o
 .text.xQueueGenericCreateStatic
                0x0000000008007ce6       0x94 build/queue.o
                0x0000000008007ce6                xQueueGenericCreateStatic
 *fill*         0x0000000008007d7a        0x2 
 .text.xQueueGenericSend
                0x0000000008007d7c      0x180 build/queue.o
                0x0000000008007d7c                xQueueGenericSend
 .text.xQueueGenericSendFromISR
                0x0000000008007efc       0xd0 build/queue.o
                0x0000000008007efc                xQueueGenericSendFromISR
 .text.xQueueReceive
                0x0000000008007fcc      0x15c build/queue.o
                0x0000000008007fcc                xQueueReceive
 .text.vQueueAddToRegistry
                0x0000000008008128       0x28 build/queue.o
                0x0000000008008128                vQueueAddToRegistry
 .text.vQueueWaitForMessageRestricted
                0x0000000008008150       0x52 build/queue.o
                0x0000000008008150                vQueueWaitForMessageRestricted
 *fill*         0x00000000080081a2        0x2 
 .text.prvResetNextTaskUnblockTime
                0x00000000080081a4       0x2c build/tasks.o
 .text.prvInitialiseNewTask
                0x00000000080081d0       0x98 build/tasks.o
 .text.prvInitialiseTaskLists
                0x0000000008008268       0x68 build/tasks.o
 .text.prvAddNewTaskToReadyList
                0x00000000080082d0       0xac build/tasks.o
 .text.prvDeleteTCB
                0x000000000800837c       0x38 build/tasks.o
 .text.prvCheckTasksWaitingTermination
                0x00000000080083b4       0x4c build/tasks.o
 .text.prvIdleTask
                0x0000000008008400       0x28 build/tasks.o
 .text.prvAddCurrentTaskToDelayedList
                0x0000000008008428       0x7c build/tasks.o
 .text.xTaskCreateStatic
                0x00000000080084a4       0x74 build/tasks.o
                0x00000000080084a4                xTaskCreateStatic
 .text.xTaskCreate
                0x0000000008008518       0x66 build/tasks.o
                0x0000000008008518                xTaskCreate
 *fill*         0x000000000800857e        0x2 
 .text.vTaskStartScheduler
                0x0000000008008580       0x94 build/tasks.o
                0x0000000008008580                vTaskStartScheduler
 .text.vTaskSuspendAll
                0x0000000008008614       0x10 build/tasks.o
                0x0000000008008614                vTaskSuspendAll
 .text.xTaskGetTickCount
                0x0000000008008624        0xc build/tasks.o
                0x0000000008008624                xTaskGetTickCount
 .text.xTaskIncrementTick
                0x0000000008008630      0x11c build/tasks.o
                0x0000000008008630                xTaskIncrementTick
 .text.xTaskResumeAll
                0x000000000800874c       0xf8 build/tasks.o
                0x000000000800874c                xTaskResumeAll
 .text.vTaskDelay
                0x0000000008008844       0x4c build/tasks.o
                0x0000000008008844                vTaskDelay
 .text.vTaskSwitchContext
                0x0000000008008890       0x9c build/tasks.o
                0x0000000008008890                vTaskSwitchContext
 .text.vTaskPlaceOnEventList
                0x000000000800892c       0x30 build/tasks.o
                0x000000000800892c                vTaskPlaceOnEventList
 .text.vTaskPlaceOnEventListRestricted
                0x000000000800895c       0x38 build/tasks.o
                0x000000000800895c                vTaskPlaceOnEventListRestricted
 .text.xTaskRemoveFromEventList
                0x0000000008008994       0x8c build/tasks.o
                0x0000000008008994                xTaskRemoveFromEventList
 .text.vTaskInternalSetTimeOutState
                0x0000000008008a20       0x18 build/tasks.o
                0x0000000008008a20                vTaskInternalSetTimeOutState
 .text.xTaskCheckForTimeOut
                0x0000000008008a38       0x84 build/tasks.o
                0x0000000008008a38                xTaskCheckForTimeOut
 .text.vTaskMissedYield
                0x0000000008008abc        0xc build/tasks.o
                0x0000000008008abc                vTaskMissedYield
 .text.xTaskGetSchedulerState
                0x0000000008008ac8       0x20 build/tasks.o
                0x0000000008008ac8                xTaskGetSchedulerState
 .text.xTaskPriorityDisinherit
                0x0000000008008ae8       0x90 build/tasks.o
                0x0000000008008ae8                xTaskPriorityDisinherit
 .text.prvGetNextExpireTime
                0x0000000008008b78       0x20 build/timers.o
 .text.prvInsertTimerInActiveList
                0x0000000008008b98       0x48 build/timers.o
 .text.prvCheckForValidListAndQueue
                0x0000000008008be0       0x70 build/timers.o
 .text.xTimerCreateTimerTask
                0x0000000008008c50       0x64 build/timers.o
                0x0000000008008c50                xTimerCreateTimerTask
 .text.xTimerGenericCommand
                0x0000000008008cb4       0x6c build/timers.o
                0x0000000008008cb4                xTimerGenericCommand
 .text.prvSwitchTimerLists
                0x0000000008008d20       0x7c build/timers.o
 .text.prvSampleTimeNow
                0x0000000008008d9c       0x2c build/timers.o
 .text.prvProcessExpiredTimer
                0x0000000008008dc8       0x6c build/timers.o
 .text.prvProcessTimerOrBlockTask
                0x0000000008008e34       0x74 build/timers.o
 .text.prvProcessReceivedCommands
                0x0000000008008ea8      0x110 build/timers.o
 .text.prvTimerTask
                0x0000000008008fb8       0x16 build/timers.o
 *fill*         0x0000000008008fce        0x2 
 .text.SysTick_Handler
                0x0000000008008fd0       0x1c build/cmsis_os2.o
                0x0000000008008fd0                SysTick_Handler
 .text.osKernelInitialize
                0x0000000008008fec       0x24 build/cmsis_os2.o
                0x0000000008008fec                osKernelInitialize
 .text.osKernelStart
                0x0000000008009010       0x38 build/cmsis_os2.o
                0x0000000008009010                osKernelStart
 .text.osThreadNew
                0x0000000008009048       0xbc build/cmsis_os2.o
                0x0000000008009048                osThreadNew
 .text.osDelay  0x0000000008009104       0x1c build/cmsis_os2.o
                0x0000000008009104                osDelay
 .text.vApplicationGetIdleTaskMemory
                0x0000000008009120       0x18 build/cmsis_os2.o
                0x0000000008009120                vApplicationGetIdleTaskMemory
 .text.vApplicationGetTimerTaskMemory
                0x0000000008009138       0x18 build/cmsis_os2.o
                0x0000000008009138                vApplicationGetTimerTaskMemory
 .text.prvHeapInit
                0x0000000008009150       0x64 build/heap_4.o
 .text.prvInsertBlockIntoFreeList
                0x00000000080091b4       0x58 build/heap_4.o
 .text.pvPortMalloc
                0x000000000800920c      0x114 build/heap_4.o
                0x000000000800920c                pvPortMalloc
 .text.vPortFree
                0x0000000008009320       0x7c build/heap_4.o
                0x0000000008009320                vPortFree
 .text.prvTaskExitError
                0x000000000800939c       0x40 build/port.o
 .text.prvPortStartFirstTask
                0x00000000080093dc       0x28 build/port.o
 .text.vPortEnableVFP
                0x0000000008009404       0x14 build/port.o
 .text.pxPortInitialiseStack
                0x0000000008009418       0x2c build/port.o
                0x0000000008009418                pxPortInitialiseStack
 *fill*         0x0000000008009444        0xc 
 .text.SVC_Handler
                0x0000000008009450       0x24 build/port.o
                0x0000000008009450                SVC_Handler
 .text.vPortEnterCritical
                0x0000000008009474       0x44 build/port.o
                0x0000000008009474                vPortEnterCritical
 .text.vPortExitCritical
                0x00000000080094b8       0x2c build/port.o
                0x00000000080094b8                vPortExitCritical
 *fill*         0x00000000080094e4        0xc 
 .text.PendSV_Handler
                0x00000000080094f0       0x64 build/port.o
                0x00000000080094f0                PendSV_Handler
 .text.xPortSysTickHandler
                0x0000000008009554       0x2c build/port.o
                0x0000000008009554                xPortSysTickHandler
 .text.vPortSetupTimerInterrupt
                0x0000000008009580       0x38 build/port.o
                0x0000000008009580                vPortSetupTimerInterrupt
 .text.xPortStartScheduler
                0x00000000080095b8      0x110 build/port.o
                0x00000000080095b8                xPortStartScheduler
 .text.vPortValidateInterruptPriority
                0x00000000080096c8       0x5c build/port.o
                0x00000000080096c8                vPortValidateInterruptPriority
 .text.data_initializers
                0x0000000008009724       0x18 build/startup_stm32wb55xx_cm4.o
 .text.Reset_Handler
                0x000000000800973c       0x54 build/startup_stm32wb55xx_cm4.o
                0x000000000800973c                Reset_Handler
 .text.Default_Handler
                0x0000000008009790        0x2 build/startup_stm32wb55xx_cm4.o
                0x0000000008009790                RTC_Alarm_IRQHandler
                0x0000000008009790                EXTI2_IRQHandler
                0x0000000008009790                TIM1_CC_IRQHandler
                0x0000000008009790                TSC_IRQHandler
                0x0000000008009790                USB_HP_IRQHandler
                0x0000000008009790                EXTI3_IRQHandler
                0x0000000008009790                LPTIM2_IRQHandler
                0x0000000008009790                I2C3_ER_IRQHandler
                0x0000000008009790                EXTI0_IRQHandler
                0x0000000008009790                FPU_IRQHandler
                0x0000000008009790                AES1_IRQHandler
                0x0000000008009790                SPI1_IRQHandler
                0x0000000008009790                PWR_SOTF_BLEACT_802ACT_RFPHASE_IRQHandler
                0x0000000008009790                DMA2_Channel2_IRQHandler
                0x0000000008009790                DMA1_Channel4_IRQHandler
                0x0000000008009790                ADC1_IRQHandler
                0x0000000008009790                PKA_IRQHandler
                0x0000000008009790                DMA1_Channel7_IRQHandler
                0x0000000008009790                LCD_IRQHandler
                0x0000000008009790                IPCC_C1_TX_IRQHandler
                0x0000000008009790                DMA2_Channel1_IRQHandler
                0x0000000008009790                QUADSPI_IRQHandler
                0x0000000008009790                I2C1_EV_IRQHandler
                0x0000000008009790                DMAMUX1_OVR_IRQHandler
                0x0000000008009790                DMA1_Channel6_IRQHandler
                0x0000000008009790                DMA2_Channel4_IRQHandler
                0x0000000008009790                RCC_IRQHandler
                0x0000000008009790                DMA1_Channel1_IRQHandler
                0x0000000008009790                Default_Handler
                0x0000000008009790                DMA2_Channel7_IRQHandler
                0x0000000008009790                EXTI15_10_IRQHandler
                0x0000000008009790                IPCC_C1_RX_IRQHandler
                0x0000000008009790                C2SEV_PWR_C2H_IRQHandler
                0x0000000008009790                AES2_IRQHandler
                0x0000000008009790                I2C3_EV_IRQHandler
                0x0000000008009790                EXTI9_5_IRQHandler
                0x0000000008009790                RTC_WKUP_IRQHandler
                0x0000000008009790                PVD_PVM_IRQHandler
                0x0000000008009790                SPI2_IRQHandler
                0x0000000008009790                DMA2_Channel5_IRQHandler
                0x0000000008009790                CRS_IRQHandler
                0x0000000008009790                DMA1_Channel5_IRQHandler
                0x0000000008009790                USB_LP_IRQHandler
                0x0000000008009790                EXTI4_IRQHandler
                0x0000000008009790                RNG_IRQHandler
                0x0000000008009790                TIM1_TRG_COM_TIM17_IRQHandler
                0x0000000008009790                TAMP_STAMP_LSECSS_IRQHandler
                0x0000000008009790                DMA1_Channel3_IRQHandler
                0x0000000008009790                COMP_IRQHandler
                0x0000000008009790                HSEM_IRQHandler
                0x0000000008009790                WWDG_IRQHandler
                0x0000000008009790                LPUART1_IRQHandler
                0x0000000008009790                DMA2_Channel6_IRQHandler
                0x0000000008009790                TIM2_IRQHandler
                0x0000000008009790                TIM1_BRK_IRQHandler
                0x0000000008009790                EXTI1_IRQHandler
                0x0000000008009790                DMA1_Channel2_IRQHandler
                0x0000000008009790                FLASH_IRQHandler
                0x0000000008009790                I2C1_ER_IRQHandler
                0x0000000008009790                LPTIM1_IRQHandler
                0x0000000008009790                SAI1_IRQHandler
                0x0000000008009790                DMA2_Channel3_IRQHandler
 *fill*         0x0000000008009792        0x2 
 .text.secp256k1_fe_normalize
                0x0000000008009794      0x134 secp256k1/src/libsecp256k1_la-secp256k1.o
 .text.secp256k1_fe_normalize_weak
                0x00000000080098c8       0x8c secp256k1/src/libsecp256k1_la-secp256k1.o
 .text.secp256k1_fe_normalizes_to_zero
                0x0000000008009954       0xa0 secp256k1/src/libsecp256k1_la-secp256k1.o
 .text.secp256k1_fe_normalizes_to_zero_var
                0x00000000080099f4       0xbc secp256k1/src/libsecp256k1_la-secp256k1.o
 .text.secp256k1_fe_set_b32
                0x0000000008009ab0      0x180 secp256k1/src/libsecp256k1_la-secp256k1.o
 .text.secp256k1_fe_get_b32
                0x0000000008009c30       0xf0 secp256k1/src/libsecp256k1_la-secp256k1.o
 .text.secp256k1_fe_add
                0x0000000008009d20       0x58 secp256k1/src/libsecp256k1_la-secp256k1.o
 .text.secp256k1_fe_mul_inner
                0x0000000008009d78      0x9f4 secp256k1/src/libsecp256k1_la-secp256k1.o
 .text.secp256k1_fe_sqr_inner
                0x000000000800a76c      0x840 secp256k1/src/libsecp256k1_la-secp256k1.o
 .text.secp256k1_fe_cmov
                0x000000000800afac       0x84 secp256k1/src/libsecp256k1_la-secp256k1.o
 .text.secp256k1_scalar_get_b32
                0x000000000800b030       0x94 secp256k1/src/libsecp256k1_la-secp256k1.o
 *fill*         0x000000000800b0c4        0x4 
 .text.secp256k1_scalar_negate
                0x000000000800b0c8      0x14c secp256k1/src/libsecp256k1_la-secp256k1.o
 .text.secp256k1_scalar_reduce_512
                0x000000000800b214      0x8e8 secp256k1/src/libsecp256k1_la-secp256k1.o
 .text.secp256k1_scalar_mul_512
                0x000000000800bafc      0x8ac secp256k1/src/libsecp256k1_la-secp256k1.o
 .text.secp256k1_scalar_sqr_512
                0x000000000800c3a8      0x90c secp256k1/src/libsecp256k1_la-secp256k1.o
 .text.secp256k1_scalar_inverse
                0x000000000800ccb4      0x5c8 secp256k1/src/libsecp256k1_la-secp256k1.o
 .text.secp256k1_sha256_transform
                0x000000000800d27c     0x1c68 secp256k1/src/libsecp256k1_la-secp256k1.o
 .text.default_error_callback_fn
                0x000000000800eee4       0x1c secp256k1/src/libsecp256k1_la-secp256k1.o
 .text.default_illegal_callback_fn
                0x000000000800ef00       0x1c secp256k1/src/libsecp256k1_la-secp256k1.o
 .text.secp256k1_sha256_write
                0x000000000800ef1c       0x60 secp256k1/src/libsecp256k1_la-secp256k1.o
 .text.secp256k1_sha256_finalize
                0x000000000800ef7c       0xb8 secp256k1/src/libsecp256k1_la-secp256k1.o
 .text.secp256k1_hmac_sha256_initialize.constprop.20
                0x000000000800f034      0x190 secp256k1/src/libsecp256k1_la-secp256k1.o
 .text.secp256k1_fe_negate.constprop.27
                0x000000000800f1c4       0x5c secp256k1/src/libsecp256k1_la-secp256k1.o
 .text.secp256k1_ge_to_storage
                0x000000000800f220       0xfc secp256k1/src/libsecp256k1_la-secp256k1.o
 .text.secp256k1_scalar_add
                0x000000000800f31c      0x2a0 secp256k1/src/libsecp256k1_la-secp256k1.o
 .text.secp256k1_scalar_set_b32
                0x000000000800f5bc      0x208 secp256k1/src/libsecp256k1_la-secp256k1.o
 .text.secp256k1_rfc6979_hmac_sha256_initialize
                0x000000000800f7c4      0x158 secp256k1/src/libsecp256k1_la-secp256k1.o
 .text.secp256k1_rfc6979_hmac_sha256_generate.constprop.19
                0x000000000800f91c      0x29c secp256k1/src/libsecp256k1_la-secp256k1.o
 .text.nonce_function_rfc6979
                0x000000000800fbb8       0xc0 secp256k1/src/libsecp256k1_la-secp256k1.o
 .text.secp256k1_gej_double_var.part.4
                0x000000000800fc78      0x460 secp256k1/src/libsecp256k1_la-secp256k1.o
 .text.secp256k1_gej_add_ge
                0x00000000080100d8      0x774 secp256k1/src/libsecp256k1_la-secp256k1.o
 .text.secp256k1_ecmult_gen
                0x000000000801084c      0x308 secp256k1/src/libsecp256k1_la-secp256k1.o
 .text.secp256k1_ecmult_gen_blind
                0x0000000008010b54      0x21c secp256k1/src/libsecp256k1_la-secp256k1.o
 .text.secp256k1_fe_inv
                0x0000000008010d70     0x232c secp256k1/src/libsecp256k1_la-secp256k1.o
 .text.secp256k1_ge_set_gej
                0x000000000801309c       0x84 secp256k1/src/libsecp256k1_la-secp256k1.o
 .text.secp256k1_gej_add_ge_var
                0x0000000008013120      0x46c secp256k1/src/libsecp256k1_la-secp256k1.o
 .text.secp256k1_context_create
                0x000000000801358c      0x35c secp256k1/src/libsecp256k1_la-secp256k1.o
                0x000000000801358c                secp256k1_context_create
 .text.secp256k1_ecdsa_signature_serialize_der
                0x00000000080138e8      0x15c secp256k1/src/libsecp256k1_la-secp256k1.o
                0x00000000080138e8                secp256k1_ecdsa_signature_serialize_der
 .text.secp256k1_ecdsa_sign
                0x0000000008013a44      0x350 secp256k1/src/libsecp256k1_la-secp256k1.o
                0x0000000008013a44                secp256k1_ecdsa_sign
 *(.glue_7)
 .glue_7        0x0000000008013d94        0x0 linker stubs
 *(.glue_7t)
 .glue_7t       0x0000000008013d94        0x0 linker stubs
 *(.eh_frame)
 .eh_frame      0x0000000008013d94        0x0 /usr/lib/gcc/arm-none-eabi/8.3.1/thumb/v7e-m+fp/hard/crtbegin.o
 *(.init)
 .init          0x0000000008013d94        0x4 /usr/lib/gcc/arm-none-eabi/8.3.1/thumb/v7e-m+fp/hard/crti.o
                0x0000000008013d94                _init
 .init          0x0000000008013d98        0x8 /usr/lib/gcc/arm-none-eabi/8.3.1/thumb/v7e-m+fp/hard/crtn.o
 *(.fini)
 .fini          0x0000000008013da0        0x4 /usr/lib/gcc/arm-none-eabi/8.3.1/thumb/v7e-m+fp/hard/crti.o
                0x0000000008013da0                _fini
 .fini          0x0000000008013da4        0x8 /usr/lib/gcc/arm-none-eabi/8.3.1/thumb/v7e-m+fp/hard/crtn.o
                0x0000000008013dac                . = ALIGN (0x4)
                0x0000000008013dac                _etext = .

.vfp11_veneer   0x0000000008013dac        0x0
 .vfp11_veneer  0x0000000008013dac        0x0 linker stubs

.v4_bx          0x0000000008013dac        0x0
 .v4_bx         0x0000000008013dac        0x0 linker stubs

.iplt           0x0000000008013dac        0x0
 .iplt          0x0000000008013dac        0x0 /usr/lib/gcc/arm-none-eabi/8.3.1/thumb/v7e-m+fp/hard/crtbegin.o

.rodata         0x0000000008013db0    0x107d4
                0x0000000008013db0                . = ALIGN (0x4)
 *(.rodata)
 .rodata        0x0000000008013db0       0x2c build/stm32wbxx_hal_rcc.o
 .rodata        0x0000000008013ddc        0x4 /usr/lib/gcc/arm-none-eabi/8.3.1/../../../arm-none-eabi/lib/thumb/v7e-m+fp/hard/libc_nano.a(lib_a-impure.o)
                0x0000000008013ddc                _global_impure_ptr
 .rodata        0x0000000008013de0       0x60 /usr/lib/gcc/arm-none-eabi/8.3.1/../../../arm-none-eabi/lib/thumb/v7e-m+fp/hard/libc_nano.a(lib_a-findfp.o)
                0x0000000008013de0                __sf_fake_stderr
                0x0000000008013e00                __sf_fake_stdout
                0x0000000008013e20                __sf_fake_stdin
 .rodata        0x0000000008013e40      0x128 /usr/lib/gcc/arm-none-eabi/8.3.1/../../../arm-none-eabi/lib/thumb/v7e-m+fp/hard/libc_nano.a(lib_a-mprec.o)
                0x0000000008013e50                __mprec_tens
                0x0000000008013f18                __mprec_tinytens
                0x0000000008013f40                __mprec_bigtens
 .rodata        0x0000000008013f68      0x101 /usr/lib/gcc/arm-none-eabi/8.3.1/../../../arm-none-eabi/lib/thumb/v7e-m+fp/hard/libc_nano.a(lib_a-ctype_.o)
                0x0000000008013f68                _ctype_
 *(.rodata*)
 *fill*         0x0000000008014069        0x3 
 .rodata.StartDefaultTask.str1.4
                0x000000000801406c       0x17 build/main.o
                                         0x1f (size before relaxing)
 *fill*         0x0000000008014083        0x1 
 .rodata.defaultTask_attributes
                0x0000000008014084       0x24 build/main.o
                0x0000000008014084                defaultTask_attributes
 .rodata.str1.4
                0x00000000080140a8        0xc build/main.o
 .rodata.UARTPrescTable
                0x00000000080140b4       0x18 build/stm32wbxx_hal_uart.o
                0x00000000080140b4                UARTPrescTable
 .rodata.denominator.11272
                0x00000000080140cc        0x8 build/stm32wbxx_hal_uart_ex.o
 .rodata.numerator.11271
                0x00000000080140d4        0x8 build/stm32wbxx_hal_uart_ex.o
 .rodata.AHBPrescTable
                0x00000000080140dc       0x40 build/system_stm32wbxx.o
                0x00000000080140dc                AHBPrescTable
 .rodata.APBPrescTable
                0x000000000801411c       0x20 build/system_stm32wbxx.o
                0x000000000801411c                APBPrescTable
 .rodata.MSIRangeTable
                0x000000000801413c       0x40 build/system_stm32wbxx.o
                0x000000000801413c                MSIRangeTable
 .rodata.vTaskStartScheduler.str1.4
                0x000000000801417c        0x5 build/tasks.o
 *fill*         0x0000000008014181        0x3 
 .rodata.prvCheckForValidListAndQueue.str1.4
                0x0000000008014184        0x5 build/timers.o
 *fill*         0x0000000008014189        0x3 
 .rodata.xTimerCreateTimerTask.str1.4
                0x000000000801418c        0x8 build/timers.o
 .rodata.default_error_callback_fn.str1.4
                0x0000000008014194       0x36 secp256k1/src/libsecp256k1_la-secp256k1.o
 *fill*         0x00000000080141ca        0x2 
 .rodata.default_illegal_callback_fn.str1.4
                0x00000000080141cc       0x25 secp256k1/src/libsecp256k1_la-secp256k1.o
 *fill*         0x00000000080141f1        0x3 
 .rodata.fe_1.7841
                0x00000000080141f4       0x28 secp256k1/src/libsecp256k1_la-secp256k1.o
 .rodata.one.8422
                0x000000000801421c        0x1 secp256k1/src/libsecp256k1_la-secp256k1.o
 *fill*         0x000000000801421d        0x3 
 .rodata.pad.8384
                0x0000000008014220       0x40 secp256k1/src/libsecp256k1_la-secp256k1.o
 .rodata.secp256k1_context_create.str1.4
                0x0000000008014260       0x1e secp256k1/src/libsecp256k1_la-secp256k1.o
 *fill*         0x000000000801427e        0x2 
 .rodata.secp256k1_ec_pubkey_serialize.str1.4
                0x0000000008014280       0xb0 secp256k1/src/libsecp256k1_la-secp256k1.o
 .rodata.secp256k1_ecdsa_sign.str1.4
                0x0000000008014330       0x5f secp256k1/src/libsecp256k1_la-secp256k1.o
 *fill*         0x000000000801438f        0x1 
 .rodata.secp256k1_ecdsa_signature_parse_der.str1.4
                0x0000000008014390        0xc secp256k1/src/libsecp256k1_la-secp256k1.o
 .rodata.secp256k1_ecdsa_verify.str1.4
                0x000000000801439c       0x42 secp256k1/src/libsecp256k1_la-secp256k1.o
 *fill*         0x00000000080143de        0x2 
 .rodata.secp256k1_ecmult_static_context
                0x00000000080143e0    0x10000 secp256k1/src/libsecp256k1_la-secp256k1.o
 .rodata.secp256k1_ge_const_g
                0x00000000080243e0       0x54 secp256k1/src/libsecp256k1_la-secp256k1.o
 .rodata.secp256k1_nonce_function_rfc6979
                0x0000000008024434        0x4 secp256k1/src/libsecp256k1_la-secp256k1.o
                0x0000000008024434                secp256k1_nonce_function_rfc6979
 .rodata.zero.8421
                0x0000000008024438        0x1 secp256k1/src/libsecp256k1_la-secp256k1.o
 *fill*         0x0000000008024439        0x3 
 .rodata.zero.8428
                0x000000000802443c        0x1 secp256k1/src/libsecp256k1_la-secp256k1.o
 *fill*         0x000000000802443d        0x3 
 .rodata.str1.4
                0x0000000008024440       0x13 /usr/lib/gcc/arm-none-eabi/8.3.1/../../../arm-none-eabi/lib/thumb/v7e-m+fp/hard/libc_nano.a(lib_a-nano-vfprintf.o)
 *fill*         0x0000000008024453        0x1 
 .rodata.str1.4
                0x0000000008024454       0x12 /usr/lib/gcc/arm-none-eabi/8.3.1/../../../arm-none-eabi/lib/thumb/v7e-m+fp/hard/libc_nano.a(lib_a-nano-vfprintf_float.o)
 *fill*         0x0000000008024466        0x2 
 .rodata.str1.4
                0x0000000008024468       0x25 /usr/lib/gcc/arm-none-eabi/8.3.1/../../../arm-none-eabi/lib/thumb/v7e-m+fp/hard/libc_nano.a(lib_a-nano-vfprintf_i.o)
 *fill*         0x000000000802448d        0x3 
 .rodata.str1.4
                0x0000000008024490       0x6d /usr/lib/gcc/arm-none-eabi/8.3.1/../../../arm-none-eabi/lib/thumb/v7e-m+fp/hard/libc_nano.a(lib_a-dtoa.o)
                                         0x71 (size before relaxing)
 *fill*         0x00000000080244fd        0x3 
 .rodata.str1.4
                0x0000000008024500       0x33 /usr/lib/gcc/arm-none-eabi/8.3.1/../../../arm-none-eabi/lib/thumb/v7e-m+fp/hard/libc_nano.a(lib_a-mprec.o)
                                         0x5d (size before relaxing)
 *fill*         0x0000000008024533        0x1 
 .rodata.str1.4
                0x0000000008024534       0x3f /usr/lib/gcc/arm-none-eabi/8.3.1/../../../arm-none-eabi/lib/thumb/v7e-m+fp/hard/libc_nano.a(lib_a-assert.o)
                                         0x43 (size before relaxing)
 *fill*         0x0000000008024573        0x1 
 .rodata.str1.4
                0x0000000008024574        0xe /usr/lib/gcc/arm-none-eabi/8.3.1/../../../arm-none-eabi/lib/thumb/v7e-m+fp/hard/libc_nano.a(lib_a-locale.o)
                                         0x12 (size before relaxing)
                0x0000000008024584                . = ALIGN (0x4)
 *fill*         0x0000000008024582        0x2 

.ARM.extab
 *(.ARM.extab* .gnu.linkonce.armextab.*)

.ARM            0x0000000008024584        0x8
                0x0000000008024584                __exidx_start = .
 *(.ARM.exidx*)
 .ARM.exidx     0x0000000008024584        0x8 /usr/lib/gcc/arm-none-eabi/8.3.1/thumb/v7e-m+fp/hard/libgcc.a(_udivmoddi4.o)
                0x000000000802458c                __exidx_end = .

.rel.dyn        0x000000000802458c        0x0
 .rel.iplt      0x000000000802458c        0x0 /usr/lib/gcc/arm-none-eabi/8.3.1/thumb/v7e-m+fp/hard/crtbegin.o

.preinit_array  0x000000000802458c        0x0
                0x000000000802458c                PROVIDE (__preinit_array_start = .)
 *(.preinit_array*)
                0x000000000802458c                PROVIDE (__preinit_array_end = .)

.init_array     0x000000000802458c        0x4
                0x000000000802458c                PROVIDE (__init_array_start = .)
 *(SORT_BY_NAME(.init_array.*))
 *(.init_array*)
 .init_array    0x000000000802458c        0x4 /usr/lib/gcc/arm-none-eabi/8.3.1/thumb/v7e-m+fp/hard/crtbegin.o
                0x0000000008024590                PROVIDE (__init_array_end = .)

.fini_array     0x0000000008024590        0x4
                0x0000000008024590                PROVIDE (__fini_array_start = .)
 *(SORT_BY_NAME(.fini_array.*))
 *(.fini_array*)
 .fini_array    0x0000000008024590        0x4 /usr/lib/gcc/arm-none-eabi/8.3.1/thumb/v7e-m+fp/hard/crtbegin.o
                0x0000000008024594                PROVIDE (__fini_array_end = .)
                0x0000000008024594                _sidata = LOADADDR (.data)

.data           0x0000000020000008      0x2e0 load address 0x0000000008024594
                0x0000000020000008                . = ALIGN (0x4)
                0x0000000020000008                _sdata = .
 *(.data)
 .data          0x0000000020000008       0x64 /usr/lib/gcc/arm-none-eabi/8.3.1/../../../arm-none-eabi/lib/thumb/v7e-m+fp/hard/libc_nano.a(lib_a-impure.o)
                0x0000000020000008                _impure_ptr
 .data          0x000000002000006c      0x16c /usr/lib/gcc/arm-none-eabi/8.3.1/../../../arm-none-eabi/lib/thumb/v7e-m+fp/hard/libc_nano.a(lib_a-locale.o)
                0x000000002000006c                __global_locale
 *(.data*)
 .data.k        0x00000000200001d8      0x100 build/sha256.o
                0x00000000200001d8                k
 .data.uwTickFreq
                0x00000000200002d8        0x1 build/stm32wbxx_hal.o
                0x00000000200002d8                uwTickFreq
 *fill*         0x00000000200002d9        0x3 
 .data.uwTickPrio
                0x00000000200002dc        0x4 build/stm32wbxx_hal.o
                0x00000000200002dc                uwTickPrio
 .data.SystemCoreClock
                0x00000000200002e0        0x4 build/system_stm32wbxx.o
                0x00000000200002e0                SystemCoreClock
 .data.uxCriticalNesting
                0x00000000200002e4        0x4 build/port.o
                0x00000000200002e8                . = ALIGN (0x4)
                0x00000000200002e8                _edata = .

.tm_clone_table
                0x00000000200002e8        0x0 load address 0x0000000008024874
 .tm_clone_table
                0x00000000200002e8        0x0 /usr/lib/gcc/arm-none-eabi/8.3.1/thumb/v7e-m+fp/hard/crtbegin.o
 .tm_clone_table
                0x00000000200002e8        0x0 /usr/lib/gcc/arm-none-eabi/8.3.1/thumb/v7e-m+fp/hard/crtend.o

.igot.plt       0x00000000200002e8        0x0 load address 0x0000000008024874
 .igot.plt      0x00000000200002e8        0x0 /usr/lib/gcc/arm-none-eabi/8.3.1/thumb/v7e-m+fp/hard/crtbegin.o
                0x00000000200002e8                . = ALIGN (0x4)

.bss            0x00000000200002e8     0x9860 load address 0x0000000008024874
                0x00000000200002e8                _sbss = .
                0x00000000200002e8                __bss_start__ = _sbss
 *(.bss)
 .bss           0x00000000200002e8       0x1c /usr/lib/gcc/arm-none-eabi/8.3.1/thumb/v7e-m+fp/hard/crtbegin.o
 .bss           0x0000000020000304        0x8 /usr/lib/gcc/arm-none-eabi/8.3.1/../../../arm-none-eabi/lib/thumb/v7e-m+fp/hard/libc_nano.a(lib_a-nano-mallocr.o)
                0x0000000020000304                __malloc_free_list
                0x0000000020000308                __malloc_sbrk_start
 .bss           0x000000002000030c        0x4 /usr/lib/gcc/arm-none-eabi/8.3.1/../../../arm-none-eabi/lib/thumb/v7e-m+fp/hard/libnosys.a(sbrk.o)
 *(.bss*)
 .bss.pxCurrentTCB
                0x0000000020000310        0x4 build/tasks.o
                0x0000000020000310                pxCurrentTCB
 .bss.pxDelayedTaskList
                0x0000000020000314        0x4 build/tasks.o
 .bss.pxOverflowDelayedTaskList
                0x0000000020000318        0x4 build/tasks.o
 .bss.pxReadyTasksLists
                0x000000002000031c      0x460 build/tasks.o
 .bss.uxCurrentNumberOfTasks
                0x000000002000077c        0x4 build/tasks.o
 .bss.uxDeletedTasksWaitingCleanUp
                0x0000000020000780        0x4 build/tasks.o
 .bss.uxSchedulerSuspended
                0x0000000020000784        0x4 build/tasks.o
 .bss.uxTaskNumber
                0x0000000020000788        0x4 build/tasks.o
 .bss.uxTopReadyPriority
                0x000000002000078c        0x4 build/tasks.o
 .bss.xDelayedTaskList1
                0x0000000020000790       0x14 build/tasks.o
 .bss.xDelayedTaskList2
                0x00000000200007a4       0x14 build/tasks.o
 .bss.xNextTaskUnblockTime
                0x00000000200007b8        0x4 build/tasks.o
 .bss.xNumOfOverflows
                0x00000000200007bc        0x4 build/tasks.o
 .bss.xPendedTicks
                0x00000000200007c0        0x4 build/tasks.o
 .bss.xPendingReadyList
                0x00000000200007c4       0x14 build/tasks.o
 .bss.xSchedulerRunning
                0x00000000200007d8        0x4 build/tasks.o
 .bss.xSuspendedTaskList
                0x00000000200007dc       0x14 build/tasks.o
 .bss.xTasksWaitingTermination
                0x00000000200007f0       0x14 build/tasks.o
 .bss.xTickCount
                0x0000000020000804        0x4 build/tasks.o
 .bss.xYieldPending
                0x0000000020000808        0x4 build/tasks.o
 .bss.pxCurrentTimerList
                0x000000002000080c        0x4 build/timers.o
 .bss.pxOverflowTimerList
                0x0000000020000810        0x4 build/timers.o
 .bss.ucStaticTimerQueueStorage.6932
                0x0000000020000814       0xa0 build/timers.o
 .bss.xActiveTimerList1
                0x00000000200008b4       0x14 build/timers.o
 .bss.xActiveTimerList2
                0x00000000200008c8       0x14 build/timers.o
 .bss.xLastTime.6881
                0x00000000200008dc        0x4 build/timers.o
 .bss.xStaticTimerQueue.6931
                0x00000000200008e0       0x50 build/timers.o
 .bss.xTimerQueue
                0x0000000020000930        0x4 build/timers.o
 .bss.xTimerTaskHandle
                0x0000000020000934        0x4 build/timers.o
 .bss.Idle_Stack.13070
                0x0000000020000938      0x800 build/cmsis_os2.o
 .bss.Idle_TCB.13069
                0x0000000020001138       0x5c build/cmsis_os2.o
 .bss.KernelState
                0x0000000020001194        0x4 build/cmsis_os2.o
 .bss.Timer_Stack.13077
                0x0000000020001198      0x800 build/cmsis_os2.o
 .bss.Timer_TCB.13076
                0x0000000020001998       0x5c build/cmsis_os2.o
 .bss.pxEnd     0x00000000200019f4        0x4 build/heap_4.o
 .bss.ucHeap    0x00000000200019f8     0x8000 build/heap_4.o
 .bss.xBlockAllocatedBit
                0x00000000200099f8        0x4 build/heap_4.o
 .bss.xFreeBytesRemaining
                0x00000000200099fc        0x4 build/heap_4.o
 .bss.xMinimumEverFreeBytesRemaining
                0x0000000020009a00        0x4 build/heap_4.o
 .bss.xNumberOfSuccessfulAllocations
                0x0000000020009a04        0x4 build/heap_4.o
 .bss.xNumberOfSuccessfulFrees
                0x0000000020009a08        0x4 build/heap_4.o
 .bss.xStart    0x0000000020009a0c        0x8 build/heap_4.o
 .bss.ucMaxSysCallPriority
                0x0000000020009a14        0x1 build/port.o
 *fill*         0x0000000020009a15        0x3 
 .bss.ulMaxPRIGROUPValue
                0x0000000020009a18        0x4 build/port.o
 *(COMMON)
 COMMON         0x0000000020009a1c        0x4 build/retarget.o
                0x0000000020009a1c                gHuart
 COMMON         0x0000000020009a20       0x94 build/main.o
                0x0000000020009a20                defaultTaskHandle
                0x0000000020009a24                huart1
 COMMON         0x0000000020009ab4       0x4c build/stm32wbxx_hal_timebase_tim.o
                0x0000000020009ab4                htim1
 COMMON         0x0000000020009b00        0x4 build/stm32wbxx_hal.o
                0x0000000020009b00                uwTick
 COMMON         0x0000000020009b04       0x40 build/queue.o
                0x0000000020009b04                xQueueRegistry
 COMMON         0x0000000020009b44        0x4 /usr/lib/gcc/arm-none-eabi/8.3.1/../../../arm-none-eabi/lib/thumb/v7e-m+fp/hard/libc_nano.a(lib_a-reent.o)
                0x0000000020009b44                errno
                0x0000000020009b48                . = ALIGN (0x4)
                0x0000000020009b48                _ebss = .
                0x0000000020009b48                __bss_end__ = _ebss

._user_heap_stack
                0x0000000020009b48      0x600 load address 0x0000000008024874
                0x0000000020009b48                . = ALIGN (0x8)
                0x0000000020009b48                PROVIDE (end = .)
                [!provide]                        PROVIDE (_end = .)
                0x0000000020009d48                . = (. + _Min_Heap_Size)
 *fill*         0x0000000020009b48      0x200 
                0x000000002000a148                . = (. + _Min_Stack_Size)
 *fill*         0x0000000020009d48      0x400 
                0x000000002000a148                . = ALIGN (0x8)

/DISCARD/
 libc.a(*)
 libm.a(*)
 libgcc.a(*)

.ARM.attributes
                0x0000000000000000       0x30
 *(.ARM.attributes)
 .ARM.attributes
                0x0000000000000000       0x1e /usr/lib/gcc/arm-none-eabi/8.3.1/thumb/v7e-m+fp/hard/crti.o
 .ARM.attributes
                0x000000000000001e       0x34 /usr/lib/gcc/arm-none-eabi/8.3.1/thumb/v7e-m+fp/hard/crtbegin.o
 .ARM.attributes
                0x0000000000000052       0x34 build/retarget.o
 .ARM.attributes
                0x0000000000000086       0x34 build/main.o
 .ARM.attributes
                0x00000000000000ba       0x34 build/sha256.o
 .ARM.attributes
                0x00000000000000ee       0x34 build/stm32wbxx_it.o
 .ARM.attributes
                0x0000000000000122       0x34 build/stm32wbxx_hal_msp.o
 .ARM.attributes
                0x0000000000000156       0x34 build/stm32wbxx_hal_timebase_tim.o
 .ARM.attributes
                0x000000000000018a       0x34 build/stm32wbxx_hal_rcc.o
 .ARM.attributes
                0x00000000000001be       0x34 build/stm32wbxx_hal_rcc_ex.o
 .ARM.attributes
                0x00000000000001f2       0x34 build/stm32wbxx_hal_gpio.o
 .ARM.attributes
                0x0000000000000226       0x34 build/stm32wbxx_hal_dma.o
 .ARM.attributes
                0x000000000000025a       0x34 build/stm32wbxx_hal_pwr.o
 .ARM.attributes
                0x000000000000028e       0x34 build/stm32wbxx_hal_pwr_ex.o
 .ARM.attributes
                0x00000000000002c2       0x34 build/stm32wbxx_hal_cortex.o
 .ARM.attributes
                0x00000000000002f6       0x34 build/stm32wbxx_hal.o
 .ARM.attributes
                0x000000000000032a       0x34 build/stm32wbxx_hal_uart.o
 .ARM.attributes
                0x000000000000035e       0x34 build/stm32wbxx_hal_uart_ex.o
 .ARM.attributes
                0x0000000000000392       0x34 build/stm32wbxx_hal_tim.o
 .ARM.attributes
                0x00000000000003c6       0x34 build/stm32wbxx_hal_tim_ex.o
 .ARM.attributes
                0x00000000000003fa       0x34 build/system_stm32wbxx.o
 .ARM.attributes
                0x000000000000042e       0x34 build/list.o
 .ARM.attributes
                0x0000000000000462       0x34 build/queue.o
 .ARM.attributes
                0x0000000000000496       0x34 build/tasks.o
 .ARM.attributes
                0x00000000000004ca       0x34 build/timers.o
 .ARM.attributes
                0x00000000000004fe       0x34 build/cmsis_os2.o
 .ARM.attributes
                0x0000000000000532       0x34 build/heap_4.o
 .ARM.attributes
                0x0000000000000566       0x34 build/port.o
 .ARM.attributes
                0x000000000000059a       0x21 build/startup_stm32wb55xx_cm4.o
 .ARM.attributes
                0x00000000000005bb       0x34 secp256k1/src/libsecp256k1_la-secp256k1.o
 .ARM.attributes
                0x00000000000005ef       0x34 /usr/lib/gcc/arm-none-eabi/8.3.1/../../../arm-none-eabi/lib/thumb/v7e-m+fp/hard/libc_nano.a(lib_a-abort.o)
 .ARM.attributes
                0x0000000000000623       0x34 /usr/lib/gcc/arm-none-eabi/8.3.1/../../../arm-none-eabi/lib/thumb/v7e-m+fp/hard/libc_nano.a(lib_a-errno.o)
 .ARM.attributes
                0x0000000000000657       0x34 /usr/lib/gcc/arm-none-eabi/8.3.1/../../../arm-none-eabi/lib/thumb/v7e-m+fp/hard/libc_nano.a(lib_a-fprintf.o)
 .ARM.attributes
                0x000000000000068b       0x32 /usr/lib/gcc/arm-none-eabi/8.3.1/../../../arm-none-eabi/lib/thumb/v7e-m+fp/hard/libc_nano.a(lib_a-impure.o)
 .ARM.attributes
                0x00000000000006bd       0x34 /usr/lib/gcc/arm-none-eabi/8.3.1/../../../arm-none-eabi/lib/thumb/v7e-m+fp/hard/libc_nano.a(lib_a-init.o)
 .ARM.attributes
                0x00000000000006f1       0x34 /usr/lib/gcc/arm-none-eabi/8.3.1/../../../arm-none-eabi/lib/thumb/v7e-m+fp/hard/libc_nano.a(lib_a-malloc.o)
 .ARM.attributes
                0x0000000000000725       0x1c /usr/lib/gcc/arm-none-eabi/8.3.1/../../../arm-none-eabi/lib/thumb/v7e-m+fp/hard/libc_nano.a(lib_a-memcpy.o)
 .ARM.attributes
                0x0000000000000741       0x34 /usr/lib/gcc/arm-none-eabi/8.3.1/../../../arm-none-eabi/lib/thumb/v7e-m+fp/hard/libc_nano.a(lib_a-memset.o)
 .ARM.attributes
                0x0000000000000775       0x34 /usr/lib/gcc/arm-none-eabi/8.3.1/../../../arm-none-eabi/lib/thumb/v7e-m+fp/hard/libc_nano.a(lib_a-nano-freer.o)
 .ARM.attributes
                0x00000000000007a9       0x34 /usr/lib/gcc/arm-none-eabi/8.3.1/../../../arm-none-eabi/lib/thumb/v7e-m+fp/hard/libc_nano.a(lib_a-nano-mallocr.o)
 .ARM.attributes
                0x00000000000007dd       0x34 /usr/lib/gcc/arm-none-eabi/8.3.1/../../../arm-none-eabi/lib/thumb/v7e-m+fp/hard/libc_nano.a(lib_a-nano-vfprintf.o)
 .ARM.attributes
                0x0000000000000811       0x34 /usr/lib/gcc/arm-none-eabi/8.3.1/../../../arm-none-eabi/lib/thumb/v7e-m+fp/hard/libc_nano.a(lib_a-nano-vfprintf_float.o)
 .ARM.attributes
                0x0000000000000845       0x34 /usr/lib/gcc/arm-none-eabi/8.3.1/../../../arm-none-eabi/lib/thumb/v7e-m+fp/hard/libc_nano.a(lib_a-nano-vfprintf_i.o)
 .ARM.attributes
                0x0000000000000879       0x34 /usr/lib/gcc/arm-none-eabi/8.3.1/../../../arm-none-eabi/lib/thumb/v7e-m+fp/hard/libc_nano.a(lib_a-printf.o)
 .ARM.attributes
                0x00000000000008ad       0x34 /usr/lib/gcc/arm-none-eabi/8.3.1/../../../arm-none-eabi/lib/thumb/v7e-m+fp/hard/libc_nano.a(lib_a-putchar.o)
 .ARM.attributes
                0x00000000000008e1       0x34 /usr/lib/gcc/arm-none-eabi/8.3.1/../../../arm-none-eabi/lib/thumb/v7e-m+fp/hard/libc_nano.a(lib_a-sbrkr.o)
 .ARM.attributes
                0x0000000000000915       0x34 /usr/lib/gcc/arm-none-eabi/8.3.1/../../../arm-none-eabi/lib/thumb/v7e-m+fp/hard/libc_nano.a(lib_a-setvbuf.o)
 .ARM.attributes
                0x0000000000000949       0x34 /usr/lib/gcc/arm-none-eabi/8.3.1/../../../arm-none-eabi/lib/thumb/v7e-m+fp/hard/libc_nano.a(lib_a-signal.o)
 .ARM.attributes
                0x000000000000097d       0x34 /usr/lib/gcc/arm-none-eabi/8.3.1/../../../arm-none-eabi/lib/thumb/v7e-m+fp/hard/libc_nano.a(lib_a-signalr.o)
 .ARM.attributes
                0x00000000000009b1       0x1c /usr/lib/gcc/arm-none-eabi/8.3.1/../../../arm-none-eabi/lib/thumb/v7e-m+fp/hard/libc_nano.a(lib_a-strlen.o)
 .ARM.attributes
                0x00000000000009cd       0x34 /usr/lib/gcc/arm-none-eabi/8.3.1/../../../arm-none-eabi/lib/thumb/v7e-m+fp/hard/libc_nano.a(lib_a-wbuf.o)
 .ARM.attributes
                0x0000000000000a01       0x34 /usr/lib/gcc/arm-none-eabi/8.3.1/../../../arm-none-eabi/lib/thumb/v7e-m+fp/hard/libc_nano.a(lib_a-wsetup.o)
 .ARM.attributes
                0x0000000000000a35       0x34 /usr/lib/gcc/arm-none-eabi/8.3.1/../../../arm-none-eabi/lib/thumb/v7e-m+fp/hard/libc_nano.a(lib_a-dtoa.o)
 .ARM.attributes
                0x0000000000000a69       0x34 /usr/lib/gcc/arm-none-eabi/8.3.1/../../../arm-none-eabi/lib/thumb/v7e-m+fp/hard/libc_nano.a(lib_a-fflush.o)
 .ARM.attributes
                0x0000000000000a9d       0x34 /usr/lib/gcc/arm-none-eabi/8.3.1/../../../arm-none-eabi/lib/thumb/v7e-m+fp/hard/libc_nano.a(lib_a-findfp.o)
 .ARM.attributes
                0x0000000000000ad1       0x34 /usr/lib/gcc/arm-none-eabi/8.3.1/../../../arm-none-eabi/lib/thumb/v7e-m+fp/hard/libc_nano.a(lib_a-fvwrite.o)
 .ARM.attributes
                0x0000000000000b05       0x34 /usr/lib/gcc/arm-none-eabi/8.3.1/../../../arm-none-eabi/lib/thumb/v7e-m+fp/hard/libc_nano.a(lib_a-fwalk.o)
 .ARM.attributes
                0x0000000000000b39       0x34 /usr/lib/gcc/arm-none-eabi/8.3.1/../../../arm-none-eabi/lib/thumb/v7e-m+fp/hard/libc_nano.a(lib_a-localeconv.o)
 .ARM.attributes
                0x0000000000000b6d       0x34 /usr/lib/gcc/arm-none-eabi/8.3.1/../../../arm-none-eabi/lib/thumb/v7e-m+fp/hard/libc_nano.a(lib_a-makebuf.o)
 .ARM.attributes
                0x0000000000000ba1       0x1c /usr/lib/gcc/arm-none-eabi/8.3.1/../../../arm-none-eabi/lib/thumb/v7e-m+fp/hard/libc_nano.a(lib_a-memchr.o)
 .ARM.attributes
                0x0000000000000bbd       0x34 /usr/lib/gcc/arm-none-eabi/8.3.1/../../../arm-none-eabi/lib/thumb/v7e-m+fp/hard/libc_nano.a(lib_a-memmove.o)
 .ARM.attributes
                0x0000000000000bf1       0x34 /usr/lib/gcc/arm-none-eabi/8.3.1/../../../arm-none-eabi/lib/thumb/v7e-m+fp/hard/libc_nano.a(lib_a-mlock.o)
 .ARM.attributes
                0x0000000000000c25       0x34 /usr/lib/gcc/arm-none-eabi/8.3.1/../../../arm-none-eabi/lib/thumb/v7e-m+fp/hard/libc_nano.a(lib_a-mprec.o)
 .ARM.attributes
                0x0000000000000c59       0x34 /usr/lib/gcc/arm-none-eabi/8.3.1/../../../arm-none-eabi/lib/thumb/v7e-m+fp/hard/libc_nano.a(lib_a-nano-callocr.o)
 .ARM.attributes
                0x0000000000000c8d       0x34 /usr/lib/gcc/arm-none-eabi/8.3.1/../../../arm-none-eabi/lib/thumb/v7e-m+fp/hard/libc_nano.a(lib_a-nano-reallocr.o)
 .ARM.attributes
                0x0000000000000cc1       0x34 /usr/lib/gcc/arm-none-eabi/8.3.1/../../../arm-none-eabi/lib/thumb/v7e-m+fp/hard/libc_nano.a(lib_a-putc.o)
 .ARM.attributes
                0x0000000000000cf5       0x34 /usr/lib/gcc/arm-none-eabi/8.3.1/../../../arm-none-eabi/lib/thumb/v7e-m+fp/hard/libc_nano.a(lib_a-reent.o)
 .ARM.attributes
                0x0000000000000d29       0x34 /usr/lib/gcc/arm-none-eabi/8.3.1/../../../arm-none-eabi/lib/thumb/v7e-m+fp/hard/libc_nano.a(lib_a-stdio.o)
 .ARM.attributes
                0x0000000000000d5d       0x34 /usr/lib/gcc/arm-none-eabi/8.3.1/../../../arm-none-eabi/lib/thumb/v7e-m+fp/hard/libc_nano.a(lib_a-writer.o)
 .ARM.attributes
                0x0000000000000d91       0x34 /usr/lib/gcc/arm-none-eabi/8.3.1/../../../arm-none-eabi/lib/thumb/v7e-m+fp/hard/libc_nano.a(lib_a-assert.o)
 .ARM.attributes
                0x0000000000000dc5       0x34 /usr/lib/gcc/arm-none-eabi/8.3.1/../../../arm-none-eabi/lib/thumb/v7e-m+fp/hard/libc_nano.a(lib_a-closer.o)
 .ARM.attributes
                0x0000000000000df9       0x34 /usr/lib/gcc/arm-none-eabi/8.3.1/../../../arm-none-eabi/lib/thumb/v7e-m+fp/hard/libc_nano.a(lib_a-fstatr.o)
 .ARM.attributes
                0x0000000000000e2d       0x34 /usr/lib/gcc/arm-none-eabi/8.3.1/../../../arm-none-eabi/lib/thumb/v7e-m+fp/hard/libc_nano.a(lib_a-isattyr.o)
 .ARM.attributes
                0x0000000000000e61       0x34 /usr/lib/gcc/arm-none-eabi/8.3.1/../../../arm-none-eabi/lib/thumb/v7e-m+fp/hard/libc_nano.a(lib_a-locale.o)
 .ARM.attributes
                0x0000000000000e95       0x34 /usr/lib/gcc/arm-none-eabi/8.3.1/../../../arm-none-eabi/lib/thumb/v7e-m+fp/hard/libc_nano.a(lib_a-lseekr.o)
 .ARM.attributes
                0x0000000000000ec9       0x34 /usr/lib/gcc/arm-none-eabi/8.3.1/../../../arm-none-eabi/lib/thumb/v7e-m+fp/hard/libc_nano.a(lib_a-mbtowc_r.o)
 .ARM.attributes
                0x0000000000000efd       0x34 /usr/lib/gcc/arm-none-eabi/8.3.1/../../../arm-none-eabi/lib/thumb/v7e-m+fp/hard/libc_nano.a(lib_a-nano-msizer.o)
 .ARM.attributes
                0x0000000000000f31       0x34 /usr/lib/gcc/arm-none-eabi/8.3.1/../../../arm-none-eabi/lib/thumb/v7e-m+fp/hard/libc_nano.a(lib_a-readr.o)
 .ARM.attributes
                0x0000000000000f65       0x34 /usr/lib/gcc/arm-none-eabi/8.3.1/../../../arm-none-eabi/lib/thumb/v7e-m+fp/hard/libc_nano.a(lib_a-wctomb_r.o)
 .ARM.attributes
                0x0000000000000f99       0x32 /usr/lib/gcc/arm-none-eabi/8.3.1/../../../arm-none-eabi/lib/thumb/v7e-m+fp/hard/libc_nano.a(lib_a-ctype_.o)
 .ARM.attributes
                0x0000000000000fcb       0x34 /usr/lib/gcc/arm-none-eabi/8.3.1/../../../arm-none-eabi/lib/thumb/v7e-m+fp/hard/libnosys.a(getpid.o)
 .ARM.attributes
                0x0000000000000fff       0x34 /usr/lib/gcc/arm-none-eabi/8.3.1/../../../arm-none-eabi/lib/thumb/v7e-m+fp/hard/libnosys.a(kill.o)
 .ARM.attributes
                0x0000000000001033       0x34 /usr/lib/gcc/arm-none-eabi/8.3.1/../../../arm-none-eabi/lib/thumb/v7e-m+fp/hard/libnosys.a(sbrk.o)
 .ARM.attributes
                0x0000000000001067       0x34 /usr/lib/gcc/arm-none-eabi/8.3.1/../../../arm-none-eabi/lib/thumb/v7e-m+fp/hard/libnosys.a(_exit.o)
 .ARM.attributes
                0x000000000000109b       0x1e /usr/lib/gcc/arm-none-eabi/8.3.1/thumb/v7e-m+fp/hard/libgcc.a(_arm_addsubdf3.o)
 .ARM.attributes
                0x00000000000010b9       0x1e /usr/lib/gcc/arm-none-eabi/8.3.1/thumb/v7e-m+fp/hard/libgcc.a(_arm_muldivdf3.o)
 .ARM.attributes
                0x00000000000010d7       0x1e /usr/lib/gcc/arm-none-eabi/8.3.1/thumb/v7e-m+fp/hard/libgcc.a(_arm_cmpdf2.o)
 .ARM.attributes
                0x00000000000010f5       0x1e /usr/lib/gcc/arm-none-eabi/8.3.1/thumb/v7e-m+fp/hard/libgcc.a(_arm_unorddf2.o)
 .ARM.attributes
                0x0000000000001113       0x1e /usr/lib/gcc/arm-none-eabi/8.3.1/thumb/v7e-m+fp/hard/libgcc.a(_arm_fixdfsi.o)
 .ARM.attributes
                0x0000000000001131       0x1e /usr/lib/gcc/arm-none-eabi/8.3.1/thumb/v7e-m+fp/hard/libgcc.a(_aeabi_uldivmod.o)
 .ARM.attributes
                0x000000000000114f       0x34 /usr/lib/gcc/arm-none-eabi/8.3.1/thumb/v7e-m+fp/hard/libgcc.a(_udivmoddi4.o)
 .ARM.attributes
                0x0000000000001183       0x1e /usr/lib/gcc/arm-none-eabi/8.3.1/thumb/v7e-m+fp/hard/libgcc.a(_dvmd_tls.o)
 .ARM.attributes
                0x00000000000011a1       0x32 /usr/lib/gcc/arm-none-eabi/8.3.1/thumb/v7e-m+fp/hard/crtend.o
 .ARM.attributes
                0x00000000000011d3       0x1e /usr/lib/gcc/arm-none-eabi/8.3.1/thumb/v7e-m+fp/hard/crtn.o

MAPPING_TABLE
 *(MAPPING_TABLE)

MB_MEM1
 *(MB_MEM1)

MB_MEM2         0x0000000020030000        0x0
                0x0000000020030000                _sMB_MEM2 = .
 *(MB_MEM2)
                0x0000000020030000                _eMB_MEM2 = .
OUTPUT(build/wallet.elf elf32-littlearm)
LOAD linker stubs
LOAD /usr/lib/gcc/arm-none-eabi/8.3.1/../../../arm-none-eabi/lib/thumb/v7e-m+fp/hard/libc.a
LOAD /usr/lib/gcc/arm-none-eabi/8.3.1/../../../arm-none-eabi/lib/thumb/v7e-m+fp/hard/libm.a
LOAD /usr/lib/gcc/arm-none-eabi/8.3.1/thumb/v7e-m+fp/hard/libgcc.a

.comment        0x0000000000000000       0x9f
 .comment       0x0000000000000000       0x51 /usr/lib/gcc/arm-none-eabi/8.3.1/thumb/v7e-m+fp/hard/crtbegin.o
                                         0x52 (size before relaxing)
 .comment       0x0000000000000051       0x52 build/retarget.o
 .comment       0x0000000000000051       0x52 build/main.o
 .comment       0x0000000000000051       0x52 build/sha256.o
 .comment       0x0000000000000051       0x52 build/stm32wbxx_it.o
 .comment       0x0000000000000051       0x52 build/stm32wbxx_hal_msp.o
 .comment       0x0000000000000051       0x52 build/stm32wbxx_hal_timebase_tim.o
 .comment       0x0000000000000051       0x52 build/stm32wbxx_hal_rcc.o
 .comment       0x0000000000000051       0x52 build/stm32wbxx_hal_rcc_ex.o
 .comment       0x0000000000000051       0x52 build/stm32wbxx_hal_gpio.o
 .comment       0x0000000000000051       0x52 build/stm32wbxx_hal_dma.o
 .comment       0x0000000000000051       0x52 build/stm32wbxx_hal_pwr.o
 .comment       0x0000000000000051       0x52 build/stm32wbxx_hal_pwr_ex.o
 .comment       0x0000000000000051       0x52 build/stm32wbxx_hal_cortex.o
 .comment       0x0000000000000051       0x52 build/stm32wbxx_hal.o
 .comment       0x0000000000000051       0x52 build/stm32wbxx_hal_uart.o
 .comment       0x0000000000000051       0x52 build/stm32wbxx_hal_uart_ex.o
 .comment       0x0000000000000051       0x52 build/stm32wbxx_hal_tim.o
 .comment       0x0000000000000051       0x52 build/stm32wbxx_hal_tim_ex.o
 .comment       0x0000000000000051       0x52 build/system_stm32wbxx.o
 .comment       0x0000000000000051       0x52 build/list.o
 .comment       0x0000000000000051       0x52 build/queue.o
 .comment       0x0000000000000051       0x52 build/tasks.o
 .comment       0x0000000000000051       0x52 build/timers.o
 .comment       0x0000000000000051       0x52 build/cmsis_os2.o
 .comment       0x0000000000000051       0x52 build/heap_4.o
 .comment       0x0000000000000051       0x52 build/port.o
 .comment       0x0000000000000051       0x52 secp256k1/src/libsecp256k1_la-secp256k1.o
 .comment       0x0000000000000051       0x4e /usr/lib/gcc/arm-none-eabi/8.3.1/../../../arm-none-eabi/lib/thumb/v7e-m+fp/hard/libc_nano.a(lib_a-abort.o)
                                         0x4f (size before relaxing)
 .comment       0x000000000000009f       0x4f /usr/lib/gcc/arm-none-eabi/8.3.1/../../../arm-none-eabi/lib/thumb/v7e-m+fp/hard/libc_nano.a(lib_a-errno.o)
 .comment       0x000000000000009f       0x4f /usr/lib/gcc/arm-none-eabi/8.3.1/../../../arm-none-eabi/lib/thumb/v7e-m+fp/hard/libc_nano.a(lib_a-fprintf.o)
 .comment       0x000000000000009f       0x4f /usr/lib/gcc/arm-none-eabi/8.3.1/../../../arm-none-eabi/lib/thumb/v7e-m+fp/hard/libc_nano.a(lib_a-impure.o)
 .comment       0x000000000000009f       0x4f /usr/lib/gcc/arm-none-eabi/8.3.1/../../../arm-none-eabi/lib/thumb/v7e-m+fp/hard/libc_nano.a(lib_a-init.o)
 .comment       0x000000000000009f       0x4f /usr/lib/gcc/arm-none-eabi/8.3.1/../../../arm-none-eabi/lib/thumb/v7e-m+fp/hard/libc_nano.a(lib_a-malloc.o)
 .comment       0x000000000000009f       0x4f /usr/lib/gcc/arm-none-eabi/8.3.1/../../../arm-none-eabi/lib/thumb/v7e-m+fp/hard/libc_nano.a(lib_a-memset.o)
 .comment       0x000000000000009f       0x4f /usr/lib/gcc/arm-none-eabi/8.3.1/../../../arm-none-eabi/lib/thumb/v7e-m+fp/hard/libc_nano.a(lib_a-nano-freer.o)
 .comment       0x000000000000009f       0x4f /usr/lib/gcc/arm-none-eabi/8.3.1/../../../arm-none-eabi/lib/thumb/v7e-m+fp/hard/libc_nano.a(lib_a-nano-mallocr.o)
 .comment       0x000000000000009f       0x4f /usr/lib/gcc/arm-none-eabi/8.3.1/../../../arm-none-eabi/lib/thumb/v7e-m+fp/hard/libc_nano.a(lib_a-nano-vfprintf.o)
 .comment       0x000000000000009f       0x4f /usr/lib/gcc/arm-none-eabi/8.3.1/../../../arm-none-eabi/lib/thumb/v7e-m+fp/hard/libc_nano.a(lib_a-nano-vfprintf_float.o)
 .comment       0x000000000000009f       0x4f /usr/lib/gcc/arm-none-eabi/8.3.1/../../../arm-none-eabi/lib/thumb/v7e-m+fp/hard/libc_nano.a(lib_a-nano-vfprintf_i.o)
 .comment       0x000000000000009f       0x4f /usr/lib/gcc/arm-none-eabi/8.3.1/../../../arm-none-eabi/lib/thumb/v7e-m+fp/hard/libc_nano.a(lib_a-printf.o)
 .comment       0x000000000000009f       0x4f /usr/lib/gcc/arm-none-eabi/8.3.1/../../../arm-none-eabi/lib/thumb/v7e-m+fp/hard/libc_nano.a(lib_a-putchar.o)
 .comment       0x000000000000009f       0x4f /usr/lib/gcc/arm-none-eabi/8.3.1/../../../arm-none-eabi/lib/thumb/v7e-m+fp/hard/libc_nano.a(lib_a-sbrkr.o)
 .comment       0x000000000000009f       0x4f /usr/lib/gcc/arm-none-eabi/8.3.1/../../../arm-none-eabi/lib/thumb/v7e-m+fp/hard/libc_nano.a(lib_a-setvbuf.o)
 .comment       0x000000000000009f       0x4f /usr/lib/gcc/arm-none-eabi/8.3.1/../../../arm-none-eabi/lib/thumb/v7e-m+fp/hard/libc_nano.a(lib_a-signal.o)
 .comment       0x000000000000009f       0x4f /usr/lib/gcc/arm-none-eabi/8.3.1/../../../arm-none-eabi/lib/thumb/v7e-m+fp/hard/libc_nano.a(lib_a-signalr.o)
 .comment       0x000000000000009f       0x4f /usr/lib/gcc/arm-none-eabi/8.3.1/../../../arm-none-eabi/lib/thumb/v7e-m+fp/hard/libc_nano.a(lib_a-wbuf.o)
 .comment       0x000000000000009f       0x4f /usr/lib/gcc/arm-none-eabi/8.3.1/../../../arm-none-eabi/lib/thumb/v7e-m+fp/hard/libc_nano.a(lib_a-wsetup.o)
 .comment       0x000000000000009f       0x4f /usr/lib/gcc/arm-none-eabi/8.3.1/../../../arm-none-eabi/lib/thumb/v7e-m+fp/hard/libc_nano.a(lib_a-dtoa.o)
 .comment       0x000000000000009f       0x4f /usr/lib/gcc/arm-none-eabi/8.3.1/../../../arm-none-eabi/lib/thumb/v7e-m+fp/hard/libc_nano.a(lib_a-fflush.o)