Archive member included to satisfy reference by file (symbol)

/usr/lib/gcc/arm-none-eabi/8.3.1/../../../arm-none-eabi/lib/thumb/v7e-m+fp/hard/libc_nano.a(lib_a-abort.o)
                              secp256k1/src/libsecp256k1_la-secp256k1.o (abort)
/usr/lib/gcc/arm-none-eabi/8.3.1/../../../arm-none-eabi/lib/thumb/v7e-m+fp/hard/libc_nano.a(lib_a-atexit.o)
                              /usr/lib/gcc/arm-none-eabi/8.3.1/../../../arm-none-eabi/lib/thumb/v7e-m+fp/hard/crt0.o (atexit)
/usr/lib/gcc/arm-none-eabi/8.3.1/../../../arm-none-eabi/lib/thumb/v7e-m+fp/hard/libc_nano.a(lib_a-errno.o)
                              build/retarget.o (__errno)
/usr/lib/gcc/arm-none-eabi/8.3.1/../../../arm-none-eabi/lib/thumb/v7e-m+fp/hard/libc_nano.a(lib_a-exit.o)
                              /usr/lib/gcc/arm-none-eabi/8.3.1/../../../arm-none-eabi/lib/thumb/v7e-m+fp/hard/crt0.o (exit)
/usr/lib/gcc/arm-none-eabi/8.3.1/../../../arm-none-eabi/lib/thumb/v7e-m+fp/hard/libc_nano.a(lib_a-fini.o)
                              /usr/lib/gcc/arm-none-eabi/8.3.1/../../../arm-none-eabi/lib/thumb/v7e-m+fp/hard/crt0.o (__libc_fini_array)
/usr/lib/gcc/arm-none-eabi/8.3.1/../../../arm-none-eabi/lib/thumb/v7e-m+fp/hard/libc_nano.a(lib_a-fprintf.o)
                              secp256k1/src/libsecp256k1_la-secp256k1.o (fprintf)
/usr/lib/gcc/arm-none-eabi/8.3.1/../../../arm-none-eabi/lib/thumb/v7e-m+fp/hard/libc_nano.a(lib_a-getchar.o)
                              build/main.o (getchar)
/usr/lib/gcc/arm-none-eabi/8.3.1/../../../arm-none-eabi/lib/thumb/v7e-m+fp/hard/libc_nano.a(lib_a-impure.o)
                              /usr/lib/gcc/arm-none-eabi/8.3.1/../../../arm-none-eabi/lib/thumb/v7e-m+fp/hard/libc_nano.a(lib_a-exit.o) (_global_impure_ptr)
/usr/lib/gcc/arm-none-eabi/8.3.1/../../../arm-none-eabi/lib/thumb/v7e-m+fp/hard/libc_nano.a(lib_a-init.o)
                              /usr/lib/gcc/arm-none-eabi/8.3.1/../../../arm-none-eabi/lib/thumb/v7e-m+fp/hard/crt0.o (__libc_init_array)
/usr/lib/gcc/arm-none-eabi/8.3.1/../../../arm-none-eabi/lib/thumb/v7e-m+fp/hard/libc_nano.a(lib_a-malloc.o)
                              build/run.o (malloc)
/usr/lib/gcc/arm-none-eabi/8.3.1/../../../arm-none-eabi/lib/thumb/v7e-m+fp/hard/libc_nano.a(lib_a-memchr.o)
                              build/run.o (memchr)
/usr/lib/gcc/arm-none-eabi/8.3.1/../../../arm-none-eabi/lib/thumb/v7e-m+fp/hard/libc_nano.a(lib_a-memcmp.o)
                              build/encrypt.o (memcmp)
/usr/lib/gcc/arm-none-eabi/8.3.1/../../../arm-none-eabi/lib/thumb/v7e-m+fp/hard/libc_nano.a(lib_a-memcpy.o)
                              build/queue.o (memcpy)
/usr/lib/gcc/arm-none-eabi/8.3.1/../../../arm-none-eabi/lib/thumb/v7e-m+fp/hard/libc_nano.a(lib_a-memset.o)
                              /usr/lib/gcc/arm-none-eabi/8.3.1/../../../arm-none-eabi/lib/thumb/v7e-m+fp/hard/crt0.o (memset)
/usr/lib/gcc/arm-none-eabi/8.3.1/../../../arm-none-eabi/lib/thumb/v7e-m+fp/hard/libc_nano.a(lib_a-nano-freer.o)
                              /usr/lib/gcc/arm-none-eabi/8.3.1/../../../arm-none-eabi/lib/thumb/v7e-m+fp/hard/libc_nano.a(lib_a-malloc.o) (_free_r)
/usr/lib/gcc/arm-none-eabi/8.3.1/../../../arm-none-eabi/lib/thumb/v7e-m+fp/hard/libc_nano.a(lib_a-nano-mallocr.o)
                              /usr/lib/gcc/arm-none-eabi/8.3.1/../../../arm-none-eabi/lib/thumb/v7e-m+fp/hard/libc_nano.a(lib_a-malloc.o) (_malloc_r)
/usr/lib/gcc/arm-none-eabi/8.3.1/../../../arm-none-eabi/lib/thumb/v7e-m+fp/hard/libc_nano.a(lib_a-nano-vfprintf.o)
                              /usr/lib/gcc/arm-none-eabi/8.3.1/../../../arm-none-eabi/lib/thumb/v7e-m+fp/hard/libc_nano.a(lib_a-fprintf.o) (_vfprintf_r)
/usr/lib/gcc/arm-none-eabi/8.3.1/../../../arm-none-eabi/lib/thumb/v7e-m+fp/hard/libc_nano.a(lib_a-nano-vfprintf_float.o)
                              /usr/lib/gcc/arm-none-eabi/8.3.1/../../../arm-none-eabi/lib/thumb/v7e-m+fp/hard/libc_nano.a(lib_a-nano-vfprintf.o) (_printf_float)
/usr/lib/gcc/arm-none-eabi/8.3.1/../../../arm-none-eabi/lib/thumb/v7e-m+fp/hard/libc_nano.a(lib_a-nano-vfprintf_i.o)
                              /usr/lib/gcc/arm-none-eabi/8.3.1/../../../arm-none-eabi/lib/thumb/v7e-m+fp/hard/libc_nano.a(lib_a-nano-vfprintf_float.o) (_printf_common)
/usr/lib/gcc/arm-none-eabi/8.3.1/../../../arm-none-eabi/lib/thumb/v7e-m+fp/hard/libc_nano.a(lib_a-printf.o)
                              build/run.o (printf)
/usr/lib/gcc/arm-none-eabi/8.3.1/../../../arm-none-eabi/lib/thumb/v7e-m+fp/hard/libc_nano.a(lib_a-putchar.o)
                              build/run.o (putchar)
/usr/lib/gcc/arm-none-eabi/8.3.1/../../../arm-none-eabi/lib/thumb/v7e-m+fp/hard/libc_nano.a(lib_a-puts.o)
                              build/run.o (puts)
/usr/lib/gcc/arm-none-eabi/8.3.1/../../../arm-none-eabi/lib/thumb/v7e-m+fp/hard/libc_nano.a(lib_a-sbrkr.o)
                              /usr/lib/gcc/arm-none-eabi/8.3.1/../../../arm-none-eabi/lib/thumb/v7e-m+fp/hard/libc_nano.a(lib_a-nano-mallocr.o) (_sbrk_r)
[...]
Memory Configuration

Name             Origin             Length             Attributes
FLASH            0x0000000008000000 0x0000000000080000 xr
RAM1             0x0000000020000008 0x000000000002fff8 xrw
RAM_SHARED       0x0000000020030000 0x0000000000002800 xrw
*default*        0x0000000000000000 0xffffffffffffffff

Linker script and memory map

LOAD /usr/lib/gcc/arm-none-eabi/8.3.1/thumb/v7e-m+fp/hard/crti.o
LOAD /usr/lib/gcc/arm-none-eabi/8.3.1/thumb/v7e-m+fp/hard/crtbegin.o
LOAD /usr/lib/gcc/arm-none-eabi/8.3.1/../../../arm-none-eabi/lib/thumb/v7e-m+fp/hard/crt0.o
LOAD build/run.o
LOAD build/retarget.o
LOAD build/main.o
LOAD build/encrypt.o
LOAD build/sha256.o
LOAD build/aes.o
LOAD build/app_freertos.o
LOAD build/stm32wbxx_it.o
LOAD build/stm32wbxx_hal_msp.o
LOAD build/stm32wbxx_hal_timebase_tim.o
LOAD build/stm32wbxx_hal_rcc.o
LOAD build/stm32wbxx_hal_rcc_ex.o
LOAD build/stm32wbxx_hal_flash.o
LOAD build/stm32wbxx_hal_flash_ex.o
LOAD build/stm32wbxx_hal_gpio.o
LOAD build/stm32wbxx_hal_hsem.o
LOAD build/stm32wbxx_hal_dma.o
LOAD build/stm32wbxx_hal_dma_ex.o
LOAD build/stm32wbxx_hal_pwr.o
LOAD build/stm32wbxx_hal_pwr_ex.o
LOAD build/stm32wbxx_hal_cortex.o
LOAD build/stm32wbxx_hal.o
LOAD build/stm32wbxx_hal_exti.o
LOAD build/stm32wbxx_hal_uart.o
LOAD build/stm32wbxx_hal_uart_ex.o
LOAD build/stm32wbxx_hal_tim.o
LOAD build/stm32wbxx_hal_tim_ex.o
LOAD build/system_stm32wbxx.o
LOAD build/croutine.o
LOAD build/event_groups.o
LOAD build/list.o
LOAD build/queue.o
LOAD build/stream_buffer.o
LOAD build/tasks.o
LOAD build/timers.o
LOAD build/cmsis_os2.o
LOAD build/heap_4.o
LOAD build/port.o
LOAD build/startup_stm32wb55xx_cm4.o
LOAD secp256k1/src/libsecp256k1_la-secp256k1.o
LOAD /usr/lib/gcc/arm-none-eabi/8.3.1/../../../arm-none-eabi/lib/thumb/v7e-m+fp/hard/libc_nano.a
LOAD /usr/lib/gcc/arm-none-eabi/8.3.1/../../../arm-none-eabi/lib/thumb/v7e-m+fp/hard/libm.a
LOAD /usr/lib/gcc/arm-none-eabi/8.3.1/../../../arm-none-eabi/lib/thumb/v7e-m+fp/hard/libnosys.a
LOAD /usr/lib/gcc/arm-none-eabi/8.3.1/../../../arm-none-eabi/lib/thumb/v7e-m+fp/hard/librdimon_nano.a
START GROUP
LOAD /usr/lib/gcc/arm-none-eabi/8.3.1/thumb/v7e-m+fp/hard/libgcc.a
LOAD /usr/lib/gcc/arm-none-eabi/8.3.1/../../../arm-none-eabi/lib/thumb/v7e-m+fp/hard/libc_nano.a
END GROUP
START GROUP
LOAD /usr/lib/gcc/arm-none-eabi/8.3.1/thumb/v7e-m+fp/hard/libgcc.a
LOAD /usr/lib/gcc/arm-none-eabi/8.3.1/../../../arm-none-eabi/lib/thumb/v7e-m+fp/hard/libc_nano.a
LOAD /usr/lib/gcc/arm-none-eabi/8.3.1/../../../arm-none-eabi/lib/thumb/v7e-m+fp/hard/libnosys.a
END GROUP
START GROUP
LOAD /usr/lib/gcc/arm-none-eabi/8.3.1/thumb/v7e-m+fp/hard/libgcc.a
LOAD /usr/lib/gcc/arm-none-eabi/8.3.1/../../../arm-none-eabi/lib/thumb/v7e-m+fp/hard/libc_nano.a
LOAD /usr/lib/gcc/arm-none-eabi/8.3.1/../../../arm-none-eabi/lib/thumb/v7e-m+fp/hard/libnosys.a
END GROUP
LOAD /usr/lib/gcc/arm-none-eabi/8.3.1/thumb/v7e-m+fp/hard/crtend.o
LOAD /usr/lib/gcc/arm-none-eabi/8.3.1/thumb/v7e-m+fp/hard/crtn.o
                0x0000000020030000                _estack = 0x20030000
                0x0000000000000200                _Min_Heap_Size = 0x200
                0x0000000000000400                _Min_Stack_Size = 0x400

.isr_vector     0x0000000008000000      0x13c
                0x0000000008000000                . = ALIGN (0x4)
 *(.isr_vector)
 .isr_vector    0x0000000008000000      0x13c build/startup_stm32wb55xx_cm4.o
                0x0000000008000000                g_pfnVectors
                0x000000000800013c                . = ALIGN (0x4)

.text           0x0000000008000140    0x13df8
                0x0000000008000140                . = ALIGN (0x4)
 *(.text)
 .text          0x0000000008000140       0x88 /usr/lib/gcc/arm-none-eabi/8.3.1/thumb/v7e-m+fp/hard/crtbegin.o
 .text          0x00000000080001c8       0x10 /usr/lib/gcc/arm-none-eabi/8.3.1/../../../arm-none-eabi/lib/thumb/v7e-m+fp/hard/libc_nano.a(lib_a-abort.o)
                0x00000000080001c8                abort
 .text          0x00000000080001d8        0xc /usr/lib/gcc/arm-none-eabi/8.3.1/../../../arm-none-eabi/lib/thumb/v7e-m+fp/hard/libc_nano.a(lib_a-errno.o)
                0x00000000080001d8                __errno
 .text          0x00000000080001e4       0x44 /usr/lib/gcc/arm-none-eabi/8.3.1/../../../arm-none-eabi/lib/thumb/v7e-m+fp/hard/libc_nano.a(lib_a-fprintf.o)
                0x00000000080001e4                _fprintf_r
                0x00000000080001e4                _fiprintf_r
                0x0000000008000200                fprintf
                0x0000000008000200                fiprintf
 .text          0x0000000008000228       0x58 /usr/lib/gcc/arm-none-eabi/8.3.1/../../../arm-none-eabi/lib/thumb/v7e-m+fp/hard/libc_nano.a(lib_a-getchar.o)
                0x0000000008000228                _getchar_r
                0x0000000008000250                getchar
 .text          0x0000000008000280       0x48 /usr/lib/gcc/arm-none-eabi/8.3.1/../../../arm-none-eabi/lib/thumb/v7e-m+fp/hard/libc_nano.a(lib_a-init.o)
                0x0000000008000280                __libc_init_array
 .text          0x00000000080002c8       0x20 /usr/lib/gcc/arm-none-eabi/8.3.1/../../../arm-none-eabi/lib/thumb/v7e-m+fp/hard/libc_nano.a(lib_a-malloc.o)
                0x00000000080002c8                malloc
                0x00000000080002d8                free
 *fill*         0x00000000080002e8        0x8 
 .text          0x00000000080002f0       0xa0 /usr/lib/gcc/arm-none-eabi/8.3.1/../../../arm-none-eabi/lib/thumb/v7e-m+fp/hard/libc_nano.a(lib_a-memchr.o)
                0x00000000080002f0                memchr
 .text          0x0000000008000390       0x60 /usr/lib/gcc/arm-none-eabi/8.3.1/../../../arm-none-eabi/lib/thumb/v7e-m+fp/hard/libc_nano.a(lib_a-memcmp.o)
                0x0000000008000390                memcmp
 .text          0x00000000080003f0      0x134 /usr/lib/gcc/arm-none-eabi/8.3.1/../../../arm-none-eabi/lib/thumb/v7e-m+fp/hard/libc_nano.a(lib_a-memcpy.o)
                0x00000000080003f0                memcpy
 .text          0x0000000008000524       0xa0 /usr/lib/gcc/arm-none-eabi/8.3.1/../../../arm-none-eabi/lib/thumb/v7e-m+fp/hard/libc_nano.a(lib_a-memset.o)
                0x0000000008000524                memset
 .text          0x00000000080005c4       0xac /usr/lib/gcc/arm-none-eabi/8.3.1/../../../arm-none-eabi/lib/thumb/v7e-m+fp/hard/libc_nano.a(lib_a-nano-freer.o)
                0x00000000080005c4                _free_r
 .text          0x0000000008000670       0xc8 /usr/lib/gcc/arm-none-eabi/8.3.1/../../../arm-none-eabi/lib/thumb/v7e-m+fp/hard/libc_nano.a(lib_a-nano-mallocr.o)
                0x0000000008000670                _malloc_r
 .text          0x0000000008000738      0x364 /usr/lib/gcc/arm-none-eabi/8.3.1/../../../arm-none-eabi/lib/thumb/v7e-m+fp/hard/libc_nano.a(lib_a-nano-vfprintf.o)
                0x0000000008000774                __sfputs_r
                0x00000000080007a4                __sprint_r
                0x00000000080007c0                _vfiprintf_r
                0x00000000080007c0                _vfprintf_r
                0x0000000008000a84                vfiprintf
                0x0000000008000a84                vfprintf
 .text          0x0000000008000a9c      0x6b8 /usr/lib/gcc/arm-none-eabi/8.3.1/../../../arm-none-eabi/lib/thumb/v7e-m+fp/hard/libc_nano.a(lib_a-nano-vfprintf_float.o)
                0x0000000008000a9c                __cvt
                0x0000000008000b98                __exponent
                0x0000000008000c24                _printf_float
 .text          0x0000000008001154      0x3c4 /usr/lib/gcc/arm-none-eabi/8.3.1/../../../arm-none-eabi/lib/thumb/v7e-m+fp/hard/libc_nano.a(lib_a-nano-vfprintf_i.o)
                0x0000000008001154                _printf_common
                0x0000000008001280                _printf_i
 .text          0x0000000008001518       0x68 /usr/lib/gcc/arm-none-eabi/8.3.1/../../../arm-none-eabi/lib/thumb/v7e-m+fp/hard/libc_nano.a(lib_a-printf.o)
                0x0000000008001518                _printf_r
                0x0000000008001518                _iprintf_r
                0x0000000008001548                printf
                0x0000000008001548                iprintf
 .text          0x0000000008001580       0x58 /usr/lib/gcc/arm-none-eabi/8.3.1/../../../arm-none-eabi/lib/thumb/v7e-m+fp/hard/libc_nano.a(lib_a-putchar.o)
                0x0000000008001580                _putchar_r
                0x00000000080015a4                putchar
 .text          0x00000000080015d8       0xe8 /usr/lib/gcc/arm-none-eabi/8.3.1/../../../arm-none-eabi/lib/thumb/v7e-m+fp/hard/libc_nano.a(lib_a-puts.o)
                0x00000000080015d8                _puts_r
                0x00000000080016b0                puts
 .text          0x00000000080016c0       0x24 /usr/lib/gcc/arm-none-eabi/8.3.1/../../../arm-none-eabi/lib/thumb/v7e-m+fp/hard/libc_nano.a(lib_a-sbrkr.o)
                0x00000000080016c0                _sbrk_r
 .text          0x00000000080016e4      0x178 /usr/lib/gcc/arm-none-eabi/8.3.1/../../../arm-none-eabi/lib/thumb/v7e-m+fp/hard/libc_nano.a(lib_a-setvbuf.o)
                0x00000000080016e4                setvbuf
 .text          0x000000000800185c      0x150 /usr/lib/gcc/arm-none-eabi/8.3.1/../../../arm-none-eabi/lib/thumb/v7e-m+fp/hard/libc_nano.a(lib_a-signal.o)
                0x0000000008001884                _init_signal_r
                0x0000000008001890                _signal_r
                0x00000000080018c4                _raise_r
                0x0000000008001918                __sigtramp_r
                0x0000000008001968                raise
                0x0000000008001978                signal
                0x0000000008001988                _init_signal
                0x000000000800199c                __sigtramp
 .text          0x00000000080019ac       0x2c /usr/lib/gcc/arm-none-eabi/8.3.1/../../../arm-none-eabi/lib/thumb/v7e-m+fp/hard/libc_nano.a(lib_a-signalr.o)
                0x00000000080019ac                _kill_r
                0x00000000080019d4                _getpid_r
 *fill*         0x00000000080019d8       0x28 
 .text          0x0000000008001a00       0xdc /usr/lib/gcc/arm-none-eabi/8.3.1/../../../arm-none-eabi/lib/thumb/v7e-m+fp/hard/libc_nano.a(lib_a-strlen.o)
                0x0000000008001a00                strlen
 .text          0x0000000008001adc       0xa4 /usr/lib/gcc/arm-none-eabi/8.3.1/../../../arm-none-eabi/lib/thumb/v7e-m+fp/hard/libc_nano.a(lib_a-strncmp.o)
                0x0000000008001adc                strncmp
 .text          0x0000000008001b80       0x74 /usr/lib/gcc/arm-none-eabi/8.3.1/../../../arm-none-eabi/lib/thumb/v7e-m+fp/hard/libc_nano.a(lib_a-strncpy.o)
                0x0000000008001b80                strncpy
 .text          0x0000000008001bf4      0x174 /usr/lib/gcc/arm-none-eabi/8.3.1/../../../arm-none-eabi/lib/thumb/v7e-m+fp/hard/libc_nano.a(lib_a-strtoul.o)
                0x0000000008001d34                _strtoul_r
                0x0000000008001d38                strtoul_l
                0x0000000008001d50                strtoul
 .text          0x0000000008001d68       0xc0 /usr/lib/gcc/arm-none-eabi/8.3.1/../../../arm-none-eabi/lib/thumb/v7e-m+fp/hard/libc_nano.a(lib_a-wbuf.o)
                0x0000000008001d68                __swbuf_r
                0x0000000008001e18                __swbuf
 .text          0x0000000008001e28      0x100 /usr/lib/gcc/arm-none-eabi/8.3.1/../../../arm-none-eabi/lib/thumb/v7e-m+fp/hard/libc_nano.a(lib_a-wsetup.o)
                0x0000000008001e28                __swsetup_r
 .text          0x0000000008001f28      0xffc /usr/lib/gcc/arm-none-eabi/8.3.1/../../../arm-none-eabi/lib/thumb/v7e-m+fp/hard/libc_nano.a(lib_a-dtoa.o)
                0x000000000800204c                _dtoa_r
 .text          0x0000000008002f24      0x1b0 /usr/lib/gcc/arm-none-eabi/8.3.1/../../../arm-none-eabi/lib/thumb/v7e-m+fp/hard/libc_nano.a(lib_a-fflush.o)
                0x0000000008002f24                __sflush_r
                0x0000000008003050                _fflush_r
                0x00000000080030b0                fflush
 .text          0x00000000080030d4      0x210 /usr/lib/gcc/arm-none-eabi/8.3.1/../../../arm-none-eabi/lib/thumb/v7e-m+fp/hard/libc_nano.a(lib_a-findfp.o)
                0x00000000080030d8                _cleanup_r
                0x00000000080030e8                __sfmoreglue
                0x0000000008003118                __sfp
                0x0000000008003290                _cleanup
                0x00000000080032a4                __sinit
                0x00000000080032ac                __sfp_lock_acquire
                0x00000000080032b0                __sfp_lock_release
                0x00000000080032b4                __sinit_lock_acquire
                0x00000000080032b8                __sinit_lock_release
                0x00000000080032bc                __fp_lock_all
                0x00000000080032d0                __fp_unlock_all
 .text          0x00000000080032e4      0x308 /usr/lib/gcc/arm-none-eabi/8.3.1/../../../arm-none-eabi/lib/thumb/v7e-m+fp/hard/libc_nano.a(lib_a-fvwrite.o)
                0x00000000080032e4                __sfvwrite_r
 .text          0x00000000080035ec       0xa0 /usr/lib/gcc/arm-none-eabi/8.3.1/../../../arm-none-eabi/lib/thumb/v7e-m+fp/hard/libc_nano.a(lib_a-fwalk.o)
                0x00000000080035ec                _fwalk
                0x0000000008003638                _fwalk_reent
 .text          0x000000000800368c       0xdc /usr/lib/gcc/arm-none-eabi/8.3.1/../../../arm-none-eabi/lib/thumb/v7e-m+fp/hard/libc_nano.a(lib_a-getc.o)
                0x000000000800368c                _getc_r
                0x00000000080036f8                getc
 .text          0x0000000008003768       0x14 /usr/lib/gcc/arm-none-eabi/8.3.1/../../../arm-none-eabi/lib/thumb/v7e-m+fp/hard/libc_nano.a(lib_a-localeconv.o)
                0x0000000008003768                __localeconv_l
                0x000000000800376c                _localeconv_r
                0x0000000008003774                localeconv
 .text          0x000000000800377c       0xf0 /usr/lib/gcc/arm-none-eabi/8.3.1/../../../arm-none-eabi/lib/thumb/v7e-m+fp/hard/libc_nano.a(lib_a-makebuf.o)
                0x000000000800377c                __swhatbuf_r
                0x00000000080037d8                __smakebuf_r
 .text          0x000000000800386c       0xd0 /usr/lib/gcc/arm-none-eabi/8.3.1/../../../arm-none-eabi/lib/thumb/v7e-m+fp/hard/libc_nano.a(lib_a-memmove.o)
                0x000000000800386c                memmove
 .text          0x000000000800393c        0x8 /usr/lib/gcc/arm-none-eabi/8.3.1/../../../arm-none-eabi/lib/thumb/v7e-m+fp/hard/libc_nano.a(lib_a-mlock.o)
                0x000000000800393c                __malloc_lock
                0x0000000008003940                __malloc_unlock
 .text          0x0000000008003944      0xa38 /usr/lib/gcc/arm-none-eabi/8.3.1/../../../arm-none-eabi/lib/thumb/v7e-m+fp/hard/libc_nano.a(lib_a-mprec.o)
                0x0000000008003944                _Balloc
                0x00000000080039c4                _Bfree
                0x0000000008003a10                __multadd
                0x0000000008003ab0                __s2b
                0x0000000008003b5c                __hi0bits
                0x0000000008003b9c                __lo0bits
                0x0000000008003bfc                __i2b
                0x0000000008003c28                __multiply
                0x0000000008003d74                __pow5mult
                0x0000000008003e38                __lshift
                0x0000000008003f00                __mcmp
                0x0000000008003f38                __mdiff
                0x0000000008004060                __ulp
                0x00000000080040b0                __b2d
                0x0000000008004168                __d2b
                0x000000000800423c                __ratio
                0x000000000800429c                _mprec_log10
                0x00000000080042dc                __copybits
                0x0000000008004324                __any_on
 .text          0x000000000800437c       0x1c /usr/lib/gcc/arm-none-eabi/8.3.1/../../../arm-none-eabi/lib/thumb/v7e-m+fp/hard/libc_nano.a(lib_a-nano-callocr.o)
                0x000000000800437c                _calloc_r
 .text          0x0000000008004398       0x4c /usr/lib/gcc/arm-none-eabi/8.3.1/../../../arm-none-eabi/lib/thumb/v7e-m+fp/hard/libc_nano.a(lib_a-nano-reallocr.o)
                0x0000000008004398                _realloc_r
 .text          0x00000000080043e4      0x10c /usr/lib/gcc/arm-none-eabi/8.3.1/../../../arm-none-eabi/lib/thumb/v7e-m+fp/hard/libc_nano.a(lib_a-putc.o)
                0x00000000080043e4                _putc_r
                0x0000000008004464                putc
 .text          0x00000000080044f0       0x70 /usr/lib/gcc/arm-none-eabi/8.3.1/../../../arm-none-eabi/lib/thumb/v7e-m+fp/hard/libc_nano.a(lib_a-rget.o)
                0x00000000080044f0                __srget_r
                0x0000000008004550                __srget
 .text          0x0000000008004560       0x90 /usr/lib/gcc/arm-none-eabi/8.3.1/../../../arm-none-eabi/lib/thumb/v7e-m+fp/hard/libc_nano.a(lib_a-stdio.o)
                0x0000000008004560                __sread
                0x0000000008004584                __seofread
                0x0000000008004588                __swrite
                0x00000000080045c8                __sseek
                0x00000000080045e8                __sclose
 .text          0x00000000080045f0       0x2c /usr/lib/gcc/arm-none-eabi/8.3.1/../../../arm-none-eabi/lib/thumb/v7e-m+fp/hard/libc_nano.a(lib_a-writer.o)
                0x00000000080045f0                _write_r
 .text          0x000000000800461c       0x48 /usr/lib/gcc/arm-none-eabi/8.3.1/../../../arm-none-eabi/lib/thumb/v7e-m+fp/hard/libc_nano.a(lib_a-assert.o)
                0x000000000800461c                __assert_func
                0x0000000008004658                __assert
 .text          0x0000000008004664       0x24 /usr/lib/gcc/arm-none-eabi/8.3.1/../../../arm-none-eabi/lib/thumb/v7e-m+fp/hard/libc_nano.a(lib_a-closer.o)
                0x0000000008004664                _close_r
 .text          0x0000000008004688       0x28 /usr/lib/gcc/arm-none-eabi/8.3.1/../../../arm-none-eabi/lib/thumb/v7e-m+fp/hard/libc_nano.a(lib_a-fstatr.o)
                0x0000000008004688                _fstat_r
 .text          0x00000000080046b0       0x24 /usr/lib/gcc/arm-none-eabi/8.3.1/../../../arm-none-eabi/lib/thumb/v7e-m+fp/hard/libc_nano.a(lib_a-isattyr.o)
                0x00000000080046b0                _isatty_r
 .text          0x00000000080046d4       0x2c /usr/lib/gcc/arm-none-eabi/8.3.1/../../../arm-none-eabi/lib/thumb/v7e-m+fp/hard/libc_nano.a(lib_a-lseekr.o)
                0x00000000080046d4                _lseek_r
 .text          0x0000000008004700       0x40 /usr/lib/gcc/arm-none-eabi/8.3.1/../../../arm-none-eabi/lib/thumb/v7e-m+fp/hard/libc_nano.a(lib_a-mbtowc_r.o)
                0x0000000008004700                _mbtowc_r
                0x0000000008004714                __ascii_mbtowc
 .text          0x0000000008004740       0x10 /usr/lib/gcc/arm-none-eabi/8.3.1/../../../arm-none-eabi/lib/thumb/v7e-m+fp/hard/libc_nano.a(lib_a-nano-msizer.o)
                0x0000000008004740                _malloc_usable_size_r
 .text          0x0000000008004750       0x2c /usr/lib/gcc/arm-none-eabi/8.3.1/../../../arm-none-eabi/lib/thumb/v7e-m+fp/hard/libc_nano.a(lib_a-readr.o)
                0x0000000008004750                _read_r
 .text          0x000000000800477c      0x144 /usr/lib/gcc/arm-none-eabi/8.3.1/../../../arm-none-eabi/lib/thumb/v7e-m+fp/hard/libc_nano.a(lib_a-refill.o)
                0x0000000008004790                __srefill_r
 .text          0x00000000080048c0       0x30 /usr/lib/gcc/arm-none-eabi/8.3.1/../../../arm-none-eabi/lib/thumb/v7e-m+fp/hard/libc_nano.a(lib_a-wctomb_r.o)
                0x00000000080048c0                _wctomb_r
                0x00000000080048d4                __ascii_wctomb
 .text          0x00000000080048f0       0x10 /usr/lib/gcc/arm-none-eabi/8.3.1/../../../arm-none-eabi/lib/thumb/v7e-m+fp/hard/libnosys.a(getpid.o)
                0x00000000080048f0                _getpid
 .text          0x0000000008004900       0x10 /usr/lib/gcc/arm-none-eabi/8.3.1/../../../arm-none-eabi/lib/thumb/v7e-m+fp/hard/libnosys.a(kill.o)
                0x0000000008004900                _kill
 .text          0x0000000008004910       0x1c /usr/lib/gcc/arm-none-eabi/8.3.1/../../../arm-none-eabi/lib/thumb/v7e-m+fp/hard/libnosys.a(sbrk.o)
                0x0000000008004910                _sbrk
 .text          0x000000000800492c        0x4 /usr/lib/gcc/arm-none-eabi/8.3.1/../../../arm-none-eabi/lib/thumb/v7e-m+fp/hard/libnosys.a(_exit.o)
                0x000000000800492c                _exit
 .text          0x0000000008004930      0x378 /usr/lib/gcc/arm-none-eabi/8.3.1/thumb/v7e-m+fp/hard/libgcc.a(_arm_addsubdf3.o)
                0x0000000008004930                __aeabi_drsub
                0x0000000008004938                __aeabi_dsub
                0x0000000008004938                __subdf3
                0x000000000800493c                __adddf3
                0x000000000800493c                __aeabi_dadd
                0x0000000008004bb4                __aeabi_ui2d
                0x0000000008004bb4                __floatunsidf
                0x0000000008004bd4                __floatsidf
                0x0000000008004bd4                __aeabi_i2d
                0x0000000008004bf8                __extendsfdf2
                0x0000000008004bf8                __aeabi_f2d
                0x0000000008004c3c                __aeabi_ul2d
                0x0000000008004c3c                __floatundidf
                0x0000000008004c4c                __floatdidf
                0x0000000008004c4c                __aeabi_l2d
 .text          0x0000000008004ca8      0x424 /usr/lib/gcc/arm-none-eabi/8.3.1/thumb/v7e-m+fp/hard/libgcc.a(_arm_muldivdf3.o)
                0x0000000008004ca8                __aeabi_dmul
                0x0000000008004ca8                __muldf3
                0x0000000008004efc                __aeabi_ddiv
                0x0000000008004efc                __divdf3
 .text          0x00000000080050cc      0x110 /usr/lib/gcc/arm-none-eabi/8.3.1/thumb/v7e-m+fp/hard/libgcc.a(_arm_cmpdf2.o)
                0x00000000080050cc                __gtdf2
                0x00000000080050cc                __gedf2
                0x00000000080050d4                __ltdf2
                0x00000000080050d4                __ledf2
                0x00000000080050dc                __cmpdf2
                0x00000000080050dc                __eqdf2
                0x00000000080050dc                __nedf2
                0x0000000008005158                __aeabi_cdrcmple
                0x0000000008005168                __aeabi_cdcmple
                0x0000000008005168                __aeabi_cdcmpeq
                0x0000000008005178                __aeabi_dcmpeq
                0x000000000800518c                __aeabi_dcmplt
                0x00000000080051a0                __aeabi_dcmple
                0x00000000080051b4                __aeabi_dcmpge
                0x00000000080051c8                __aeabi_dcmpgt
 .text          0x00000000080051dc       0x2c /usr/lib/gcc/arm-none-eabi/8.3.1/thumb/v7e-m+fp/hard/libgcc.a(_arm_unorddf2.o)
                0x00000000080051dc                __aeabi_dcmpun
                0x00000000080051dc                __unorddf2
 .text          0x0000000008005208       0x50 /usr/lib/gcc/arm-none-eabi/8.3.1/thumb/v7e-m+fp/hard/libgcc.a(_arm_fixdfsi.o)
                0x0000000008005208                __fixdfsi
                0x0000000008005208                __aeabi_d2iz
 .text          0x0000000008005258       0x30 /usr/lib/gcc/arm-none-eabi/8.3.1/thumb/v7e-m+fp/hard/libgcc.a(_aeabi_uldivmod.o)
                0x0000000008005258                __aeabi_uldivmod
 .text          0x0000000008005288      0x2d0 /usr/lib/gcc/arm-none-eabi/8.3.1/thumb/v7e-m+fp/hard/libgcc.a(_udivmoddi4.o)
                0x0000000008005288                __udivmoddi4
 .text          0x0000000008005558        0x4 /usr/lib/gcc/arm-none-eabi/8.3.1/thumb/v7e-m+fp/hard/libgcc.a(_dvmd_tls.o)
                0x0000000008005558                __aeabi_ldiv0
                0x0000000008005558                __aeabi_idiv0
 *(.text*)
 .text.help     0x000000000800555c       0x10 build/run.o
                0x000000000800555c                help
 .text.get_privkey
                0x000000000800556c       0x34 build/run.o
                0x000000000800556c                get_privkey
 .text.save_privkey
                0x00000000080055a0       0xb8 build/run.o
                0x00000000080055a0                save_privkey
 .text.sign     0x0000000008005658       0x44 build/run.o
                0x0000000008005658                sign
 .text.hex_byte
                0x000000000800569c       0x26 build/run.o
                0x000000000800569c                hex_byte
 *fill*         0x00000000080056c2        0x2 
 .text.signh    0x00000000080056c4       0x64 build/run.o
                0x00000000080056c4                signh
 .text.signrech
                0x0000000008005728       0x90 build/run.o
                0x0000000008005728                signrech
 .text.signrec  0x00000000080057b8       0x4c build/run.o
                0x00000000080057b8                signrec
 .text.signrech_parse
                0x0000000008005804       0xf4 build/run.o
                0x0000000008005804                signrech_parse
 .text.signrec_parse
                0x00000000080058f8       0xf4 build/run.o
                0x00000000080058f8                signrec_parse
 .text.signh_parse
                0x00000000080059ec       0xf4 build/run.o
                0x00000000080059ec                signh_parse
 .text.sign_parse
                0x0000000008005ae0       0xf4 build/run.o
                0x0000000008005ae0                sign_parse
 .text.priv_parse
                0x0000000008005bd4       0xbc build/run.o
                0x0000000008005bd4                priv_parse
 .text.pub_parse
                0x0000000008005c90       0x5c build/run.o
                0x0000000008005c90                pub_parse
 .text.wallet_main
                0x0000000008005cec       0xbc build/run.o
                0x0000000008005cec                wallet_main
 .text.RetargetInit
                0x0000000008005da8       0x20 build/retarget.o
                0x0000000008005da8                RetargetInit
 .text._isatty  0x0000000008005dc8       0x16 build/retarget.o
                0x0000000008005dc8                _isatty
 *fill*         0x0000000008005dde        0x2 
 .text._write   0x0000000008005de0       0x94 build/retarget.o
                0x0000000008005de0                _write
 .text._close   0x0000000008005e74       0x18 build/retarget.o
                0x0000000008005e74                _close
 .text._lseek   0x0000000008005e8c       0x10 build/retarget.o
                0x0000000008005e8c                _lseek
 .text._read    0x0000000008005e9c       0x30 build/retarget.o
                0x0000000008005e9c                _read
 .text._fstat   0x0000000008005ecc       0x1a build/retarget.o
                0x0000000008005ecc                _fstat
 *fill*         0x0000000008005ee6        0x2 
 .text.MX_GPIO_Init
                0x0000000008005ee8       0xe0 build/main.o
 .text.StartDefaultTask
                0x0000000008005fc8       0x90 build/main.o
                0x0000000008005fc8                StartDefaultTask
 .text.HAL_TIM_PeriodElapsedCallback
                0x0000000008006058       0x18 build/main.o
                0x0000000008006058                HAL_TIM_PeriodElapsedCallback
 .text.Error_Handler
                0x0000000008006070        0x4 build/main.o
                0x0000000008006070                Error_Handler
 .text.MX_USART1_UART_Init
                0x0000000008006074       0x64 build/main.o
 .text.SystemClock_Config
                0x00000000080060d8       0xa8 build/main.o
                0x00000000080060d8                SystemClock_Config
 .text.main     0x0000000008006180       0x40 build/main.o
                0x0000000008006180                main
 .text.KeyExpansionCore
                0x00000000080061c0       0x30 build/encrypt.o
 .text.KeyExpansion
                0x00000000080061f0       0x70 build/encrypt.o
 .text.encrypt_raw
                0x0000000008006260       0x5a build/encrypt.o
                0x0000000008006260                encrypt_raw
 .text.decrypt  0x00000000080062ba       0x6c build/encrypt.o
                0x00000000080062ba                decrypt
 *fill*         0x0000000008006326        0x2 
 .text.SHA256Transform
                0x0000000008006328      0x140 build/sha256.o
                0x0000000008006328                SHA256Transform
 .text.SHA256Init
                0x0000000008006468       0x50 build/sha256.o
                0x0000000008006468                SHA256Init
 .text.SHA256Update
                0x00000000080064b8       0x44 build/sha256.o
                0x00000000080064b8                SHA256Update
 .text.SHA256Final
                0x00000000080064fc       0xee build/sha256.o
                0x00000000080064fc                SHA256Final
 .text.SHA256   0x00000000080065ea       0x2a build/sha256.o
                0x00000000080065ea                SHA256
 .text.SubRoundKey
                0x0000000008006614       0x1e build/aes.o
                0x0000000008006614                SubRoundKey
 .text.AddRoundKey
                0x0000000008006632       0x1e build/aes.o
                0x0000000008006632                AddRoundKey
 .text.ShiftRowsR
                0x0000000008006650       0x7a build/aes.o
                0x0000000008006650                ShiftRowsR
 *fill*         0x00000000080066ca        0x2 
 .text.SubBytesI
                0x00000000080066cc       0x18 build/aes.o
                0x00000000080066cc                SubBytesI
 .text.SubBytesF
                0x00000000080066e4       0x18 build/aes.o
                0x00000000080066e4                SubBytesF
 .text.ShiftRowsL
                0x00000000080066fc       0x7a build/aes.o
                0x00000000080066fc                ShiftRowsL
 *fill*         0x0000000008006776        0x2 
 .text.MixColumns
                0x0000000008006778      0x170 build/aes.o
                0x0000000008006778                MixColumns
 .text.InverseMixColumns
                0x00000000080068e8      0x238 build/aes.o
                0x00000000080068e8                InverseMixColumns
 .text.InitialRound
                0x0000000008006b20       0x16 build/aes.o
                0x0000000008006b20                InitialRound
 .text.FinalRound
                0x0000000008006b36       0x1a build/aes.o
                0x0000000008006b36                FinalRound
 .text.DRound   0x0000000008006b50       0x1c build/aes.o
                0x0000000008006b50                DRound
 .text.ERound   0x0000000008006b6c       0x20 build/aes.o
                0x0000000008006b6c                ERound
 .text.AESEncrypt
                0x0000000008006b8c       0x5a build/aes.o
                0x0000000008006b8c                AESEncrypt
 .text.AESDecrypt
                0x0000000008006be6       0x5c build/aes.o
                0x0000000008006be6                AESDecrypt
 .text.NMI_Handler
                0x0000000008006c42        0x2 build/stm32wbxx_it.o
                0x0000000008006c42                NMI_Handler
 .text.HardFault_Handler
                0x0000000008006c44        0x2 build/stm32wbxx_it.o
                0x0000000008006c44                HardFault_Handler
 .text.MemManage_Handler
                0x0000000008006c46        0x2 build/stm32wbxx_it.o
                0x0000000008006c46                MemManage_Handler
 .text.BusFault_Handler
                0x0000000008006c48        0x2 build/stm32wbxx_it.o
                0x0000000008006c48                BusFault_Handler
 .text.UsageFault_Handler
                0x0000000008006c4a        0x2 build/stm32wbxx_it.o
                0x0000000008006c4a                UsageFault_Handler
 .text.DebugMon_Handler
                0x0000000008006c4c        0x2 build/stm32wbxx_it.o
                0x0000000008006c4c                DebugMon_Handler
 *fill*         0x0000000008006c4e        0x2 
 .text.TIM1_UP_TIM16_IRQHandler
                0x0000000008006c50       0x10 build/stm32wbxx_it.o
                0x0000000008006c50                TIM1_UP_TIM16_IRQHandler
 .text.USART1_IRQHandler
                0x0000000008006c60       0x10 build/stm32wbxx_it.o
                0x0000000008006c60                USART1_IRQHandler
 .text.HAL_MspInit
                0x0000000008006c70       0x10 build/stm32wbxx_hal_msp.o
                0x0000000008006c70                HAL_MspInit
 .text.HAL_UART_MspInit
                0x0000000008006c80       0x74 build/stm32wbxx_hal_msp.o
                0x0000000008006c80                HAL_UART_MspInit
 .text.HAL_InitTick
                0x0000000008006cf4       0x78 build/stm32wbxx_hal_timebase_tim.o
                0x0000000008006cf4                HAL_InitTick
 .text.RCC_SetFlashLatency
                0x0000000008006d6c       0xbc build/stm32wbxx_hal_rcc.o
 .text.RCC_SetFlashLatencyFromMSIRange
                0x0000000008006e28       0x4c build/stm32wbxx_hal_rcc.o
 .text.HAL_RCC_GetSysClockFreq
                0x0000000008006e74       0xc0 build/stm32wbxx_hal_rcc.o
                0x0000000008006e74                HAL_RCC_GetSysClockFreq
 .text.HAL_RCC_GetHCLKFreq
                0x0000000008006f34       0x20 build/stm32wbxx_hal_rcc.o
                0x0000000008006f34                HAL_RCC_GetHCLKFreq
 .text.HAL_RCC_OscConfig
                0x0000000008006f54      0x72c build/stm32wbxx_hal_rcc.o
                0x0000000008006f54                HAL_RCC_OscConfig
 .text.HAL_RCC_ClockConfig
                0x0000000008007680      0x264 build/stm32wbxx_hal_rcc.o
                0x0000000008007680                HAL_RCC_ClockConfig
 .text.HAL_RCC_GetPCLK1Freq
                0x00000000080078e4       0x24 build/stm32wbxx_hal_rcc.o
                0x00000000080078e4                HAL_RCC_GetPCLK1Freq
 .text.HAL_RCC_GetPCLK2Freq
                0x0000000008007908       0x24 build/stm32wbxx_hal_rcc.o
                0x0000000008007908                HAL_RCC_GetPCLK2Freq
 .text.HAL_RCC_GetClockConfig
                0x000000000800792c       0x4c build/stm32wbxx_hal_rcc.o
                0x000000000800792c                HAL_RCC_GetClockConfig
 .text.RCCEx_PLLSAI1_ConfigNP
                0x0000000008007978       0x8e build/stm32wbxx_hal_rcc_ex.o
 .text.RCCEx_PLLSAI1_ConfigNQ
                0x0000000008007a06       0x8e build/stm32wbxx_hal_rcc_ex.o
 .text.RCCEx_PLLSAI1_ConfigNR
                0x0000000008007a94       0x8e build/stm32wbxx_hal_rcc_ex.o
 .text.HAL_RCCEx_PeriphCLKConfig
                0x0000000008007b22      0x31e build/stm32wbxx_hal_rcc_ex.o
                0x0000000008007b22                HAL_RCCEx_PeriphCLKConfig
 .text.HAL_GPIO_Init
                0x0000000008007e40      0x188 build/stm32wbxx_hal_gpio.o
                0x0000000008007e40                HAL_GPIO_Init
 .text.HAL_GPIO_WritePin
                0x0000000008007fc8        0xa build/stm32wbxx_hal_gpio.o
                0x0000000008007fc8                HAL_GPIO_WritePin
 .text.HAL_DMA_Abort
                0x0000000008007fd2       0x74 build/stm32wbxx_hal_dma.o
                0x0000000008007fd2                HAL_DMA_Abort
 .text.HAL_DMA_Abort_IT
                0x0000000008008046       0x72 build/stm32wbxx_hal_dma.o
                0x0000000008008046                HAL_DMA_Abort_IT
 .text.HAL_PWR_EnableBkUpAccess
                0x00000000080080b8       0x10 build/stm32wbxx_hal_pwr.o
                0x00000000080080b8                HAL_PWR_EnableBkUpAccess
 .text.HAL_PWREx_GetVoltageRange
                0x00000000080080c8       0x10 build/stm32wbxx_hal_pwr_ex.o
                0x00000000080080c8                HAL_PWREx_GetVoltageRange
 .text.HAL_NVIC_SetPriorityGrouping
                0x00000000080080d8       0x24 build/stm32wbxx_hal_cortex.o
                0x00000000080080d8                HAL_NVIC_SetPriorityGrouping
 .text.HAL_NVIC_SetPriority
                0x00000000080080fc       0x68 build/stm32wbxx_hal_cortex.o
                0x00000000080080fc                HAL_NVIC_SetPriority
 .text.HAL_NVIC_EnableIRQ
                0x0000000008008164       0x1c build/stm32wbxx_hal_cortex.o
                0x0000000008008164                HAL_NVIC_EnableIRQ
 .text.HAL_Init
                0x0000000008008180       0x2c build/stm32wbxx_hal.o
                0x0000000008008180                HAL_Init
 .text.HAL_IncTick
                0x00000000080081ac       0x18 build/stm32wbxx_hal.o
                0x00000000080081ac                HAL_IncTick
 .text.HAL_GetTick
                0x00000000080081c4        0xc build/stm32wbxx_hal.o
                0x00000000080081c4                HAL_GetTick
 .text.HAL_GetTickPrio
                0x00000000080081d0        0xc build/stm32wbxx_hal.o
                0x00000000080081d0                HAL_GetTickPrio
 .text.UART_EndRxTransfer
                0x00000000080081dc       0x56 build/stm32wbxx_hal_uart.o
 .text.HAL_UART_TxCpltCallback
                0x0000000008008232        0x2 build/stm32wbxx_hal_uart.o
                0x0000000008008232                HAL_UART_TxCpltCallback
 .text.UART_EndTransmit_IT
                0x0000000008008234       0x24 build/stm32wbxx_hal_uart.o
 .text.HAL_UART_ErrorCallback
                0x0000000008008258        0x2 build/stm32wbxx_hal_uart.o
                0x0000000008008258                HAL_UART_ErrorCallback
 .text.UART_DMAAbortOnError
                0x000000000800825a       0x14 build/stm32wbxx_hal_uart.o
 .text.HAL_UARTEx_RxEventCallback
                0x000000000800826e        0x2 build/stm32wbxx_hal_uart.o
                0x000000000800826e                HAL_UARTEx_RxEventCallback
 .text.HAL_UART_IRQHandler
                0x0000000008008270      0x330 build/stm32wbxx_hal_uart.o
                0x0000000008008270                HAL_UART_IRQHandler
 .text.UART_SetConfig
                0x00000000080085a0      0x26c build/stm32wbxx_hal_uart.o
                0x00000000080085a0                UART_SetConfig
 .text.UART_AdvFeatureConfig
                0x000000000800880c       0xca build/stm32wbxx_hal_uart.o
                0x000000000800880c                UART_AdvFeatureConfig
 .text.UART_WaitOnFlagUntilTimeout
                0x00000000080088d6       0xd2 build/stm32wbxx_hal_uart.o
                0x00000000080088d6                UART_WaitOnFlagUntilTimeout
 .text.HAL_UART_Transmit
                0x00000000080089a8       0xe0 build/stm32wbxx_hal_uart.o
                0x00000000080089a8                HAL_UART_Transmit
 .text.HAL_UART_Receive
                0x0000000008008a88      0x128 build/stm32wbxx_hal_uart.o
                0x0000000008008a88                HAL_UART_Receive
 .text.UART_CheckIdleState
                0x0000000008008bb0       0x74 build/stm32wbxx_hal_uart.o
                0x0000000008008bb0                UART_CheckIdleState
 .text.HAL_UART_Init
                0x0000000008008c24       0x66 build/stm32wbxx_hal_uart.o
                0x0000000008008c24                HAL_UART_Init
 *fill*         0x0000000008008c8a        0x2 
 .text.UARTEx_SetNbDataToProcess
                0x0000000008008c8c       0x4c build/stm32wbxx_hal_uart_ex.o
 .text.HAL_UARTEx_WakeupCallback
                0x0000000008008cd8        0x2 build/stm32wbxx_hal_uart_ex.o
                0x0000000008008cd8                HAL_UARTEx_WakeupCallback
 .text.HAL_UARTEx_RxFifoFullCallback
                0x0000000008008cda        0x2 build/stm32wbxx_hal_uart_ex.o
                0x0000000008008cda                HAL_UARTEx_RxFifoFullCallback
 .text.HAL_UARTEx_TxFifoEmptyCallback
                0x0000000008008cdc        0x2 build/stm32wbxx_hal_uart_ex.o
                0x0000000008008cdc                HAL_UARTEx_TxFifoEmptyCallback
 .text.HAL_UARTEx_EnableFifoMode
                0x0000000008008cde       0x48 build/stm32wbxx_hal_uart_ex.o
                0x0000000008008cde                HAL_UARTEx_EnableFifoMode
 .text.HAL_UARTEx_SetTxFifoThreshold
                0x0000000008008d26       0x4a build/stm32wbxx_hal_uart_ex.o
                0x0000000008008d26                HAL_UARTEx_SetTxFifoThreshold
 .text.HAL_UARTEx_SetRxFifoThreshold
                0x0000000008008d70       0x4a build/stm32wbxx_hal_uart_ex.o
                0x0000000008008d70                HAL_UARTEx_SetRxFifoThreshold
 .text.HAL_TIM_Base_MspInit
                0x0000000008008dba        0x2 build/stm32wbxx_hal_tim.o
                0x0000000008008dba                HAL_TIM_Base_MspInit
 .text.HAL_TIM_Base_Start_IT
                0x0000000008008dbc       0x64 build/stm32wbxx_hal_tim.o
                0x0000000008008dbc                HAL_TIM_Base_Start_IT
 .text.HAL_TIM_OC_DelayElapsedCallback
                0x0000000008008e20        0x2 build/stm32wbxx_hal_tim.o
                0x0000000008008e20                HAL_TIM_OC_DelayElapsedCallback
 .text.HAL_TIM_IC_CaptureCallback
                0x0000000008008e22        0x2 build/stm32wbxx_hal_tim.o
                0x0000000008008e22                HAL_TIM_IC_CaptureCallback
 .text.HAL_TIM_PWM_PulseFinishedCallback
                0x0000000008008e24        0x2 build/stm32wbxx_hal_tim.o
                0x0000000008008e24                HAL_TIM_PWM_PulseFinishedCallback
 .text.HAL_TIM_TriggerCallback
                0x0000000008008e26        0x2 build/stm32wbxx_hal_tim.o
                0x0000000008008e26                HAL_TIM_TriggerCallback
 .text.HAL_TIM_IRQHandler
                0x0000000008008e28      0x19a build/stm32wbxx_hal_tim.o
                0x0000000008008e28                HAL_TIM_IRQHandler
 *fill*         0x0000000008008fc2        0x2 
 .text.TIM_Base_SetConfig
                0x0000000008008fc4       0x70 build/stm32wbxx_hal_tim.o
                0x0000000008008fc4                TIM_Base_SetConfig
 .text.HAL_TIM_Base_Init
                0x0000000008009034       0x60 build/stm32wbxx_hal_tim.o
                0x0000000008009034                HAL_TIM_Base_Init
 .text.HAL_TIMEx_CommutCallback
                0x0000000008009094        0x2 build/stm32wbxx_hal_tim_ex.o
                0x0000000008009094                HAL_TIMEx_CommutCallback
 .text.HAL_TIMEx_BreakCallback
                0x0000000008009096        0x2 build/stm32wbxx_hal_tim_ex.o
                0x0000000008009096                HAL_TIMEx_BreakCallback
 .text.HAL_TIMEx_Break2Callback
                0x0000000008009098        0x2 build/stm32wbxx_hal_tim_ex.o
                0x0000000008009098                HAL_TIMEx_Break2Callback
 *fill*         0x000000000800909a        0x2 
 .text.SystemInit
                0x000000000800909c       0x64 build/system_stm32wbxx.o
                0x000000000800909c                SystemInit
 .text.vListInitialise
                0x0000000008009100       0x16 build/list.o
                0x0000000008009100                vListInitialise
 .text.vListInitialiseItem
                0x0000000008009116        0x6 build/list.o
                0x0000000008009116                vListInitialiseItem
 .text.vListInsertEnd
                0x000000000800911c       0x16 build/list.o
                0x000000000800911c                vListInsertEnd
 .text.vListInsert
                0x0000000008009132       0x34 build/list.o
                0x0000000008009132                vListInsert
 .text.uxListRemove
                0x0000000008009166       0x26 build/list.o
                0x0000000008009166                uxListRemove
 .text.prvIsQueueFull
                0x000000000800918c       0x1e build/queue.o
 .text.prvIsQueueEmpty
                0x00000000080091aa       0x1a build/queue.o
 .text.prvCopyDataToQueue
                0x00000000080091c4       0x76 build/queue.o
 .text.prvCopyDataFromQueue
                0x000000000800923a       0x24 build/queue.o
 .text.prvUnlockQueue
                0x000000000800925e       0x6e build/queue.o
 .text.xQueueGenericReset
                0x00000000080092cc       0x84 build/queue.o
                0x00000000080092cc                xQueueGenericReset
 .text.prvInitialiseNewQueue
                0x0000000008009350       0x22 build/queue.o
 .text.xQueueGenericCreateStatic
                0x0000000008009372       0x94 build/queue.o
                0x0000000008009372                xQueueGenericCreateStatic
 *fill*         0x0000000008009406        0x2 
 .text.xQueueGenericSend
                0x0000000008009408      0x180 build/queue.o
                0x0000000008009408                xQueueGenericSend
 .text.xQueueGenericSendFromISR
                0x0000000008009588       0xd0 build/queue.o
                0x0000000008009588                xQueueGenericSendFromISR
 .text.xQueueReceive
                0x0000000008009658      0x15c build/queue.o
                0x0000000008009658                xQueueReceive
 .text.vQueueAddToRegistry
                0x00000000080097b4       0x28 build/queue.o
                0x00000000080097b4                vQueueAddToRegistry
 .text.vQueueWaitForMessageRestricted
                0x00000000080097dc       0x52 build/queue.o
                0x00000000080097dc                vQueueWaitForMessageRestricted
 *fill*         0x000000000800982e        0x2 
 .text.prvResetNextTaskUnblockTime
                0x0000000008009830       0x2c build/tasks.o
 .text.prvInitialiseNewTask
                0x000000000800985c       0x98 build/tasks.o
 .text.prvInitialiseTaskLists
                0x00000000080098f4       0x68 build/tasks.o
 .text.prvAddNewTaskToReadyList
                0x000000000800995c       0xac build/tasks.o
 .text.prvDeleteTCB
                0x0000000008009a08       0x38 build/tasks.o
 .text.prvCheckTasksWaitingTermination
                0x0000000008009a40       0x4c build/tasks.o
 .text.prvIdleTask
                0x0000000008009a8c       0x28 build/tasks.o
 .text.prvAddCurrentTaskToDelayedList
                0x0000000008009ab4       0x7c build/tasks.o
 .text.xTaskCreateStatic
                0x0000000008009b30       0x74 build/tasks.o
                0x0000000008009b30                xTaskCreateStatic
 .text.xTaskCreate
                0x0000000008009ba4       0x66 build/tasks.o
                0x0000000008009ba4                xTaskCreate
 *fill*         0x0000000008009c0a        0x2 
 .text.vTaskStartScheduler
                0x0000000008009c0c       0x94 build/tasks.o
                0x0000000008009c0c                vTaskStartScheduler
 .text.vTaskSuspendAll
                0x0000000008009ca0       0x10 build/tasks.o
                0x0000000008009ca0                vTaskSuspendAll
 .text.xTaskGetTickCount
                0x0000000008009cb0        0xc build/tasks.o
                0x0000000008009cb0                xTaskGetTickCount
 .text.xTaskIncrementTick
                0x0000000008009cbc      0x11c build/tasks.o
                0x0000000008009cbc                xTaskIncrementTick
 .text.xTaskResumeAll
                0x0000000008009dd8       0xf8 build/tasks.o
                0x0000000008009dd8                xTaskResumeAll
 .text.vTaskSwitchContext
                0x0000000008009ed0       0x9c build/tasks.o
                0x0000000008009ed0                vTaskSwitchContext
 .text.vTaskPlaceOnEventList
                0x0000000008009f6c       0x30 build/tasks.o
                0x0000000008009f6c                vTaskPlaceOnEventList
 .text.vTaskPlaceOnEventListRestricted
                0x0000000008009f9c       0x38 build/tasks.o
                0x0000000008009f9c                vTaskPlaceOnEventListRestricted
 .text.xTaskRemoveFromEventList
                0x0000000008009fd4       0x8c build/tasks.o
                0x0000000008009fd4                xTaskRemoveFromEventList
 .text.vTaskInternalSetTimeOutState
                0x000000000800a060       0x18 build/tasks.o
                0x000000000800a060                vTaskInternalSetTimeOutState
 .text.xTaskCheckForTimeOut
                0x000000000800a078       0x84 build/tasks.o
                0x000000000800a078                xTaskCheckForTimeOut
 .text.vTaskMissedYield
                0x000000000800a0fc        0xc build/tasks.o
                0x000000000800a0fc                vTaskMissedYield
 .text.xTaskGetSchedulerState
                0x000000000800a108       0x20 build/tasks.o
                0x000000000800a108                xTaskGetSchedulerState
 .text.xTaskPriorityDisinherit
                0x000000000800a128       0x90 build/tasks.o
                0x000000000800a128                xTaskPriorityDisinherit
 .text.prvGetNextExpireTime
                0x000000000800a1b8       0x20 build/timers.o
 .text.prvInsertTimerInActiveList
                0x000000000800a1d8       0x48 build/timers.o
 .text.prvCheckForValidListAndQueue
                0x000000000800a220       0x70 build/timers.o
 .text.xTimerCreateTimerTask
                0x000000000800a290       0x64 build/timers.o
                0x000000000800a290                xTimerCreateTimerTask
 .text.xTimerGenericCommand
                0x000000000800a2f4       0x6c build/timers.o
                0x000000000800a2f4                xTimerGenericCommand
 .text.prvSwitchTimerLists
                0x000000000800a360       0x7c build/timers.o
 .text.prvSampleTimeNow
                0x000000000800a3dc       0x2c build/timers.o
 .text.prvProcessExpiredTimer
                0x000000000800a408       0x6c build/timers.o
 .text.prvProcessTimerOrBlockTask
                0x000000000800a474       0x74 build/timers.o
 .text.prvProcessReceivedCommands
                0x000000000800a4e8      0x110 build/timers.o
 .text.prvTimerTask
                0x000000000800a5f8       0x16 build/timers.o
 *fill*         0x000000000800a60e        0x2 
 .text.SysTick_Handler
                0x000000000800a610       0x1c build/cmsis_os2.o
                0x000000000800a610                SysTick_Handler
 .text.osKernelInitialize
                0x000000000800a62c       0x24 build/cmsis_os2.o
                0x000000000800a62c                osKernelInitialize
 .text.osKernelStart
                0x000000000800a650       0x38 build/cmsis_os2.o
                0x000000000800a650                osKernelStart
 .text.osThreadNew
                0x000000000800a688       0xbc build/cmsis_os2.o
                0x000000000800a688                osThreadNew
 .text.vApplicationGetIdleTaskMemory
                0x000000000800a744       0x18 build/cmsis_os2.o
                0x000000000800a744                vApplicationGetIdleTaskMemory
 .text.vApplicationGetTimerTaskMemory
                0x000000000800a75c       0x18 build/cmsis_os2.o
                0x000000000800a75c                vApplicationGetTimerTaskMemory
 .text.prvHeapInit
                0x000000000800a774       0x64 build/heap_4.o
 .text.prvInsertBlockIntoFreeList
                0x000000000800a7d8       0x58 build/heap_4.o
 .text.pvPortMalloc
                0x000000000800a830      0x114 build/heap_4.o
                0x000000000800a830                pvPortMalloc
 .text.vPortFree
                0x000000000800a944       0x7c build/heap_4.o
                0x000000000800a944                vPortFree
 .text.prvTaskExitError
                0x000000000800a9c0       0x40 build/port.o
 .text.prvPortStartFirstTask
                0x000000000800aa00       0x28 build/port.o
 .text.vPortEnableVFP
                0x000000000800aa28       0x14 build/port.o
 .text.pxPortInitialiseStack
                0x000000000800aa3c       0x2c build/port.o
                0x000000000800aa3c                pxPortInitialiseStack
 *fill*         0x000000000800aa68        0x8 
 .text.SVC_Handler
                0x000000000800aa70       0x24 build/port.o
                0x000000000800aa70                SVC_Handler
 .text.vPortEnterCritical
                0x000000000800aa94       0x44 build/port.o
                0x000000000800aa94                vPortEnterCritical
 .text.vPortExitCritical
                0x000000000800aad8       0x2c build/port.o
                0x000000000800aad8                vPortExitCritical
 *fill*         0x000000000800ab04        0xc 
 .text.PendSV_Handler
                0x000000000800ab10       0x64 build/port.o
                0x000000000800ab10                PendSV_Handler
 .text.xPortSysTickHandler
                0x000000000800ab74       0x2c build/port.o
                0x000000000800ab74                xPortSysTickHandler
 .text.vPortSetupTimerInterrupt
                0x000000000800aba0       0x38 build/port.o
                0x000000000800aba0                vPortSetupTimerInterrupt
 .text.xPortStartScheduler
                0x000000000800abd8      0x110 build/port.o
                0x000000000800abd8                xPortStartScheduler
 .text.vPortValidateInterruptPriority
                0x000000000800ace8       0x5c build/port.o
                0x000000000800ace8                vPortValidateInterruptPriority
 .text.data_initializers
                0x000000000800ad44       0x18 build/startup_stm32wb55xx_cm4.o
 .text.Reset_Handler
                0x000000000800ad5c       0x54 build/startup_stm32wb55xx_cm4.o
                0x000000000800ad5c                Reset_Handler
 .text.Default_Handler
                0x000000000800adb0        0x2 build/startup_stm32wb55xx_cm4.o
                0x000000000800adb0                RTC_Alarm_IRQHandler
                0x000000000800adb0                EXTI2_IRQHandler
                0x000000000800adb0                TIM1_CC_IRQHandler
                0x000000000800adb0                TSC_IRQHandler
                0x000000000800adb0                USB_HP_IRQHandler
                0x000000000800adb0                EXTI3_IRQHandler
                0x000000000800adb0                LPTIM2_IRQHandler
                0x000000000800adb0                I2C3_ER_IRQHandler
                0x000000000800adb0                EXTI0_IRQHandler
                0x000000000800adb0                FPU_IRQHandler
                0x000000000800adb0                AES1_IRQHandler
                0x000000000800adb0                SPI1_IRQHandler
                0x000000000800adb0                PWR_SOTF_BLEACT_802ACT_RFPHASE_IRQHandler
                0x000000000800adb0                DMA2_Channel2_IRQHandler
                0x000000000800adb0                DMA1_Channel4_IRQHandler
                0x000000000800adb0                ADC1_IRQHandler
                0x000000000800adb0                PKA_IRQHandler
                0x000000000800adb0                DMA1_Channel7_IRQHandler
                0x000000000800adb0                LCD_IRQHandler
                0x000000000800adb0                IPCC_C1_TX_IRQHandler
                0x000000000800adb0                DMA2_Channel1_IRQHandler
                0x000000000800adb0                QUADSPI_IRQHandler
                0x000000000800adb0                I2C1_EV_IRQHandler
                0x000000000800adb0                DMAMUX1_OVR_IRQHandler
                0x000000000800adb0                DMA1_Channel6_IRQHandler
                0x000000000800adb0                DMA2_Channel4_IRQHandler
                0x000000000800adb0                RCC_IRQHandler
                0x000000000800adb0                DMA1_Channel1_IRQHandler
                0x000000000800adb0                Default_Handler
                0x000000000800adb0                DMA2_Channel7_IRQHandler
                0x000000000800adb0                EXTI15_10_IRQHandler
                0x000000000800adb0                IPCC_C1_RX_IRQHandler
                0x000000000800adb0                C2SEV_PWR_C2H_IRQHandler
                0x000000000800adb0                AES2_IRQHandler
                0x000000000800adb0                I2C3_EV_IRQHandler
                0x000000000800adb0                EXTI9_5_IRQHandler
                0x000000000800adb0                RTC_WKUP_IRQHandler
                0x000000000800adb0                PVD_PVM_IRQHandler
                0x000000000800adb0                SPI2_IRQHandler
                0x000000000800adb0                DMA2_Channel5_IRQHandler
                0x000000000800adb0                CRS_IRQHandler
                0x000000000800adb0                DMA1_Channel5_IRQHandler
                0x000000000800adb0                USB_LP_IRQHandler
                0x000000000800adb0                EXTI4_IRQHandler
                0x000000000800adb0                RNG_IRQHandler
                0x000000000800adb0                TIM1_TRG_COM_TIM17_IRQHandler
                0x000000000800adb0                TAMP_STAMP_LSECSS_IRQHandler
                0x000000000800adb0                DMA1_Channel3_IRQHandler
                0x000000000800adb0                COMP_IRQHandler
                0x000000000800adb0                HSEM_IRQHandler
                0x000000000800adb0                WWDG_IRQHandler
                0x000000000800adb0                LPUART1_IRQHandler
                0x000000000800adb0                DMA2_Channel6_IRQHandler
                0x000000000800adb0                TIM2_IRQHandler
                0x000000000800adb0                TIM1_BRK_IRQHandler
                0x000000000800adb0                EXTI1_IRQHandler
                0x000000000800adb0                DMA1_Channel2_IRQHandler
                0x000000000800adb0                FLASH_IRQHandler
                0x000000000800adb0                I2C1_ER_IRQHandler
                0x000000000800adb0                LPTIM1_IRQHandler
                0x000000000800adb0                SAI1_IRQHandler
                0x000000000800adb0                DMA2_Channel3_IRQHandler
 *fill*         0x000000000800adb2        0x2 
 .text.secp256k1_fe_normalize
                0x000000000800adb4      0x134 secp256k1/src/libsecp256k1_la-secp256k1.o
 .text.secp256k1_fe_normalize_weak
                0x000000000800aee8       0x8c secp256k1/src/libsecp256k1_la-secp256k1.o
 .text.secp256k1_fe_normalize_var
                0x000000000800af74      0x130 secp256k1/src/libsecp256k1_la-secp256k1.o
 .text.secp256k1_fe_normalizes_to_zero
                0x000000000800b0a4       0xa0 secp256k1/src/libsecp256k1_la-secp256k1.o
 .text.secp256k1_fe_normalizes_to_zero_var
                0x000000000800b144       0xbc secp256k1/src/libsecp256k1_la-secp256k1.o
 .text.secp256k1_fe_set_b32
                0x000000000800b200      0x180 secp256k1/src/libsecp256k1_la-secp256k1.o
 .text.secp256k1_fe_get_b32
                0x000000000800b380       0xf0 secp256k1/src/libsecp256k1_la-secp256k1.o
 .text.secp256k1_fe_add
                0x000000000800b470       0x58 secp256k1/src/libsecp256k1_la-secp256k1.o
 .text.secp256k1_fe_mul_inner
                0x000000000800b4c8      0x9f4 secp256k1/src/libsecp256k1_la-secp256k1.o
 .text.secp256k1_fe_sqr_inner
                0x000000000800bebc      0x840 secp256k1/src/libsecp256k1_la-secp256k1.o
 .text.secp256k1_fe_cmov
                0x000000000800c6fc       0x84 secp256k1/src/libsecp256k1_la-secp256k1.o
 .text.secp256k1_scalar_get_b32
                0x000000000800c780       0x94 secp256k1/src/libsecp256k1_la-secp256k1.o
 *fill*         0x000000000800c814        0x4 
 .text.secp256k1_scalar_negate
                0x000000000800c818      0x14c secp256k1/src/libsecp256k1_la-secp256k1.o
 .text.secp256k1_scalar_is_high
                0x000000000800c964       0xbc secp256k1/src/libsecp256k1_la-secp256k1.o
 .text.secp256k1_scalar_reduce_512
                0x000000000800ca20      0x8e8 secp256k1/src/libsecp256k1_la-secp256k1.o
 .text.secp256k1_scalar_mul_512
                0x000000000800d308      0x8ac secp256k1/src/libsecp256k1_la-secp256k1.o
 .text.secp256k1_scalar_sqr_512
                0x000000000800dbb4      0x90c secp256k1/src/libsecp256k1_la-secp256k1.o
 .text.secp256k1_scalar_inverse
                0x000000000800e4c0      0x5c8 secp256k1/src/libsecp256k1_la-secp256k1.o
 .text.secp256k1_sha256_transform
                0x000000000800ea88     0x1c68 secp256k1/src/libsecp256k1_la-secp256k1.o
 .text.default_error_callback_fn
                0x00000000080106f0       0x1c secp256k1/src/libsecp256k1_la-secp256k1.o
 .text.default_illegal_callback_fn
                0x000000000801070c       0x1c secp256k1/src/libsecp256k1_la-secp256k1.o
 .text.secp256k1_sha256_write
                0x0000000008010728       0x60 secp256k1/src/libsecp256k1_la-secp256k1.o
 .text.secp256k1_sha256_finalize
                0x0000000008010788       0xb8 secp256k1/src/libsecp256k1_la-secp256k1.o
 .text.secp256k1_hmac_sha256_initialize.constprop.21
                0x0000000008010840      0x190 secp256k1/src/libsecp256k1_la-secp256k1.o
 .text.secp256k1_fe_negate.constprop.27
                0x00000000080109d0       0x5c secp256k1/src/libsecp256k1_la-secp256k1.o
 .text.secp256k1_ge_to_storage
                0x0000000008010a2c       0xfc secp256k1/src/libsecp256k1_la-secp256k1.o
 .text.secp256k1_scalar_add
                0x0000000008010b28      0x2a0 secp256k1/src/libsecp256k1_la-secp256k1.o
 .text.secp256k1_scalar_set_b32
                0x0000000008010dc8      0x208 secp256k1/src/libsecp256k1_la-secp256k1.o
 .text.secp256k1_rfc6979_hmac_sha256_initialize
                0x0000000008010fd0      0x158 secp256k1/src/libsecp256k1_la-secp256k1.o
 .text.secp256k1_pubkey_load
                0x0000000008011128      0x174 secp256k1/src/libsecp256k1_la-secp256k1.o
 .text.secp256k1_fe_inv
                0x000000000801129c      0xa90 secp256k1/src/libsecp256k1_la-secp256k1.o
 .text.secp256k1_ge_set_gej
                0x0000000008011d2c       0x84 secp256k1/src/libsecp256k1_la-secp256k1.o
 .text.secp256k1_rfc6979_hmac_sha256_generate.constprop.20
                0x0000000008011db0      0x29c secp256k1/src/libsecp256k1_la-secp256k1.o
 .text.nonce_function_rfc6979
                0x000000000801204c       0xc0 secp256k1/src/libsecp256k1_la-secp256k1.o
 .text.secp256k1_gej_double_var.part.5
                0x000000000801210c      0x460 secp256k1/src/libsecp256k1_la-secp256k1.o
 .text.secp256k1_gej_add_ge
                0x000000000801256c      0x590 secp256k1/src/libsecp256k1_la-secp256k1.o
 .text.secp256k1_ecmult_gen
                0x0000000008012afc      0x308 secp256k1/src/libsecp256k1_la-secp256k1.o
 .text.secp256k1_ecdsa_sig_sign
                0x0000000008012e04      0x12c secp256k1/src/libsecp256k1_la-secp256k1.o
 .text.secp256k1_ecmult_gen_blind
                0x0000000008012f30      0x21c secp256k1/src/libsecp256k1_la-secp256k1.o
 .text.secp256k1_gej_add_ge_var
                0x000000000801314c      0x3a4 secp256k1/src/libsecp256k1_la-secp256k1.o
 .text.secp256k1_context_create
                0x00000000080134f0      0x35c secp256k1/src/libsecp256k1_la-secp256k1.o
                0x00000000080134f0                secp256k1_context_create
 .text.secp256k1_context_destroy
                0x000000000801384c       0x18 secp256k1/src/libsecp256k1_la-secp256k1.o
                0x000000000801384c                secp256k1_context_destroy
 .text.secp256k1_ec_pubkey_serialize
                0x0000000008013864       0xec secp256k1/src/libsecp256k1_la-secp256k1.o
                0x0000000008013864                secp256k1_ec_pubkey_serialize
 .text.secp256k1_ecdsa_signature_serialize_der
                0x0000000008013950      0x15c secp256k1/src/libsecp256k1_la-secp256k1.o
                0x0000000008013950                secp256k1_ecdsa_signature_serialize_der
 .text.secp256k1_ecdsa_sign
                0x0000000008013aac      0x18c secp256k1/src/libsecp256k1_la-secp256k1.o
                0x0000000008013aac                secp256k1_ecdsa_sign
 .text.secp256k1_ec_pubkey_create
                0x0000000008013c38       0xc0 secp256k1/src/libsecp256k1_la-secp256k1.o
                0x0000000008013c38                secp256k1_ec_pubkey_create
 .text.secp256k1_ecdsa_recoverable_signature_serialize_compact
                0x0000000008013cf8       0x94 secp256k1/src/libsecp256k1_la-secp256k1.o
                0x0000000008013cf8                secp256k1_ecdsa_recoverable_signature_serialize_compact
 .text.secp256k1_ecdsa_sign_recoverable
                0x0000000008013d8c      0x194 secp256k1/src/libsecp256k1_la-secp256k1.o
                0x0000000008013d8c                secp256k1_ecdsa_sign_recoverable
 *(.glue_7)
 .glue_7        0x0000000008013f20        0x0 linker stubs
 *(.glue_7t)
 .glue_7t       0x0000000008013f20        0x0 linker stubs
 *(.eh_frame)
 .eh_frame      0x0000000008013f20        0x0 /usr/lib/gcc/arm-none-eabi/8.3.1/thumb/v7e-m+fp/hard/crtbegin.o
 *(.init)
 .init          0x0000000008013f20        0x4 /usr/lib/gcc/arm-none-eabi/8.3.1/thumb/v7e-m+fp/hard/crti.o
                0x0000000008013f20                _init
 .init          0x0000000008013f24        0x8 /usr/lib/gcc/arm-none-eabi/8.3.1/thumb/v7e-m+fp/hard/crtn.o
 *(.fini)
 .fini          0x0000000008013f2c        0x4 /usr/lib/gcc/arm-none-eabi/8.3.1/thumb/v7e-m+fp/hard/crti.o
                0x0000000008013f2c                _fini
 .fini          0x0000000008013f30        0x8 /usr/lib/gcc/arm-none-eabi/8.3.1/thumb/v7e-m+fp/hard/crtn.o
                0x0000000008013f38                . = ALIGN (0x4)
                0x0000000008013f38                _etext = .

.vfp11_veneer   0x0000000008013f38        0x0
 .vfp11_veneer  0x0000000008013f38        0x0 linker stubs

.v4_bx          0x0000000008013f38        0x0
 .v4_bx         0x0000000008013f38        0x0 linker stubs

.iplt           0x0000000008013f38        0x0
 .iplt          0x0000000008013f38        0x0 /usr/lib/gcc/arm-none-eabi/8.3.1/thumb/v7e-m+fp/hard/crtbegin.o

.rodata         0x0000000008013f38    0x11330
                0x0000000008013f38                . = ALIGN (0x4)
 *(.rodata)
 .rodata        0x0000000008013f38       0x2c build/stm32wbxx_hal_rcc.o
 .rodata        0x0000000008013f64        0x4 /usr/lib/gcc/arm-none-eabi/8.3.1/../../../arm-none-eabi/lib/thumb/v7e-m+fp/hard/libc_nano.a(lib_a-impure.o)
                0x0000000008013f64                _global_impure_ptr
 .rodata        0x0000000008013f68      0x101 /usr/lib/gcc/arm-none-eabi/8.3.1/../../../arm-none-eabi/lib/thumb/v7e-m+fp/hard/libc_nano.a(lib_a-ctype_.o)
                0x0000000008013f68                _ctype_
 *fill*         0x0000000008014069        0x3 
 .rodata        0x000000000801406c       0x60 /usr/lib/gcc/arm-none-eabi/8.3.1/../../../arm-none-eabi/lib/thumb/v7e-m+fp/hard/libc_nano.a(lib_a-findfp.o)
                0x000000000801406c                __sf_fake_stderr
                0x000000000801408c                __sf_fake_stdout
                0x00000000080140ac                __sf_fake_stdin
 *fill*         0x00000000080140cc        0x4 
 .rodata        0x00000000080140d0      0x128 /usr/lib/gcc/arm-none-eabi/8.3.1/../../../arm-none-eabi/lib/thumb/v7e-m+fp/hard/libc_nano.a(lib_a-mprec.o)
                0x00000000080140e0                __mprec_tens
                0x00000000080141a8                __mprec_tinytens
                0x00000000080141d0                __mprec_bigtens
 *(.rodata*)
 .rodata.help.str1.4
                0x00000000080141f8       0x31 build/run.o
 *fill*         0x0000000008014229        0x3 
 .rodata.save_privkey.str1.4
                0x000000000801422c        0x5 build/run.o
 *fill*         0x0000000008014231        0x3 
 .rodata.signrech_parse.str1.4
                0x0000000008014234       0x2e build/run.o
 *fill*         0x0000000008014262        0x2 
 .rodata.str1.4
                0x0000000008014264       0x5c build/run.o
 .rodata.wallet_main.str1.4
                0x00000000080142c0        0x6 build/run.o
 *fill*         0x00000000080142c6        0x2 
 .rodata.StartDefaultTask.str1.4
                0x00000000080142c8       0x3b build/main.o
 *fill*         0x0000000008014303        0x1 
 .rodata.defaultTask_attributes
                0x0000000008014304       0x24 build/main.o
                0x0000000008014304                defaultTask_attributes
 .rodata.str1.4
                0x0000000008014328        0xc build/main.o
 .rodata.rcon   0x0000000008014334      0x100 build/encrypt.o
 .rodata.s      0x0000000008014434      0x100 build/encrypt.o
 .rodata.inv_s  0x0000000008014534      0x100 build/aes.o
 .rodata.mul11  0x0000000008014634      0x100 build/aes.o
 .rodata.mul13  0x0000000008014734      0x100 build/aes.o
 .rodata.mul14  0x0000000008014834      0x100 build/aes.o
 .rodata.mul2   0x0000000008014934      0x100 build/aes.o
 .rodata.mul3   0x0000000008014a34      0x100 build/aes.o
 .rodata.mul9   0x0000000008014b34      0x100 build/aes.o
 .rodata.s      0x0000000008014c34      0x100 build/aes.o
 .rodata.UARTPrescTable
                0x0000000008014d34       0x18 build/stm32wbxx_hal_uart.o
                0x0000000008014d34                UARTPrescTable
 .rodata.denominator.11272
                0x0000000008014d4c        0x8 build/stm32wbxx_hal_uart_ex.o
 .rodata.numerator.11271
                0x0000000008014d54        0x8 build/stm32wbxx_hal_uart_ex.o
 .rodata.AHBPrescTable
                0x0000000008014d5c       0x40 build/system_stm32wbxx.o
                0x0000000008014d5c                AHBPrescTable
 .rodata.APBPrescTable
                0x0000000008014d9c       0x20 build/system_stm32wbxx.o
                0x0000000008014d9c                APBPrescTable
 .rodata.MSIRangeTable
                0x0000000008014dbc       0x40 build/system_stm32wbxx.o
                0x0000000008014dbc                MSIRangeTable
 .rodata.vTaskStartScheduler.str1.4
                0x0000000008014dfc        0x5 build/tasks.o
 *fill*         0x0000000008014e01        0x3 
 .rodata.prvCheckForValidListAndQueue.str1.4
                0x0000000008014e04        0x5 build/timers.o
 *fill*         0x0000000008014e09        0x3 
 .rodata.xTimerCreateTimerTask.str1.4
                0x0000000008014e0c        0x8 build/timers.o
 .rodata.default_error_callback_fn.str1.4
                0x0000000008014e14       0x36 secp256k1/src/libsecp256k1_la-secp256k1.o
 *fill*         0x0000000008014e4a        0x2 
 .rodata.default_illegal_callback_fn.str1.4
                0x0000000008014e4c       0x25 secp256k1/src/libsecp256k1_la-secp256k1.o
 *fill*         0x0000000008014e71        0x3 
 .rodata.fe_1.7841
                0x0000000008014e74       0x28 secp256k1/src/libsecp256k1_la-secp256k1.o
 .rodata.one.8422
                0x0000000008014e9c        0x1 secp256k1/src/libsecp256k1_la-secp256k1.o
 *fill*         0x0000000008014e9d        0x3 
 .rodata.pad.8384
                0x0000000008014ea0       0x40 secp256k1/src/libsecp256k1_la-secp256k1.o
 .rodata.secp256k1_context_create.str1.4
                0x0000000008014ee0       0x1e secp256k1/src/libsecp256k1_la-secp256k1.o
 *fill*         0x0000000008014efe        0x2 
 .rodata.secp256k1_ec_pubkey_parse.str1.4
                0x0000000008014f00       0x1e secp256k1/src/libsecp256k1_la-secp256k1.o
 *fill*         0x0000000008014f1e        0x2 
 .rodata.secp256k1_ec_pubkey_serialize.str1.4
                0x0000000008014f20       0xb0 secp256k1/src/libsecp256k1_la-secp256k1.o
 .rodata.secp256k1_ecdsa_recoverable_signature_serialize_compact.str1.4
                0x0000000008014fd0        0xe secp256k1/src/libsecp256k1_la-secp256k1.o
 *fill*         0x0000000008014fde        0x2 
 .rodata.secp256k1_ecdsa_sign.str1.4
                0x0000000008014fe0       0x5f secp256k1/src/libsecp256k1_la-secp256k1.o
 *fill*         0x000000000801503f        0x1 
 .rodata.secp256k1_ecdsa_signature_parse_der.str1.4
                0x0000000008015040        0xc secp256k1/src/libsecp256k1_la-secp256k1.o
 .rodata.secp256k1_ecdsa_signature_serialize_compact.str1.4
                0x000000000801504c       0x11 secp256k1/src/libsecp256k1_la-secp256k1.o
 *fill*         0x000000000801505d        0x3 
 .rodata.secp256k1_ecdsa_verify.str1.4
                0x0000000008015060       0x42 secp256k1/src/libsecp256k1_la-secp256k1.o
 *fill*         0x00000000080150a2        0x2 
 .rodata.secp256k1_ecmult_static_context
                0x00000000080150a4    0x10000 secp256k1/src/libsecp256k1_la-secp256k1.o
 .rodata.secp256k1_ge_const_g
                0x00000000080250a4       0x54 secp256k1/src/libsecp256k1_la-secp256k1.o
 .rodata.secp256k1_nonce_function_rfc6979
                0x00000000080250f8        0x4 secp256k1/src/libsecp256k1_la-secp256k1.o
                0x00000000080250f8                secp256k1_nonce_function_rfc6979
 .rodata.secp256k1_pubkey_load.str1.4
                0x00000000080250fc       0x1e secp256k1/src/libsecp256k1_la-secp256k1.o
 *fill*         0x000000000802511a        0x2 
 .rodata.zero.8421
                0x000000000802511c        0x1 secp256k1/src/libsecp256k1_la-secp256k1.o
 *fill*         0x000000000802511d        0x3 
 .rodata.zero.8428
                0x0000000008025120        0x1 secp256k1/src/libsecp256k1_la-secp256k1.o
 *fill*         0x0000000008025121        0x3 
 .rodata.str1.4
                0x0000000008025124       0x13 /usr/lib/gcc/arm-none-eabi/8.3.1/../../../arm-none-eabi/lib/thumb/v7e-m+fp/hard/libc_nano.a(lib_a-nano-vfprintf.o)
 *fill*         0x0000000008025137        0x1 
 .rodata.str1.4
                0x0000000008025138       0x12 /usr/lib/gcc/arm-none-eabi/8.3.1/../../../arm-none-eabi/lib/thumb/v7e-m+fp/hard/libc_nano.a(lib_a-nano-vfprintf_float.o)
 *fill*         0x000000000802514a        0x2 
 .rodata.str1.4
                0x000000000802514c       0x25 /usr/lib/gcc/arm-none-eabi/8.3.1/../../../arm-none-eabi/lib/thumb/v7e-m+fp/hard/libc_nano.a(lib_a-nano-vfprintf_i.o)
 *fill*         0x0000000008025171        0x3 
 .rodata.str1.4
                0x0000000008025174       0x6d /usr/lib/gcc/arm-none-eabi/8.3.1/../../../arm-none-eabi/lib/thumb/v7e-m+fp/hard/libc_nano.a(lib_a-dtoa.o)
                                         0x71 (size before relaxing)
 *fill*         0x00000000080251e1        0x3 
 .rodata.str1.4
                0x00000000080251e4       0x33 /usr/lib/gcc/arm-none-eabi/8.3.1/../../../arm-none-eabi/lib/thumb/v7e-m+fp/hard/libc_nano.a(lib_a-mprec.o)
                                         0x5d (size before relaxing)
 *fill*         0x0000000008025217        0x1 
 .rodata.str1.4
                0x0000000008025218       0x3f /usr/lib/gcc/arm-none-eabi/8.3.1/../../../arm-none-eabi/lib/thumb/v7e-m+fp/hard/libc_nano.a(lib_a-assert.o)
                                         0x43 (size before relaxing)
 *fill*         0x0000000008025257        0x1 
 .rodata.str1.4
                0x0000000008025258        0xe /usr/lib/gcc/arm-none-eabi/8.3.1/../../../arm-none-eabi/lib/thumb/v7e-m+fp/hard/libc_nano.a(lib_a-locale.o)
                                         0x12 (size before relaxing)
                0x0000000008025268                . = ALIGN (0x4)
 *fill*         0x0000000008025266        0x2 

.ARM.extab
 *(.ARM.extab* .gnu.linkonce.armextab.*)

.ARM            0x0000000008025268        0x8
                0x0000000008025268                __exidx_start = .
 *(.ARM.exidx*)
 .ARM.exidx     0x0000000008025268        0x8 /usr/lib/gcc/arm-none-eabi/8.3.1/thumb/v7e-m+fp/hard/libgcc.a(_udivmoddi4.o)
                0x0000000008025270                __exidx_end = .

.rel.dyn        0x0000000008025270        0x0
 .rel.iplt      0x0000000008025270        0x0 /usr/lib/gcc/arm-none-eabi/8.3.1/thumb/v7e-m+fp/hard/crtbegin.o

.preinit_array  0x0000000008025270        0x0
                0x0000000008025270                PROVIDE (__preinit_array_start = .)
 *(.preinit_array*)
                0x0000000008025270                PROVIDE (__preinit_array_end = .)

.init_array     0x0000000008025270        0x4
                0x0000000008025270                PROVIDE (__init_array_start = .)
 *(SORT_BY_NAME(.init_array.*))
 *(.init_array*)
 .init_array    0x0000000008025270        0x4 /usr/lib/gcc/arm-none-eabi/8.3.1/thumb/v7e-m+fp/hard/crtbegin.o
                0x0000000008025274                PROVIDE (__init_array_end = .)

.fini_array     0x0000000008025274        0x4
                0x0000000008025274                PROVIDE (__fini_array_start = .)
 *(SORT_BY_NAME(.fini_array.*))
 *(.fini_array*)
 .fini_array    0x0000000008025274        0x4 /usr/lib/gcc/arm-none-eabi/8.3.1/thumb/v7e-m+fp/hard/crtbegin.o
                0x0000000008025278                PROVIDE (__fini_array_end = .)
                0x0000000008025278                _sidata = LOADADDR (.data)

.data           0x0000000020000008      0x30c load address 0x0000000008025278
                0x0000000020000008                . = ALIGN (0x4)
                0x0000000020000008                _sdata = .
 *(.data)
 .data          0x0000000020000008       0x64 /usr/lib/gcc/arm-none-eabi/8.3.1/../../../arm-none-eabi/lib/thumb/v7e-m+fp/hard/libc_nano.a(lib_a-impure.o)
                0x0000000020000008                _impure_ptr
 .data          0x000000002000006c      0x16c /usr/lib/gcc/arm-none-eabi/8.3.1/../../../arm-none-eabi/lib/thumb/v7e-m+fp/hard/libc_nano.a(lib_a-locale.o)
                0x000000002000006c                __global_locale
 *(.data*)
 .data.commands
                0x00000000200001d8       0x2c build/run.o
                0x00000000200001d8                commands
 .data.k        0x0000000020000204      0x100 build/sha256.o
                0x0000000020000204                k
 .data.uwTickFreq
                0x0000000020000304        0x1 build/stm32wbxx_hal.o
                0x0000000020000304                uwTickFreq
 *fill*         0x0000000020000305        0x3 
 .data.uwTickPrio
                0x0000000020000308        0x4 build/stm32wbxx_hal.o
                0x0000000020000308                uwTickPrio
 .data.SystemCoreClock
                0x000000002000030c        0x4 build/system_stm32wbxx.o
                0x000000002000030c                SystemCoreClock
 .data.uxCriticalNesting
                0x0000000020000310        0x4 build/port.o
                0x0000000020000314                . = ALIGN (0x4)
                0x0000000020000314                _edata = .

.tm_clone_table
                0x0000000020000314        0x0 load address 0x0000000008025584
 .tm_clone_table
                0x0000000020000314        0x0 /usr/lib/gcc/arm-none-eabi/8.3.1/thumb/v7e-m+fp/hard/crtbegin.o
 .tm_clone_table
                0x0000000020000314        0x0 /usr/lib/gcc/arm-none-eabi/8.3.1/thumb/v7e-m+fp/hard/crtend.o

.igot.plt       0x0000000020000314        0x0 load address 0x0000000008025584
 .igot.plt      0x0000000020000314        0x0 /usr/lib/gcc/arm-none-eabi/8.3.1/thumb/v7e-m+fp/hard/crtbegin.o
                0x0000000020000314                . = ALIGN (0x4)

.bss            0x0000000020000314     0xa0c4 load address 0x0000000008025584
                0x0000000020000314                _sbss = .
                0x0000000020000314                __bss_start__ = _sbss
 *(.bss)
 .bss           0x0000000020000314       0x1c /usr/lib/gcc/arm-none-eabi/8.3.1/thumb/v7e-m+fp/hard/crtbegin.o
 .bss           0x0000000020000330        0x8 /usr/lib/gcc/arm-none-eabi/8.3.1/../../../arm-none-eabi/lib/thumb/v7e-m+fp/hard/libc_nano.a(lib_a-nano-mallocr.o)
                0x0000000020000330                __malloc_free_list
                0x0000000020000334                __malloc_sbrk_start
 .bss           0x0000000020000338        0x4 /usr/lib/gcc/arm-none-eabi/8.3.1/../../../arm-none-eabi/lib/thumb/v7e-m+fp/hard/libnosys.a(sbrk.o)
 *(.bss*)
 .bss.pxCurrentTCB
                0x000000002000033c        0x4 build/tasks.o
                0x000000002000033c                pxCurrentTCB
 .bss.pxDelayedTaskList
                0x0000000020000340        0x4 build/tasks.o
 .bss.pxOverflowDelayedTaskList
                0x0000000020000344        0x4 build/tasks.o
 .bss.pxReadyTasksLists
                0x0000000020000348      0x460 build/tasks.o
 .bss.uxCurrentNumberOfTasks
                0x00000000200007a8        0x4 build/tasks.o
 .bss.uxDeletedTasksWaitingCleanUp
                0x00000000200007ac        0x4 build/tasks.o
 .bss.uxSchedulerSuspended
                0x00000000200007b0        0x4 build/tasks.o
 .bss.uxTaskNumber
                0x00000000200007b4        0x4 build/tasks.o
 .bss.uxTopReadyPriority
                0x00000000200007b8        0x4 build/tasks.o
 .bss.xDelayedTaskList1
                0x00000000200007bc       0x14 build/tasks.o
 .bss.xDelayedTaskList2
                0x00000000200007d0       0x14 build/tasks.o
 .bss.xNextTaskUnblockTime
                0x00000000200007e4        0x4 build/tasks.o
 .bss.xNumOfOverflows
                0x00000000200007e8        0x4 build/tasks.o
 .bss.xPendedTicks
                0x00000000200007ec        0x4 build/tasks.o
 .bss.xPendingReadyList
                0x00000000200007f0       0x14 build/tasks.o
 .bss.xSchedulerRunning
                0x0000000020000804        0x4 build/tasks.o
 .bss.xSuspendedTaskList
                0x0000000020000808       0x14 build/tasks.o
 .bss.xTasksWaitingTermination
                0x000000002000081c       0x14 build/tasks.o
 .bss.xTickCount
                0x0000000020000830        0x4 build/tasks.o
 .bss.xYieldPending
                0x0000000020000834        0x4 build/tasks.o
 .bss.pxCurrentTimerList
                0x0000000020000838        0x4 build/timers.o
 .bss.pxOverflowTimerList
                0x000000002000083c        0x4 build/timers.o
 .bss.ucStaticTimerQueueStorage.6932
                0x0000000020000840       0xa0 build/timers.o
 .bss.xActiveTimerList1
                0x00000000200008e0       0x14 build/timers.o
 .bss.xActiveTimerList2
                0x00000000200008f4       0x14 build/timers.o
 .bss.xLastTime.6881
                0x0000000020000908        0x4 build/timers.o
 .bss.xStaticTimerQueue.6931
                0x000000002000090c       0x50 build/timers.o
 .bss.xTimerQueue
                0x000000002000095c        0x4 build/timers.o
 .bss.xTimerTaskHandle
                0x0000000020000960        0x4 build/timers.o
 .bss.Idle_Stack.13070
                0x0000000020000964      0x800 build/cmsis_os2.o
 .bss.Idle_TCB.13069
                0x0000000020001164       0x5c build/cmsis_os2.o
 .bss.KernelState
                0x00000000200011c0        0x4 build/cmsis_os2.o
 .bss.Timer_Stack.13077
                0x00000000200011c4     0x1000 build/cmsis_os2.o
 .bss.Timer_TCB.13076
                0x00000000200021c4       0x5c build/cmsis_os2.o
 .bss.pxEnd     0x0000000020002220        0x4 build/heap_4.o
 .bss.ucHeap    0x0000000020002224     0x8000 build/heap_4.o
 .bss.xBlockAllocatedBit
                0x000000002000a224        0x4 build/heap_4.o
 .bss.xFreeBytesRemaining
                0x000000002000a228        0x4 build/heap_4.o
 .bss.xMinimumEverFreeBytesRemaining
                0x000000002000a22c        0x4 build/heap_4.o
 .bss.xNumberOfSuccessfulAllocations
                0x000000002000a230        0x4 build/heap_4.o
 .bss.xNumberOfSuccessfulFrees
                0x000000002000a234        0x4 build/heap_4.o
 .bss.xStart    0x000000002000a238        0x8 build/heap_4.o
 .bss.ucMaxSysCallPriority
                0x000000002000a240        0x1 build/port.o
 *fill*         0x000000002000a241        0x3 
 .bss.ulMaxPRIGROUPValue
                0x000000002000a244        0x4 build/port.o
 *(COMMON)
 COMMON         0x000000002000a248       0x61 build/run.o
                0x000000002000a248                dat
 *fill*         0x000000002000a2a9        0x3 
 COMMON         0x000000002000a2ac        0x4 build/retarget.o
                0x000000002000a2ac                gHuart
 COMMON         0x000000002000a2b0       0x94 build/main.o
                0x000000002000a2b0                defaultTaskHandle
                0x000000002000a2b4                huart1
 COMMON         0x000000002000a344       0x4c build/stm32wbxx_hal_timebase_tim.o
                0x000000002000a344                htim1
 COMMON         0x000000002000a390        0x4 build/stm32wbxx_hal.o
                0x000000002000a390                uwTick
 COMMON         0x000000002000a394       0x40 build/queue.o
                0x000000002000a394                xQueueRegistry
 COMMON         0x000000002000a3d4        0x4 /usr/lib/gcc/arm-none-eabi/8.3.1/../../../arm-none-eabi/lib/thumb/v7e-m+fp/hard/libc_nano.a(lib_a-reent.o)
                0x000000002000a3d4                errno
                0x000000002000a3d8                . = ALIGN (0x4)
                0x000000002000a3d8                _ebss = .
                0x000000002000a3d8                __bss_end__ = _ebss

._user_heap_stack
                0x000000002000a3d8      0x600 load address 0x0000000008025584
                0x000000002000a3d8                . = ALIGN (0x8)
                0x000000002000a3d8                PROVIDE (end = .)
                [!provide]                        PROVIDE (_end = .)
                0x000000002000a5d8                . = (. + _Min_Heap_Size)
 *fill*         0x000000002000a3d8      0x200 
                0x000000002000a9d8                . = (. + _Min_Stack_Size)
 *fill*         0x000000002000a5d8      0x400 
                0x000000002000a9d8                . = ALIGN (0x8)

/DISCARD/
 libc.a(*)
 libm.a(*)
 libgcc.a(*)

.ARM.attributes
                0x0000000000000000       0x30
 *(.ARM.attributes)
 .ARM.attributes
                0x0000000000000000       0x1e /usr/lib/gcc/arm-none-eabi/8.3.1/thumb/v7e-m+fp/hard/crti.o
 .ARM.attributes
                0x000000000000001e       0x34 /usr/lib/gcc/arm-none-eabi/8.3.1/thumb/v7e-m+fp/hard/crtbegin.o
 .ARM.attributes
                0x0000000000000052       0x34 build/run.o
 .ARM.attributes
                0x0000000000000086       0x34 build/retarget.o
 .ARM.attributes
                0x00000000000000ba       0x34 build/main.o
 .ARM.attributes
                0x00000000000000ee       0x34 build/encrypt.o
 .ARM.attributes
                0x0000000000000122       0x34 build/sha256.o
 .ARM.attributes
                0x0000000000000156       0x34 build/aes.o
 .ARM.attributes
                0x000000000000018a       0x34 build/stm32wbxx_it.o
 .ARM.attributes
                0x00000000000001be       0x34 build/stm32wbxx_hal_msp.o
 .ARM.attributes
                0x00000000000001f2       0x34 build/stm32wbxx_hal_timebase_tim.o
 .ARM.attributes
                0x0000000000000226       0x34 build/stm32wbxx_hal_rcc.o
 .ARM.attributes
                0x000000000000025a       0x34 build/stm32wbxx_hal_rcc_ex.o
 .ARM.attributes
                0x000000000000028e       0x34 build/stm32wbxx_hal_gpio.o
 .ARM.attributes
                0x00000000000002c2       0x34 build/stm32wbxx_hal_dma.o
 .ARM.attributes
                0x00000000000002f6       0x34 build/stm32wbxx_hal_pwr.o
 .ARM.attributes
                0x000000000000032a       0x34 build/stm32wbxx_hal_pwr_ex.o
 .ARM.attributes
                0x000000000000035e       0x34 build/stm32wbxx_hal_cortex.o
 .ARM.attributes
                0x0000000000000392       0x34 build/stm32wbxx_hal.o
 .ARM.attributes
                0x00000000000003c6       0x34 build/stm32wbxx_hal_uart.o
 .ARM.attributes
                0x00000000000003fa       0x34 build/stm32wbxx_hal_uart_ex.o
 .ARM.attributes
                0x000000000000042e       0x34 build/stm32wbxx_hal_tim.o
 .ARM.attributes
                0x0000000000000462       0x34 build/stm32wbxx_hal_tim_ex.o
 .ARM.attributes
                0x0000000000000496       0x34 build/system_stm32wbxx.o
 .ARM.attributes
                0x00000000000004ca       0x34 build/list.o
 .ARM.attributes
                0x00000000000004fe       0x34 build/queue.o
 .ARM.attributes
                0x0000000000000532       0x34 build/tasks.o
 .ARM.attributes
                0x0000000000000566       0x34 build/timers.o
 .ARM.attributes
                0x000000000000059a       0x34 build/cmsis_os2.o
 .ARM.attributes
                0x00000000000005ce       0x34 build/heap_4.o
 .ARM.attributes
                0x0000000000000602       0x34 build/port.o
 .ARM.attributes
                0x0000000000000636       0x21 build/startup_stm32wb55xx_cm4.o
 .ARM.attributes
                0x0000000000000657       0x34 secp256k1/src/libsecp256k1_la-secp256k1.o
 .ARM.attributes
                0x000000000000068b       0x34 /usr/lib/gcc/arm-none-eabi/8.3.1/../../../arm-none-eabi/lib/thumb/v7e-m+fp/hard/libc_nano.a(lib_a-abort.o)
 .ARM.attributes
                0x00000000000006bf       0x34 /usr/lib/gcc/arm-none-eabi/8.3.1/../../../arm-none-eabi/lib/thumb/v7e-m+fp/hard/libc_nano.a(lib_a-errno.o)
 .ARM.attributes
                0x00000000000006f3       0x34 /usr/lib/gcc/arm-none-eabi/8.3.1/../../../arm-none-eabi/lib/thumb/v7e-m+fp/hard/libc_nano.a(lib_a-fprintf.o)
 .ARM.attributes
                0x0000000000000727       0x34 /usr/lib/gcc/arm-none-eabi/8.3.1/../../../arm-none-eabi/lib/thumb/v7e-m+fp/hard/libc_nano.a(lib_a-getchar.o)
 .ARM.attributes
                0x000000000000075b       0x32 /usr/lib/gcc/arm-none-eabi/8.3.1/../../../arm-none-eabi/lib/thumb/v7e-m+fp/hard/libc_nano.a(lib_a-impure.o)
 .ARM.attributes
                0x000000000000078d       0x34 /usr/lib/gcc/arm-none-eabi/8.3.1/../../../arm-none-eabi/lib/thumb/v7e-m+fp/hard/libc_nano.a(lib_a-init.o)
 .ARM.attributes
                0x00000000000007c1       0x34 /usr/lib/gcc/arm-none-eabi/8.3.1/../../../arm-none-eabi/lib/thumb/v7e-m+fp/hard/libc_nano.a(lib_a-malloc.o)
 .ARM.attributes
                0x00000000000007f5       0x1c /usr/lib/gcc/arm-none-eabi/8.3.1/../../../arm-none-eabi/lib/thumb/v7e-m+fp/hard/libc_nano.a(lib_a-memchr.o)
 .ARM.attributes
                0x0000000000000811       0x34 /usr/lib/gcc/arm-none-eabi/8.3.1/../../../arm-none-eabi/lib/thumb/v7e-m+fp/hard/libc_nano.a(lib_a-memcmp.o)
 .ARM.attributes
                0x0000000000000845       0x1c /usr/lib/gcc/arm-none-eabi/8.3.1/../../../arm-none-eabi/lib/thumb/v7e-m+fp/hard/libc_nano.a(lib_a-memcpy.o)
 .ARM.attributes
                0x0000000000000861       0x34 /usr/lib/gcc/arm-none-eabi/8.3.1/../../../arm-none-eabi/lib/thumb/v7e-m+fp/hard/libc_nano.a(lib_a-memset.o)
 .ARM.attributes
                0x0000000000000895       0x34 /usr/lib/gcc/arm-none-eabi/8.3.1/../../../arm-none-eabi/lib/thumb/v7e-m+fp/hard/libc_nano.a(lib_a-nano-freer.o)
 .ARM.attributes
                0x00000000000008c9       0x34 /usr/lib/gcc/arm-none-eabi/8.3.1/../../../arm-none-eabi/lib/thumb/v7e-m+fp/hard/libc_nano.a(lib_a-nano-mallocr.o)
 .ARM.attributes
                0x00000000000008fd       0x34 /usr/lib/gcc/arm-none-eabi/8.3.1/../../../arm-none-eabi/lib/thumb/v7e-m+fp/hard/libc_nano.a(lib_a-nano-vfprintf.o)
 .ARM.attributes
                0x0000000000000931       0x34 /usr/lib/gcc/arm-none-eabi/8.3.1/../../../arm-none-eabi/lib/thumb/v7e-m+fp/hard/libc_nano.a(lib_a-nano-vfprintf_float.o)
 .ARM.attributes
                0x0000000000000965       0x34 /usr/lib/gcc/arm-none-eabi/8.3.1/../../../arm-none-eabi/lib/thumb/v7e-m+fp/hard/libc_nano.a(lib_a-nano-vfprintf_i.o)
 .ARM.attributes
                0x0000000000000999       0x34 /usr/lib/gcc/arm-none-eabi/8.3.1/../../../arm-none-eabi/lib/thumb/v7e-m+fp/hard/libc_nano.a(lib_a-printf.o)
 .ARM.attributes
                0x00000000000009cd       0x34 /usr/lib/gcc/arm-none-eabi/8.3.1/../../../arm-none-eabi/lib/thumb/v7e-m+fp/hard/libc_nano.a(lib_a-putchar.o)
 .ARM.attributes
                0x0000000000000a01       0x34 /usr/lib/gcc/arm-none-eabi/8.3.1/../../../arm-none-eabi/lib/thumb/v7e-m+fp/hard/libc_nano.a(lib_a-puts.o)
 .ARM.attributes
                0x0000000000000a35       0x34 /usr/lib/gcc/arm-none-eabi/8.3.1/../../../arm-none-eabi/lib/thumb/v7e-m+fp/hard/libc_nano.a(lib_a-sbrkr.o)
 .ARM.attributes
                0x0000000000000a69       0x34 /usr/lib/gcc/arm-none-eabi/8.3.1/../../../arm-none-eabi/lib/thumb/v7e-m+fp/hard/libc_nano.a(lib_a-setvbuf.o)
 .ARM.attributes
                0x0000000000000a9d       0x34 /usr/lib/gcc/arm-none-eabi/8.3.1/../../../arm-none-eabi/lib/thumb/v7e-m+fp/hard/libc_nano.a(lib_a-signal.o)
 .ARM.attributes
                0x0000000000000ad1       0x34 /usr/lib/gcc/arm-none-eabi/8.3.1/../../../arm-none-eabi/lib/thumb/v7e-m+fp/hard/libc_nano.a(lib_a-signalr.o)
 .ARM.attributes
                0x0000000000000b05       0x1c /usr/lib/gcc/arm-none-eabi/8.3.1/../../../arm-none-eabi/lib/thumb/v7e-m+fp/hard/libc_nano.a(lib_a-strlen.o)
 .ARM.attributes
                0x0000000000000b21       0x34 /usr/lib/gcc/arm-none-eabi/8.3.1/../../../arm-none-eabi/lib/thumb/v7e-m+fp/hard/libc_nano.a(lib_a-strncmp.o)
 .ARM.attributes
                0x0000000000000b55       0x34 /usr/lib/gcc/arm-none-eabi/8.3.1/../../../arm-none-eabi/lib/thumb/v7e-m+fp/hard/libc_nano.a(lib_a-strncpy.o)
 .ARM.attributes
                0x0000000000000b89       0x34 /usr/lib/gcc/arm-none-eabi/8.3.1/../../../arm-none-eabi/lib/thumb/v7e-m+fp/hard/libc_nano.a(lib_a-strtoul.o)
 .ARM.attributes
                0x0000000000000bbd       0x34 /usr/lib/gcc/arm-none-eabi/8.3.1/../../../arm-none-eabi/lib/thumb/v7e-m+fp/hard/libc_nano.a(lib_a-wbuf.o)
 .ARM.attributes
                0x0000000000000bf1       0x34 /usr/lib/gcc/arm-none-eabi/8.3.1/../../../arm-none-eabi/lib/thumb/v7e-m+fp/hard/libc_nano.a(lib_a-wsetup.o)
 .ARM.attributes
                0x0000000000000c25       0x32 /usr/lib/gcc/arm-none-eabi/8.3.1/../../../arm-none-eabi/lib/thumb/v7e-m+fp/hard/libc_nano.a(lib_a-ctype_.o)
 .ARM.attributes
                0x0000000000000c57       0x34 /usr/lib/gcc/arm-none-eabi/8.3.1/../../../arm-none-eabi/lib/thumb/v7e-m+fp/hard/libc_nano.a(lib_a-dtoa.o)
 .ARM.attributes
                0x0000000000000c8b       0x34 /usr/lib/gcc/arm-none-eabi/8.3.1/../../../arm-none-eabi/lib/thumb/v7e-m+fp/hard/libc_nano.a(lib_a-fflush.o)
 .ARM.attributes
                0x0000000000000cbf       0x34 /usr/lib/gcc/arm-none-eabi/8.3.1/../../../arm-none-eabi/lib/thumb/v7e-m+fp/hard/libc_nano.a(lib_a-findfp.o)
 .ARM.attributes
                0x0000000000000cf3       0x34 /usr/lib/gcc/arm-none-eabi/8.3.1/../../../arm-none-eabi/lib/thumb/v7e-m+fp/hard/libc_nano.a(lib_a-fvwrite.o)
 .ARM.attributes
                0x0000000000000d27       0x34 /usr/lib/gcc/arm-none-eabi/8.3.1/../../../arm-none-eabi/lib/thumb/v7e-m+fp/hard/libc_nano.a(lib_a-fwalk.o)
 .ARM.attributes
                0x0000000000000d5b       0x34 /usr/lib/gcc/arm-none-eabi/8.3.1/../../../arm-none-eabi/lib/thumb/v7e-m+fp/hard/libc_nano.a(lib_a-getc.o)
 .ARM.attributes
                0x0000000000000d8f       0x34 /usr/lib/gcc/arm-none-eabi/8.3.1/../../../arm-none-eabi/lib/thumb/v7e-m+fp/hard/libc_nano.a(lib_a-localeconv.o)
 .ARM.attributes