Archive member included to satisfy reference by file (symbol)

/usr/lib/gcc/arm-none-eabi/8.3.1/../../../arm-none-eabi/lib/thumb/v7e-m+fp/hard/libc_nano.a(lib_a-abort.o)
                              secp256k1/src/libsecp256k1_la-secp256k1.o (abort)
/usr/lib/gcc/arm-none-eabi/8.3.1/../../../arm-none-eabi/lib/thumb/v7e-m+fp/hard/libc_nano.a(lib_a-atexit.o)
                              /usr/lib/gcc/arm-none-eabi/8.3.1/../../../arm-none-eabi/lib/thumb/v7e-m+fp/hard/crt0.o (atexit)
/usr/lib/gcc/arm-none-eabi/8.3.1/../../../arm-none-eabi/lib/thumb/v7e-m+fp/hard/libc_nano.a(lib_a-errno.o)
                              build/retarget.o (__errno)
/usr/lib/gcc/arm-none-eabi/8.3.1/../../../arm-none-eabi/lib/thumb/v7e-m+fp/hard/libc_nano.a(lib_a-exit.o)
                              /usr/lib/gcc/arm-none-eabi/8.3.1/../../../arm-none-eabi/lib/thumb/v7e-m+fp/hard/crt0.o (exit)
/usr/lib/gcc/arm-none-eabi/8.3.1/../../../arm-none-eabi/lib/thumb/v7e-m+fp/hard/libc_nano.a(lib_a-fini.o)
                              /usr/lib/gcc/arm-none-eabi/8.3.1/../../../arm-none-eabi/lib/thumb/v7e-m+fp/hard/crt0.o (__libc_fini_array)
/usr/lib/gcc/arm-none-eabi/8.3.1/../../../arm-none-eabi/lib/thumb/v7e-m+fp/hard/libc_nano.a(lib_a-fprintf.o)
                              secp256k1/src/libsecp256k1_la-secp256k1.o (fprintf)
/usr/lib/gcc/arm-none-eabi/8.3.1/../../../arm-none-eabi/lib/thumb/v7e-m+fp/hard/libc_nano.a(lib_a-getchar.o)
                              build/main.o (getchar)
/usr/lib/gcc/arm-none-eabi/8.3.1/../../../arm-none-eabi/lib/thumb/v7e-m+fp/hard/libc_nano.a(lib_a-impure.o)
                              /usr/lib/gcc/arm-none-eabi/8.3.1/../../../arm-none-eabi/lib/thumb/v7e-m+fp/hard/libc_nano.a(lib_a-exit.o) (_global_impure_ptr)
/usr/lib/gcc/arm-none-eabi/8.3.1/../../../arm-none-eabi/lib/thumb/v7e-m+fp/hard/libc_nano.a(lib_a-init.o)
                              /usr/lib/gcc/arm-none-eabi/8.3.1/../../../arm-none-eabi/lib/thumb/v7e-m+fp/hard/crt0.o (__libc_init_array)
/usr/lib/gcc/arm-none-eabi/8.3.1/../../../arm-none-eabi/lib/thumb/v7e-m+fp/hard/libc_nano.a(lib_a-malloc.o)
                              build/run.o (malloc)
/usr/lib/gcc/arm-none-eabi/8.3.1/../../../arm-none-eabi/lib/thumb/v7e-m+fp/hard/libc_nano.a(lib_a-memchr.o)
                              build/run.o (memchr)
/usr/lib/gcc/arm-none-eabi/8.3.1/../../../arm-none-eabi/lib/thumb/v7e-m+fp/hard/libc_nano.a(lib_a-memcmp.o)
                              build/encrypt.o (memcmp)
/usr/lib/gcc/arm-none-eabi/8.3.1/../../../arm-none-eabi/lib/thumb/v7e-m+fp/hard/libc_nano.a(lib_a-memcpy.o)
                              build/queue.o (memcpy)
/usr/lib/gcc/arm-none-eabi/8.3.1/../../../arm-none-eabi/lib/thumb/v7e-m+fp/hard/libc_nano.a(lib_a-memset.o)
                              /usr/lib/gcc/arm-none-eabi/8.3.1/../../../arm-none-eabi/lib/thumb/v7e-m+fp/hard/crt0.o (memset)
/usr/lib/gcc/arm-none-eabi/8.3.1/../../../arm-none-eabi/lib/thumb/v7e-m+fp/hard/libc_nano.a(lib_a-nano-freer.o)
                              /usr/lib/gcc/arm-none-eabi/8.3.1/../../../arm-none-eabi/lib/thumb/v7e-m+fp/hard/libc_nano.a(lib_a-malloc.o) (_free_r)
/usr/lib/gcc/arm-none-eabi/8.3.1/../../../arm-none-eabi/lib/thumb/v7e-m+fp/hard/libc_nano.a(lib_a-nano-mallocr.o)
                              /usr/lib/gcc/arm-none-eabi/8.3.1/../../../arm-none-eabi/lib/thumb/v7e-m+fp/hard/libc_nano.a(lib_a-malloc.o) (_malloc_r)
/usr/lib/gcc/arm-none-eabi/8.3.1/../../../arm-none-eabi/lib/thumb/v7e-m+fp/hard/libc_nano.a(lib_a-nano-vfprintf.o)
                              /usr/lib/gcc/arm-none-eabi/8.3.1/../../../arm-none-eabi/lib/thumb/v7e-m+fp/hard/libc_nano.a(lib_a-fprintf.o) (_vfprintf_r)
/usr/lib/gcc/arm-none-eabi/8.3.1/../../../arm-none-eabi/lib/thumb/v7e-m+fp/hard/libc_nano.a(lib_a-nano-vfprintf_float.o)
                              /usr/lib/gcc/arm-none-eabi/8.3.1/../../../arm-none-eabi/lib/thumb/v7e-m+fp/hard/libc_nano.a(lib_a-nano-vfprintf.o) (_printf_float)
/usr/lib/gcc/arm-none-eabi/8.3.1/../../../arm-none-eabi/lib/thumb/v7e-m+fp/hard/libc_nano.a(lib_a-nano-vfprintf_i.o)
                              /usr/lib/gcc/arm-none-eabi/8.3.1/../../../arm-none-eabi/lib/thumb/v7e-m+fp/hard/libc_nano.a(lib_a-nano-vfprintf_float.o) (_printf_common)
/usr/lib/gcc/arm-none-eabi/8.3.1/../../../arm-none-eabi/lib/thumb/v7e-m+fp/hard/libc_nano.a(lib_a-printf.o)
                              build/run.o (printf)
/usr/lib/gcc/arm-none-eabi/8.3.1/../../../arm-none-eabi/lib/thumb/v7e-m+fp/hard/libc_nano.a(lib_a-putchar.o)
                              build/run.o (putchar)
/usr/lib/gcc/arm-none-eabi/8.3.1/../../../arm-none-eabi/lib/thumb/v7e-m+fp/hard/libc_nano.a(lib_a-puts.o)
                              build/run.o (puts)
/usr/lib/gcc/arm-none-eabi/8.3.1/../../../arm-none-eabi/lib/thumb/v7e-m+fp/hard/libc_nano.a(lib_a-sbrkr.o)
                              /usr/lib/gcc/arm-none-eabi/8.3.1/../../../arm-none-eabi/lib/thumb/v7e-m+fp/hard/libc_nano.a(lib_a-nano-mallocr.o) (_sbrk_r)
[...]
Memory Configuration

Name             Origin             Length             Attributes
FLASH            0x0000000008000000 0x0000000000080000 xr
RAM1             0x0000000020000008 0x000000000002fff8 xrw
RAM_SHARED       0x0000000020030000 0x0000000000002800 xrw
*default*        0x0000000000000000 0xffffffffffffffff

Linker script and memory map

LOAD /usr/lib/gcc/arm-none-eabi/8.3.1/thumb/v7e-m+fp/hard/crti.o
LOAD /usr/lib/gcc/arm-none-eabi/8.3.1/thumb/v7e-m+fp/hard/crtbegin.o
LOAD /usr/lib/gcc/arm-none-eabi/8.3.1/../../../arm-none-eabi/lib/thumb/v7e-m+fp/hard/crt0.o
LOAD build/run.o
LOAD build/retarget.o
LOAD build/main.o
LOAD build/encrypt.o
LOAD build/sha256.o
LOAD build/aes.o
LOAD build/app_freertos.o
LOAD build/stm32wbxx_it.o
LOAD build/stm32wbxx_hal_msp.o
LOAD build/stm32wbxx_hal_timebase_tim.o
LOAD build/stm32wbxx_hal_rcc.o
LOAD build/stm32wbxx_hal_rcc_ex.o
LOAD build/stm32wbxx_hal_flash.o
LOAD build/stm32wbxx_hal_flash_ex.o
LOAD build/stm32wbxx_hal_gpio.o
LOAD build/stm32wbxx_hal_hsem.o
LOAD build/stm32wbxx_hal_dma.o
LOAD build/stm32wbxx_hal_dma_ex.o
LOAD build/stm32wbxx_hal_pwr.o
LOAD build/stm32wbxx_hal_pwr_ex.o
LOAD build/stm32wbxx_hal_cortex.o
LOAD build/stm32wbxx_hal.o
LOAD build/stm32wbxx_hal_exti.o
LOAD build/stm32wbxx_hal_uart.o
LOAD build/stm32wbxx_hal_uart_ex.o
LOAD build/stm32wbxx_hal_tim.o
LOAD build/stm32wbxx_hal_tim_ex.o
LOAD build/system_stm32wbxx.o
LOAD build/croutine.o
LOAD build/event_groups.o
LOAD build/list.o
LOAD build/queue.o
LOAD build/stream_buffer.o
LOAD build/tasks.o
LOAD build/timers.o
LOAD build/cmsis_os2.o
LOAD build/heap_4.o
LOAD build/port.o
LOAD build/startup_stm32wb55xx_cm4.o
LOAD secp256k1/src/libsecp256k1_la-secp256k1.o
LOAD /usr/lib/gcc/arm-none-eabi/8.3.1/../../../arm-none-eabi/lib/thumb/v7e-m+fp/hard/libc_nano.a
LOAD /usr/lib/gcc/arm-none-eabi/8.3.1/../../../arm-none-eabi/lib/thumb/v7e-m+fp/hard/libm.a
LOAD /usr/lib/gcc/arm-none-eabi/8.3.1/../../../arm-none-eabi/lib/thumb/v7e-m+fp/hard/libnosys.a
LOAD /usr/lib/gcc/arm-none-eabi/8.3.1/../../../arm-none-eabi/lib/thumb/v7e-m+fp/hard/librdimon_nano.a
START GROUP
LOAD /usr/lib/gcc/arm-none-eabi/8.3.1/thumb/v7e-m+fp/hard/libgcc.a
LOAD /usr/lib/gcc/arm-none-eabi/8.3.1/../../../arm-none-eabi/lib/thumb/v7e-m+fp/hard/libc_nano.a
END GROUP
START GROUP
LOAD /usr/lib/gcc/arm-none-eabi/8.3.1/thumb/v7e-m+fp/hard/libgcc.a
LOAD /usr/lib/gcc/arm-none-eabi/8.3.1/../../../arm-none-eabi/lib/thumb/v7e-m+fp/hard/libc_nano.a
LOAD /usr/lib/gcc/arm-none-eabi/8.3.1/../../../arm-none-eabi/lib/thumb/v7e-m+fp/hard/libnosys.a
END GROUP
START GROUP
LOAD /usr/lib/gcc/arm-none-eabi/8.3.1/thumb/v7e-m+fp/hard/libgcc.a
LOAD /usr/lib/gcc/arm-none-eabi/8.3.1/../../../arm-none-eabi/lib/thumb/v7e-m+fp/hard/libc_nano.a
LOAD /usr/lib/gcc/arm-none-eabi/8.3.1/../../../arm-none-eabi/lib/thumb/v7e-m+fp/hard/libnosys.a
END GROUP
LOAD /usr/lib/gcc/arm-none-eabi/8.3.1/thumb/v7e-m+fp/hard/crtend.o
LOAD /usr/lib/gcc/arm-none-eabi/8.3.1/thumb/v7e-m+fp/hard/crtn.o
                0x0000000020030000                _estack = 0x20030000
                0x0000000000000200                _Min_Heap_Size = 0x200
                0x0000000000000400                _Min_Stack_Size = 0x400

.isr_vector     0x0000000008000000      0x13c
                0x0000000008000000                . = ALIGN (0x4)
 *(.isr_vector)
 .isr_vector    0x0000000008000000      0x13c build/startup_stm32wb55xx_cm4.o
                0x0000000008000000                g_pfnVectors
                0x000000000800013c                . = ALIGN (0x4)

.text           0x0000000008000140    0x15114
                0x0000000008000140                . = ALIGN (0x4)
 *(.text)
 .text          0x0000000008000140       0x88 /usr/lib/gcc/arm-none-eabi/8.3.1/thumb/v7e-m+fp/hard/crtbegin.o
 .text          0x00000000080001c8       0x10 /usr/lib/gcc/arm-none-eabi/8.3.1/../../../arm-none-eabi/lib/thumb/v7e-m+fp/hard/libc_nano.a(lib_a-abort.o)
                0x00000000080001c8                abort
 .text          0x00000000080001d8        0xc /usr/lib/gcc/arm-none-eabi/8.3.1/../../../arm-none-eabi/lib/thumb/v7e-m+fp/hard/libc_nano.a(lib_a-errno.o)
                0x00000000080001d8                __errno
 .text          0x00000000080001e4       0x44 /usr/lib/gcc/arm-none-eabi/8.3.1/../../../arm-none-eabi/lib/thumb/v7e-m+fp/hard/libc_nano.a(lib_a-fprintf.o)
                0x00000000080001e4                _fprintf_r
                0x00000000080001e4                _fiprintf_r
                0x0000000008000200                fprintf
                0x0000000008000200                fiprintf
 .text          0x0000000008000228       0x58 /usr/lib/gcc/arm-none-eabi/8.3.1/../../../arm-none-eabi/lib/thumb/v7e-m+fp/hard/libc_nano.a(lib_a-getchar.o)
                0x0000000008000228                _getchar_r
                0x0000000008000250                getchar
 .text          0x0000000008000280       0x48 /usr/lib/gcc/arm-none-eabi/8.3.1/../../../arm-none-eabi/lib/thumb/v7e-m+fp/hard/libc_nano.a(lib_a-init.o)
                0x0000000008000280                __libc_init_array
 .text          0x00000000080002c8       0x20 /usr/lib/gcc/arm-none-eabi/8.3.1/../../../arm-none-eabi/lib/thumb/v7e-m+fp/hard/libc_nano.a(lib_a-malloc.o)
                0x00000000080002c8                malloc
                0x00000000080002d8                free
 *fill*         0x00000000080002e8        0x8 
 .text          0x00000000080002f0       0xa0 /usr/lib/gcc/arm-none-eabi/8.3.1/../../../arm-none-eabi/lib/thumb/v7e-m+fp/hard/libc_nano.a(lib_a-memchr.o)
                0x00000000080002f0                memchr
 .text          0x0000000008000390       0x60 /usr/lib/gcc/arm-none-eabi/8.3.1/../../../arm-none-eabi/lib/thumb/v7e-m+fp/hard/libc_nano.a(lib_a-memcmp.o)
                0x0000000008000390                memcmp
 .text          0x00000000080003f0      0x134 /usr/lib/gcc/arm-none-eabi/8.3.1/../../../arm-none-eabi/lib/thumb/v7e-m+fp/hard/libc_nano.a(lib_a-memcpy.o)
                0x00000000080003f0                memcpy
 .text          0x0000000008000524       0xa0 /usr/lib/gcc/arm-none-eabi/8.3.1/../../../arm-none-eabi/lib/thumb/v7e-m+fp/hard/libc_nano.a(lib_a-memset.o)
                0x0000000008000524                memset
 .text          0x00000000080005c4       0xac /usr/lib/gcc/arm-none-eabi/8.3.1/../../../arm-none-eabi/lib/thumb/v7e-m+fp/hard/libc_nano.a(lib_a-nano-freer.o)
                0x00000000080005c4                _free_r
 .text          0x0000000008000670       0xc8 /usr/lib/gcc/arm-none-eabi/8.3.1/../../../arm-none-eabi/lib/thumb/v7e-m+fp/hard/libc_nano.a(lib_a-nano-mallocr.o)
                0x0000000008000670                _malloc_r
 .text          0x0000000008000738      0x364 /usr/lib/gcc/arm-none-eabi/8.3.1/../../../arm-none-eabi/lib/thumb/v7e-m+fp/hard/libc_nano.a(lib_a-nano-vfprintf.o)
                0x0000000008000774                __sfputs_r
                0x00000000080007a4                __sprint_r
                0x00000000080007c0                _vfiprintf_r
                0x00000000080007c0                _vfprintf_r
                0x0000000008000a84                vfiprintf
                0x0000000008000a84                vfprintf
 .text          0x0000000008000a9c      0x6b8 /usr/lib/gcc/arm-none-eabi/8.3.1/../../../arm-none-eabi/lib/thumb/v7e-m+fp/hard/libc_nano.a(lib_a-nano-vfprintf_float.o)
                0x0000000008000a9c                __cvt
                0x0000000008000b98                __exponent
                0x0000000008000c24                _printf_float
 .text          0x0000000008001154      0x3c4 /usr/lib/gcc/arm-none-eabi/8.3.1/../../../arm-none-eabi/lib/thumb/v7e-m+fp/hard/libc_nano.a(lib_a-nano-vfprintf_i.o)
                0x0000000008001154                _printf_common
                0x0000000008001280                _printf_i
 .text          0x0000000008001518       0x68 /usr/lib/gcc/arm-none-eabi/8.3.1/../../../arm-none-eabi/lib/thumb/v7e-m+fp/hard/libc_nano.a(lib_a-printf.o)
                0x0000000008001518                _printf_r
                0x0000000008001518                _iprintf_r
                0x0000000008001548                printf
                0x0000000008001548                iprintf
 .text          0x0000000008001580       0x58 /usr/lib/gcc/arm-none-eabi/8.3.1/../../../arm-none-eabi/lib/thumb/v7e-m+fp/hard/libc_nano.a(lib_a-putchar.o)
                0x0000000008001580                _putchar_r
                0x00000000080015a4                putchar
 .text          0x00000000080015d8       0xe8 /usr/lib/gcc/arm-none-eabi/8.3.1/../../../arm-none-eabi/lib/thumb/v7e-m+fp/hard/libc_nano.a(lib_a-puts.o)
                0x00000000080015d8                _puts_r
                0x00000000080016b0                puts
 .text          0x00000000080016c0       0x24 /usr/lib/gcc/arm-none-eabi/8.3.1/../../../arm-none-eabi/lib/thumb/v7e-m+fp/hard/libc_nano.a(lib_a-sbrkr.o)
                0x00000000080016c0                _sbrk_r
 .text          0x00000000080016e4      0x178 /usr/lib/gcc/arm-none-eabi/8.3.1/../../../arm-none-eabi/lib/thumb/v7e-m+fp/hard/libc_nano.a(lib_a-setvbuf.o)
                0x00000000080016e4                setvbuf
 .text          0x000000000800185c      0x150 /usr/lib/gcc/arm-none-eabi/8.3.1/../../../arm-none-eabi/lib/thumb/v7e-m+fp/hard/libc_nano.a(lib_a-signal.o)
                0x0000000008001884                _init_signal_r
                0x0000000008001890                _signal_r
                0x00000000080018c4                _raise_r
                0x0000000008001918                __sigtramp_r
                0x0000000008001968                raise
                0x0000000008001978                signal
                0x0000000008001988                _init_signal
                0x000000000800199c                __sigtramp
 .text          0x00000000080019ac       0x2c /usr/lib/gcc/arm-none-eabi/8.3.1/../../../arm-none-eabi/lib/thumb/v7e-m+fp/hard/libc_nano.a(lib_a-signalr.o)
                0x00000000080019ac                _kill_r
                0x00000000080019d4                _getpid_r
 *fill*         0x00000000080019d8       0x28 
 .text          0x0000000008001a00       0xdc /usr/lib/gcc/arm-none-eabi/8.3.1/../../../arm-none-eabi/lib/thumb/v7e-m+fp/hard/libc_nano.a(lib_a-strlen.o)
                0x0000000008001a00                strlen
 .text          0x0000000008001adc       0xa4 /usr/lib/gcc/arm-none-eabi/8.3.1/../../../arm-none-eabi/lib/thumb/v7e-m+fp/hard/libc_nano.a(lib_a-strncmp.o)
                0x0000000008001adc                strncmp
 .text          0x0000000008001b80       0x74 /usr/lib/gcc/arm-none-eabi/8.3.1/../../../arm-none-eabi/lib/thumb/v7e-m+fp/hard/libc_nano.a(lib_a-strncpy.o)
                0x0000000008001b80                strncpy
 .text          0x0000000008001bf4       0xc0 /usr/lib/gcc/arm-none-eabi/8.3.1/../../../arm-none-eabi/lib/thumb/v7e-m+fp/hard/libc_nano.a(lib_a-wbuf.o)
                0x0000000008001bf4                __swbuf_r
                0x0000000008001ca4                __swbuf
 .text          0x0000000008001cb4      0x100 /usr/lib/gcc/arm-none-eabi/8.3.1/../../../arm-none-eabi/lib/thumb/v7e-m+fp/hard/libc_nano.a(lib_a-wsetup.o)
                0x0000000008001cb4                __swsetup_r
 *fill*         0x0000000008001db4        0x4 
 .text          0x0000000008001db8      0xffc /usr/lib/gcc/arm-none-eabi/8.3.1/../../../arm-none-eabi/lib/thumb/v7e-m+fp/hard/libc_nano.a(lib_a-dtoa.o)
                0x0000000008001edc                _dtoa_r
 .text          0x0000000008002db4      0x1b0 /usr/lib/gcc/arm-none-eabi/8.3.1/../../../arm-none-eabi/lib/thumb/v7e-m+fp/hard/libc_nano.a(lib_a-fflush.o)
                0x0000000008002db4                __sflush_r
                0x0000000008002ee0                _fflush_r
                0x0000000008002f40                fflush
 .text          0x0000000008002f64      0x210 /usr/lib/gcc/arm-none-eabi/8.3.1/../../../arm-none-eabi/lib/thumb/v7e-m+fp/hard/libc_nano.a(lib_a-findfp.o)
                0x0000000008002f68                _cleanup_r
                0x0000000008002f78                __sfmoreglue
                0x0000000008002fa8                __sfp
                0x0000000008003120                _cleanup
                0x0000000008003134                __sinit
                0x000000000800313c                __sfp_lock_acquire
                0x0000000008003140                __sfp_lock_release
                0x0000000008003144                __sinit_lock_acquire
                0x0000000008003148                __sinit_lock_release
                0x000000000800314c                __fp_lock_all
                0x0000000008003160                __fp_unlock_all
 .text          0x0000000008003174      0x308 /usr/lib/gcc/arm-none-eabi/8.3.1/../../../arm-none-eabi/lib/thumb/v7e-m+fp/hard/libc_nano.a(lib_a-fvwrite.o)
                0x0000000008003174                __sfvwrite_r
 .text          0x000000000800347c       0xa0 /usr/lib/gcc/arm-none-eabi/8.3.1/../../../arm-none-eabi/lib/thumb/v7e-m+fp/hard/libc_nano.a(lib_a-fwalk.o)
                0x000000000800347c                _fwalk
                0x00000000080034c8                _fwalk_reent
 .text          0x000000000800351c       0xdc /usr/lib/gcc/arm-none-eabi/8.3.1/../../../arm-none-eabi/lib/thumb/v7e-m+fp/hard/libc_nano.a(lib_a-getc.o)
                0x000000000800351c                _getc_r
                0x0000000008003588                getc
 .text          0x00000000080035f8       0x14 /usr/lib/gcc/arm-none-eabi/8.3.1/../../../arm-none-eabi/lib/thumb/v7e-m+fp/hard/libc_nano.a(lib_a-localeconv.o)
                0x00000000080035f8                __localeconv_l
                0x00000000080035fc                _localeconv_r
                0x0000000008003604                localeconv
 .text          0x000000000800360c       0xf0 /usr/lib/gcc/arm-none-eabi/8.3.1/../../../arm-none-eabi/lib/thumb/v7e-m+fp/hard/libc_nano.a(lib_a-makebuf.o)
                0x000000000800360c                __swhatbuf_r
                0x0000000008003668                __smakebuf_r
 .text          0x00000000080036fc       0xd0 /usr/lib/gcc/arm-none-eabi/8.3.1/../../../arm-none-eabi/lib/thumb/v7e-m+fp/hard/libc_nano.a(lib_a-memmove.o)
                0x00000000080036fc                memmove
 .text          0x00000000080037cc        0x8 /usr/lib/gcc/arm-none-eabi/8.3.1/../../../arm-none-eabi/lib/thumb/v7e-m+fp/hard/libc_nano.a(lib_a-mlock.o)
                0x00000000080037cc                __malloc_lock
                0x00000000080037d0                __malloc_unlock
 .text          0x00000000080037d4      0xa38 /usr/lib/gcc/arm-none-eabi/8.3.1/../../../arm-none-eabi/lib/thumb/v7e-m+fp/hard/libc_nano.a(lib_a-mprec.o)
                0x00000000080037d4                _Balloc
                0x0000000008003854                _Bfree
                0x00000000080038a0                __multadd
                0x0000000008003940                __s2b
                0x00000000080039ec                __hi0bits
                0x0000000008003a2c                __lo0bits
                0x0000000008003a8c                __i2b
                0x0000000008003ab8                __multiply
                0x0000000008003c04                __pow5mult
                0x0000000008003cc8                __lshift
                0x0000000008003d90                __mcmp
                0x0000000008003dc8                __mdiff
                0x0000000008003ef0                __ulp
                0x0000000008003f40                __b2d
                0x0000000008003ff8                __d2b
                0x00000000080040cc                __ratio
                0x000000000800412c                _mprec_log10
                0x000000000800416c                __copybits
                0x00000000080041b4                __any_on
 .text          0x000000000800420c       0x1c /usr/lib/gcc/arm-none-eabi/8.3.1/../../../arm-none-eabi/lib/thumb/v7e-m+fp/hard/libc_nano.a(lib_a-nano-callocr.o)
                0x000000000800420c                _calloc_r
 .text          0x0000000008004228       0x4c /usr/lib/gcc/arm-none-eabi/8.3.1/../../../arm-none-eabi/lib/thumb/v7e-m+fp/hard/libc_nano.a(lib_a-nano-reallocr.o)
                0x0000000008004228                _realloc_r
 .text          0x0000000008004274      0x10c /usr/lib/gcc/arm-none-eabi/8.3.1/../../../arm-none-eabi/lib/thumb/v7e-m+fp/hard/libc_nano.a(lib_a-putc.o)
                0x0000000008004274                _putc_r
                0x00000000080042f4                putc
 .text          0x0000000008004380       0x70 /usr/lib/gcc/arm-none-eabi/8.3.1/../../../arm-none-eabi/lib/thumb/v7e-m+fp/hard/libc_nano.a(lib_a-rget.o)
                0x0000000008004380                __srget_r
                0x00000000080043e0                __srget
 .text          0x00000000080043f0       0x90 /usr/lib/gcc/arm-none-eabi/8.3.1/../../../arm-none-eabi/lib/thumb/v7e-m+fp/hard/libc_nano.a(lib_a-stdio.o)
                0x00000000080043f0                __sread
                0x0000000008004414                __seofread
                0x0000000008004418                __swrite
                0x0000000008004458                __sseek
                0x0000000008004478                __sclose
 .text          0x0000000008004480       0x2c /usr/lib/gcc/arm-none-eabi/8.3.1/../../../arm-none-eabi/lib/thumb/v7e-m+fp/hard/libc_nano.a(lib_a-writer.o)
                0x0000000008004480                _write_r
 .text          0x00000000080044ac       0x48 /usr/lib/gcc/arm-none-eabi/8.3.1/../../../arm-none-eabi/lib/thumb/v7e-m+fp/hard/libc_nano.a(lib_a-assert.o)
                0x00000000080044ac                __assert_func
                0x00000000080044e8                __assert
 .text          0x00000000080044f4       0x24 /usr/lib/gcc/arm-none-eabi/8.3.1/../../../arm-none-eabi/lib/thumb/v7e-m+fp/hard/libc_nano.a(lib_a-closer.o)
                0x00000000080044f4                _close_r
 .text          0x0000000008004518       0x28 /usr/lib/gcc/arm-none-eabi/8.3.1/../../../arm-none-eabi/lib/thumb/v7e-m+fp/hard/libc_nano.a(lib_a-fstatr.o)
                0x0000000008004518                _fstat_r
 .text          0x0000000008004540       0x24 /usr/lib/gcc/arm-none-eabi/8.3.1/../../../arm-none-eabi/lib/thumb/v7e-m+fp/hard/libc_nano.a(lib_a-isattyr.o)
                0x0000000008004540                _isatty_r
 .text          0x0000000008004564       0x2c /usr/lib/gcc/arm-none-eabi/8.3.1/../../../arm-none-eabi/lib/thumb/v7e-m+fp/hard/libc_nano.a(lib_a-lseekr.o)
                0x0000000008004564                _lseek_r
 .text          0x0000000008004590       0x40 /usr/lib/gcc/arm-none-eabi/8.3.1/../../../arm-none-eabi/lib/thumb/v7e-m+fp/hard/libc_nano.a(lib_a-mbtowc_r.o)
                0x0000000008004590                _mbtowc_r
                0x00000000080045a4                __ascii_mbtowc
 .text          0x00000000080045d0       0x10 /usr/lib/gcc/arm-none-eabi/8.3.1/../../../arm-none-eabi/lib/thumb/v7e-m+fp/hard/libc_nano.a(lib_a-nano-msizer.o)
                0x00000000080045d0                _malloc_usable_size_r
 .text          0x00000000080045e0       0x2c /usr/lib/gcc/arm-none-eabi/8.3.1/../../../arm-none-eabi/lib/thumb/v7e-m+fp/hard/libc_nano.a(lib_a-readr.o)
                0x00000000080045e0                _read_r
 .text          0x000000000800460c      0x144 /usr/lib/gcc/arm-none-eabi/8.3.1/../../../arm-none-eabi/lib/thumb/v7e-m+fp/hard/libc_nano.a(lib_a-refill.o)
                0x0000000008004620                __srefill_r
 .text          0x0000000008004750       0x30 /usr/lib/gcc/arm-none-eabi/8.3.1/../../../arm-none-eabi/lib/thumb/v7e-m+fp/hard/libc_nano.a(lib_a-wctomb_r.o)
                0x0000000008004750                _wctomb_r
                0x0000000008004764                __ascii_wctomb
 .text          0x0000000008004780       0x10 /usr/lib/gcc/arm-none-eabi/8.3.1/../../../arm-none-eabi/lib/thumb/v7e-m+fp/hard/libnosys.a(getpid.o)
                0x0000000008004780                _getpid
 .text          0x0000000008004790       0x10 /usr/lib/gcc/arm-none-eabi/8.3.1/../../../arm-none-eabi/lib/thumb/v7e-m+fp/hard/libnosys.a(kill.o)
                0x0000000008004790                _kill
 .text          0x00000000080047a0       0x1c /usr/lib/gcc/arm-none-eabi/8.3.1/../../../arm-none-eabi/lib/thumb/v7e-m+fp/hard/libnosys.a(sbrk.o)
                0x00000000080047a0                _sbrk
 .text          0x00000000080047bc        0x4 /usr/lib/gcc/arm-none-eabi/8.3.1/../../../arm-none-eabi/lib/thumb/v7e-m+fp/hard/libnosys.a(_exit.o)
                0x00000000080047bc                _exit
 .text          0x00000000080047c0      0x378 /usr/lib/gcc/arm-none-eabi/8.3.1/thumb/v7e-m+fp/hard/libgcc.a(_arm_addsubdf3.o)
                0x00000000080047c0                __aeabi_drsub
                0x00000000080047c8                __aeabi_dsub
                0x00000000080047c8                __subdf3
                0x00000000080047cc                __adddf3
                0x00000000080047cc                __aeabi_dadd
                0x0000000008004a44                __aeabi_ui2d
                0x0000000008004a44                __floatunsidf
                0x0000000008004a64                __floatsidf
                0x0000000008004a64                __aeabi_i2d
                0x0000000008004a88                __extendsfdf2
                0x0000000008004a88                __aeabi_f2d
                0x0000000008004acc                __aeabi_ul2d
                0x0000000008004acc                __floatundidf
                0x0000000008004adc                __floatdidf
                0x0000000008004adc                __aeabi_l2d
 .text          0x0000000008004b38      0x424 /usr/lib/gcc/arm-none-eabi/8.3.1/thumb/v7e-m+fp/hard/libgcc.a(_arm_muldivdf3.o)
                0x0000000008004b38                __aeabi_dmul
                0x0000000008004b38                __muldf3
                0x0000000008004d8c                __aeabi_ddiv
                0x0000000008004d8c                __divdf3
 .text          0x0000000008004f5c      0x110 /usr/lib/gcc/arm-none-eabi/8.3.1/thumb/v7e-m+fp/hard/libgcc.a(_arm_cmpdf2.o)
                0x0000000008004f5c                __gtdf2
                0x0000000008004f5c                __gedf2
                0x0000000008004f64                __ltdf2
                0x0000000008004f64                __ledf2
                0x0000000008004f6c                __cmpdf2
                0x0000000008004f6c                __eqdf2
                0x0000000008004f6c                __nedf2
                0x0000000008004fe8                __aeabi_cdrcmple
                0x0000000008004ff8                __aeabi_cdcmple
                0x0000000008004ff8                __aeabi_cdcmpeq
                0x0000000008005008                __aeabi_dcmpeq
                0x000000000800501c                __aeabi_dcmplt
                0x0000000008005030                __aeabi_dcmple
                0x0000000008005044                __aeabi_dcmpge
                0x0000000008005058                __aeabi_dcmpgt
 .text          0x000000000800506c       0x2c /usr/lib/gcc/arm-none-eabi/8.3.1/thumb/v7e-m+fp/hard/libgcc.a(_arm_unorddf2.o)
                0x000000000800506c                __aeabi_dcmpun
                0x000000000800506c                __unorddf2
 .text          0x0000000008005098       0x50 /usr/lib/gcc/arm-none-eabi/8.3.1/thumb/v7e-m+fp/hard/libgcc.a(_arm_fixdfsi.o)
                0x0000000008005098                __fixdfsi
                0x0000000008005098                __aeabi_d2iz
 .text          0x00000000080050e8       0x30 /usr/lib/gcc/arm-none-eabi/8.3.1/thumb/v7e-m+fp/hard/libgcc.a(_aeabi_uldivmod.o)
                0x00000000080050e8                __aeabi_uldivmod
 .text          0x0000000008005118      0x2d0 /usr/lib/gcc/arm-none-eabi/8.3.1/thumb/v7e-m+fp/hard/libgcc.a(_udivmoddi4.o)
                0x0000000008005118                __udivmoddi4
 .text          0x00000000080053e8        0x4 /usr/lib/gcc/arm-none-eabi/8.3.1/thumb/v7e-m+fp/hard/libgcc.a(_dvmd_tls.o)
                0x00000000080053e8                __aeabi_ldiv0
                0x00000000080053e8                __aeabi_idiv0
 *(.text*)
 .text.get_privkey
                0x00000000080053ec       0x34 build/run.o
                0x00000000080053ec                get_privkey
 .text.save_privkey
                0x0000000008005420       0xb8 build/run.o
                0x0000000008005420                save_privkey
 .text.sign     0x00000000080054d8       0x44 build/run.o
                0x00000000080054d8                sign
 .text.help     0x000000000800551c       0x10 build/run.o
                0x000000000800551c                help
 .text.sign_parse
                0x000000000800552c       0xf4 build/run.o
                0x000000000800552c                sign_parse
 .text.priv_parse
                0x0000000008005620       0xbc build/run.o
                0x0000000008005620                priv_parse
 .text.pub_parse
                0x00000000080056dc       0x5c build/run.o
                0x00000000080056dc                pub_parse
 .text.wallet_main
                0x0000000008005738       0x9c build/run.o
                0x0000000008005738                wallet_main
 .text.RetargetInit
                0x00000000080057d4       0x20 build/retarget.o
                0x00000000080057d4                RetargetInit
 .text._isatty  0x00000000080057f4       0x16 build/retarget.o
                0x00000000080057f4                _isatty
 *fill*         0x000000000800580a        0x2 
 .text._write   0x000000000800580c       0x94 build/retarget.o
                0x000000000800580c                _write
 .text._close   0x00000000080058a0       0x18 build/retarget.o
                0x00000000080058a0                _close
 .text._lseek   0x00000000080058b8       0x10 build/retarget.o
                0x00000000080058b8                _lseek
 .text._read    0x00000000080058c8       0x30 build/retarget.o
                0x00000000080058c8                _read
 .text._fstat   0x00000000080058f8       0x1a build/retarget.o
                0x00000000080058f8                _fstat
 *fill*         0x0000000008005912        0x2 
 .text.MX_GPIO_Init
                0x0000000008005914       0xe0 build/main.o
 .text.StartDefaultTask
                0x00000000080059f4       0x90 build/main.o
                0x00000000080059f4                StartDefaultTask
 .text.HAL_TIM_PeriodElapsedCallback
                0x0000000008005a84       0x18 build/main.o
                0x0000000008005a84                HAL_TIM_PeriodElapsedCallback
 .text.Error_Handler
                0x0000000008005a9c        0x4 build/main.o
                0x0000000008005a9c                Error_Handler
 .text.MX_USART1_UART_Init
                0x0000000008005aa0       0x60 build/main.o
 .text.SystemClock_Config
                0x0000000008005b00       0xa8 build/main.o
                0x0000000008005b00                SystemClock_Config
 .text.main     0x0000000008005ba8       0x40 build/main.o
                0x0000000008005ba8                main
 .text.KeyExpansionCore
                0x0000000008005be8       0x30 build/encrypt.o
 .text.KeyExpansion
                0x0000000008005c18       0x70 build/encrypt.o
 .text.encrypt_raw
                0x0000000008005c88       0x5a build/encrypt.o
                0x0000000008005c88                encrypt_raw
 .text.decrypt  0x0000000008005ce2       0x6c build/encrypt.o
                0x0000000008005ce2                decrypt
 *fill*         0x0000000008005d4e        0x2 
 .text.SHA256Transform
                0x0000000008005d50      0x140 build/sha256.o
                0x0000000008005d50                SHA256Transform
 .text.SHA256Init
                0x0000000008005e90       0x50 build/sha256.o
                0x0000000008005e90                SHA256Init
 .text.SHA256Update
                0x0000000008005ee0       0x44 build/sha256.o
                0x0000000008005ee0                SHA256Update
 .text.SHA256Final
                0x0000000008005f24       0xee build/sha256.o
                0x0000000008005f24                SHA256Final
 .text.SHA256   0x0000000008006012       0x2a build/sha256.o
                0x0000000008006012                SHA256
 .text.SubRoundKey
                0x000000000800603c       0x1e build/aes.o
                0x000000000800603c                SubRoundKey
 .text.AddRoundKey
                0x000000000800605a       0x1e build/aes.o
                0x000000000800605a                AddRoundKey
 .text.ShiftRowsR
                0x0000000008006078       0x7a build/aes.o
                0x0000000008006078                ShiftRowsR
 *fill*         0x00000000080060f2        0x2 
 .text.SubBytesI
                0x00000000080060f4       0x18 build/aes.o
                0x00000000080060f4                SubBytesI
 .text.SubBytesF
                0x000000000800610c       0x18 build/aes.o
                0x000000000800610c                SubBytesF
 .text.ShiftRowsL
                0x0000000008006124       0x7a build/aes.o
                0x0000000008006124                ShiftRowsL
 *fill*         0x000000000800619e        0x2 
 .text.MixColumns
                0x00000000080061a0      0x170 build/aes.o
                0x00000000080061a0                MixColumns
 .text.InverseMixColumns
                0x0000000008006310      0x238 build/aes.o
                0x0000000008006310                InverseMixColumns
 .text.InitialRound
                0x0000000008006548       0x16 build/aes.o
                0x0000000008006548                InitialRound
 .text.FinalRound
                0x000000000800655e       0x1a build/aes.o
                0x000000000800655e                FinalRound
 .text.DRound   0x0000000008006578       0x1c build/aes.o
                0x0000000008006578                DRound
 .text.ERound   0x0000000008006594       0x20 build/aes.o
                0x0000000008006594                ERound
 .text.AESEncrypt
                0x00000000080065b4       0x5a build/aes.o
                0x00000000080065b4                AESEncrypt
 .text.AESDecrypt
                0x000000000800660e       0x5c build/aes.o
                0x000000000800660e                AESDecrypt
 .text.NMI_Handler
                0x000000000800666a        0x2 build/stm32wbxx_it.o
                0x000000000800666a                NMI_Handler
 .text.HardFault_Handler
                0x000000000800666c        0x2 build/stm32wbxx_it.o
                0x000000000800666c                HardFault_Handler
 .text.MemManage_Handler
                0x000000000800666e        0x2 build/stm32wbxx_it.o
                0x000000000800666e                MemManage_Handler
 .text.BusFault_Handler
                0x0000000008006670        0x2 build/stm32wbxx_it.o
                0x0000000008006670                BusFault_Handler
 .text.UsageFault_Handler
                0x0000000008006672        0x2 build/stm32wbxx_it.o
                0x0000000008006672                UsageFault_Handler
 .text.DebugMon_Handler
                0x0000000008006674        0x2 build/stm32wbxx_it.o
                0x0000000008006674                DebugMon_Handler
 *fill*         0x0000000008006676        0x2 
 .text.TIM1_UP_TIM16_IRQHandler
                0x0000000008006678       0x10 build/stm32wbxx_it.o
                0x0000000008006678                TIM1_UP_TIM16_IRQHandler
 .text.USART1_IRQHandler
                0x0000000008006688       0x10 build/stm32wbxx_it.o
                0x0000000008006688                USART1_IRQHandler
 .text.HAL_MspInit
                0x0000000008006698       0x10 build/stm32wbxx_hal_msp.o
                0x0000000008006698                HAL_MspInit
 .text.HAL_UART_MspInit
                0x00000000080066a8       0x74 build/stm32wbxx_hal_msp.o
                0x00000000080066a8                HAL_UART_MspInit
 .text.HAL_InitTick
                0x000000000800671c       0x78 build/stm32wbxx_hal_timebase_tim.o
                0x000000000800671c                HAL_InitTick
 .text.RCC_SetFlashLatency
                0x0000000008006794       0xbc build/stm32wbxx_hal_rcc.o
 .text.RCC_SetFlashLatencyFromMSIRange
                0x0000000008006850       0x4c build/stm32wbxx_hal_rcc.o
 .text.HAL_RCC_GetSysClockFreq
                0x000000000800689c       0xc0 build/stm32wbxx_hal_rcc.o
                0x000000000800689c                HAL_RCC_GetSysClockFreq
 .text.HAL_RCC_GetHCLKFreq
                0x000000000800695c       0x20 build/stm32wbxx_hal_rcc.o
                0x000000000800695c                HAL_RCC_GetHCLKFreq
 .text.HAL_RCC_OscConfig
                0x000000000800697c      0x72c build/stm32wbxx_hal_rcc.o
                0x000000000800697c                HAL_RCC_OscConfig
 .text.HAL_RCC_ClockConfig
                0x00000000080070a8      0x264 build/stm32wbxx_hal_rcc.o
                0x00000000080070a8                HAL_RCC_ClockConfig
 .text.HAL_RCC_GetPCLK1Freq
                0x000000000800730c       0x24 build/stm32wbxx_hal_rcc.o
                0x000000000800730c                HAL_RCC_GetPCLK1Freq
 .text.HAL_RCC_GetPCLK2Freq
                0x0000000008007330       0x24 build/stm32wbxx_hal_rcc.o
                0x0000000008007330                HAL_RCC_GetPCLK2Freq
 .text.HAL_RCC_GetClockConfig
                0x0000000008007354       0x4c build/stm32wbxx_hal_rcc.o
                0x0000000008007354                HAL_RCC_GetClockConfig
 .text.RCCEx_PLLSAI1_ConfigNP
                0x00000000080073a0       0x8e build/stm32wbxx_hal_rcc_ex.o
 .text.RCCEx_PLLSAI1_ConfigNQ
                0x000000000800742e       0x8e build/stm32wbxx_hal_rcc_ex.o
 .text.RCCEx_PLLSAI1_ConfigNR
                0x00000000080074bc       0x8e build/stm32wbxx_hal_rcc_ex.o
 .text.HAL_RCCEx_PeriphCLKConfig
                0x000000000800754a      0x31e build/stm32wbxx_hal_rcc_ex.o
                0x000000000800754a                HAL_RCCEx_PeriphCLKConfig
 .text.HAL_GPIO_Init
                0x0000000008007868      0x188 build/stm32wbxx_hal_gpio.o
                0x0000000008007868                HAL_GPIO_Init
 .text.HAL_GPIO_WritePin
                0x00000000080079f0        0xa build/stm32wbxx_hal_gpio.o
                0x00000000080079f0                HAL_GPIO_WritePin
 .text.HAL_DMA_Abort
                0x00000000080079fa       0x74 build/stm32wbxx_hal_dma.o
                0x00000000080079fa                HAL_DMA_Abort
 .text.HAL_DMA_Abort_IT
                0x0000000008007a6e       0x72 build/stm32wbxx_hal_dma.o
                0x0000000008007a6e                HAL_DMA_Abort_IT
 .text.HAL_PWR_EnableBkUpAccess
                0x0000000008007ae0       0x10 build/stm32wbxx_hal_pwr.o
                0x0000000008007ae0                HAL_PWR_EnableBkUpAccess
 .text.HAL_PWREx_GetVoltageRange
                0x0000000008007af0       0x10 build/stm32wbxx_hal_pwr_ex.o
                0x0000000008007af0                HAL_PWREx_GetVoltageRange
 .text.HAL_NVIC_SetPriorityGrouping
                0x0000000008007b00       0x24 build/stm32wbxx_hal_cortex.o
                0x0000000008007b00                HAL_NVIC_SetPriorityGrouping
 .text.HAL_NVIC_SetPriority
                0x0000000008007b24       0x68 build/stm32wbxx_hal_cortex.o
                0x0000000008007b24                HAL_NVIC_SetPriority
 .text.HAL_NVIC_EnableIRQ
                0x0000000008007b8c       0x1c build/stm32wbxx_hal_cortex.o
                0x0000000008007b8c                HAL_NVIC_EnableIRQ
 .text.HAL_Init
                0x0000000008007ba8       0x2c build/stm32wbxx_hal.o
                0x0000000008007ba8                HAL_Init
 .text.HAL_IncTick
                0x0000000008007bd4       0x18 build/stm32wbxx_hal.o
                0x0000000008007bd4                HAL_IncTick
 .text.HAL_GetTick
                0x0000000008007bec        0xc build/stm32wbxx_hal.o
                0x0000000008007bec                HAL_GetTick
 .text.HAL_GetTickPrio
                0x0000000008007bf8        0xc build/stm32wbxx_hal.o
                0x0000000008007bf8                HAL_GetTickPrio
 .text.UART_EndRxTransfer
                0x0000000008007c04       0x56 build/stm32wbxx_hal_uart.o
 .text.HAL_UART_TxCpltCallback
                0x0000000008007c5a        0x2 build/stm32wbxx_hal_uart.o
                0x0000000008007c5a                HAL_UART_TxCpltCallback
 .text.UART_EndTransmit_IT
                0x0000000008007c5c       0x24 build/stm32wbxx_hal_uart.o
 .text.HAL_UART_ErrorCallback
                0x0000000008007c80        0x2 build/stm32wbxx_hal_uart.o
                0x0000000008007c80                HAL_UART_ErrorCallback
 .text.UART_DMAAbortOnError
                0x0000000008007c82       0x14 build/stm32wbxx_hal_uart.o
 .text.HAL_UARTEx_RxEventCallback
                0x0000000008007c96        0x2 build/stm32wbxx_hal_uart.o
                0x0000000008007c96                HAL_UARTEx_RxEventCallback
 .text.HAL_UART_IRQHandler
                0x0000000008007c98      0x330 build/stm32wbxx_hal_uart.o
                0x0000000008007c98                HAL_UART_IRQHandler
 .text.UART_SetConfig
                0x0000000008007fc8      0x26c build/stm32wbxx_hal_uart.o
                0x0000000008007fc8                UART_SetConfig
 .text.UART_AdvFeatureConfig
                0x0000000008008234       0xca build/stm32wbxx_hal_uart.o
                0x0000000008008234                UART_AdvFeatureConfig
 .text.UART_WaitOnFlagUntilTimeout
                0x00000000080082fe       0xd2 build/stm32wbxx_hal_uart.o
                0x00000000080082fe                UART_WaitOnFlagUntilTimeout
 .text.HAL_UART_Transmit
                0x00000000080083d0       0xe0 build/stm32wbxx_hal_uart.o
                0x00000000080083d0                HAL_UART_Transmit
 .text.HAL_UART_Receive
                0x00000000080084b0      0x128 build/stm32wbxx_hal_uart.o
                0x00000000080084b0                HAL_UART_Receive
 .text.UART_CheckIdleState
                0x00000000080085d8       0x74 build/stm32wbxx_hal_uart.o
                0x00000000080085d8                UART_CheckIdleState
 .text.HAL_UART_Init
                0x000000000800864c       0x66 build/stm32wbxx_hal_uart.o
                0x000000000800864c                HAL_UART_Init
 *fill*         0x00000000080086b2        0x2 
 .text.UARTEx_SetNbDataToProcess
                0x00000000080086b4       0x4c build/stm32wbxx_hal_uart_ex.o
 .text.HAL_UARTEx_WakeupCallback
                0x0000000008008700        0x2 build/stm32wbxx_hal_uart_ex.o
                0x0000000008008700                HAL_UARTEx_WakeupCallback
 .text.HAL_UARTEx_RxFifoFullCallback
                0x0000000008008702        0x2 build/stm32wbxx_hal_uart_ex.o
                0x0000000008008702                HAL_UARTEx_RxFifoFullCallback
 .text.HAL_UARTEx_TxFifoEmptyCallback
                0x0000000008008704        0x2 build/stm32wbxx_hal_uart_ex.o
                0x0000000008008704                HAL_UARTEx_TxFifoEmptyCallback
 .text.HAL_UARTEx_DisableFifoMode
                0x0000000008008706       0x3e build/stm32wbxx_hal_uart_ex.o
                0x0000000008008706                HAL_UARTEx_DisableFifoMode
 .text.HAL_UARTEx_SetTxFifoThreshold
                0x0000000008008744       0x4a build/stm32wbxx_hal_uart_ex.o
                0x0000000008008744                HAL_UARTEx_SetTxFifoThreshold
 .text.HAL_UARTEx_SetRxFifoThreshold
                0x000000000800878e       0x4a build/stm32wbxx_hal_uart_ex.o
                0x000000000800878e                HAL_UARTEx_SetRxFifoThreshold
 .text.HAL_TIM_Base_MspInit
                0x00000000080087d8        0x2 build/stm32wbxx_hal_tim.o
                0x00000000080087d8                HAL_TIM_Base_MspInit
 *fill*         0x00000000080087da        0x2 
 .text.HAL_TIM_Base_Start_IT
                0x00000000080087dc       0x64 build/stm32wbxx_hal_tim.o
                0x00000000080087dc                HAL_TIM_Base_Start_IT
 .text.HAL_TIM_OC_DelayElapsedCallback
                0x0000000008008840        0x2 build/stm32wbxx_hal_tim.o
                0x0000000008008840                HAL_TIM_OC_DelayElapsedCallback
 .text.HAL_TIM_IC_CaptureCallback
                0x0000000008008842        0x2 build/stm32wbxx_hal_tim.o
                0x0000000008008842                HAL_TIM_IC_CaptureCallback
 .text.HAL_TIM_PWM_PulseFinishedCallback
                0x0000000008008844        0x2 build/stm32wbxx_hal_tim.o
                0x0000000008008844                HAL_TIM_PWM_PulseFinishedCallback
 .text.HAL_TIM_TriggerCallback
                0x0000000008008846        0x2 build/stm32wbxx_hal_tim.o
                0x0000000008008846                HAL_TIM_TriggerCallback
 .text.HAL_TIM_IRQHandler
                0x0000000008008848      0x19a build/stm32wbxx_hal_tim.o
                0x0000000008008848                HAL_TIM_IRQHandler
 *fill*         0x00000000080089e2        0x2 
 .text.TIM_Base_SetConfig
                0x00000000080089e4       0x70 build/stm32wbxx_hal_tim.o
                0x00000000080089e4                TIM_Base_SetConfig
 .text.HAL_TIM_Base_Init
                0x0000000008008a54       0x60 build/stm32wbxx_hal_tim.o
                0x0000000008008a54                HAL_TIM_Base_Init
 .text.HAL_TIMEx_CommutCallback
                0x0000000008008ab4        0x2 build/stm32wbxx_hal_tim_ex.o
                0x0000000008008ab4                HAL_TIMEx_CommutCallback
 .text.HAL_TIMEx_BreakCallback
                0x0000000008008ab6        0x2 build/stm32wbxx_hal_tim_ex.o
                0x0000000008008ab6                HAL_TIMEx_BreakCallback
 .text.HAL_TIMEx_Break2Callback
                0x0000000008008ab8        0x2 build/stm32wbxx_hal_tim_ex.o
                0x0000000008008ab8                HAL_TIMEx_Break2Callback
 *fill*         0x0000000008008aba        0x2 
 .text.SystemInit
                0x0000000008008abc       0x64 build/system_stm32wbxx.o
                0x0000000008008abc                SystemInit
 .text.vListInitialise
                0x0000000008008b20       0x16 build/list.o
                0x0000000008008b20                vListInitialise
 .text.vListInitialiseItem
                0x0000000008008b36        0x6 build/list.o
                0x0000000008008b36                vListInitialiseItem
 .text.vListInsertEnd
                0x0000000008008b3c       0x16 build/list.o
                0x0000000008008b3c                vListInsertEnd
 .text.vListInsert
                0x0000000008008b52       0x34 build/list.o
                0x0000000008008b52                vListInsert
 .text.uxListRemove
                0x0000000008008b86       0x26 build/list.o
                0x0000000008008b86                uxListRemove
 .text.prvIsQueueFull
                0x0000000008008bac       0x1e build/queue.o
 .text.prvIsQueueEmpty
                0x0000000008008bca       0x1a build/queue.o
 .text.prvCopyDataToQueue
                0x0000000008008be4       0x76 build/queue.o
 .text.prvCopyDataFromQueue
                0x0000000008008c5a       0x24 build/queue.o
 .text.prvUnlockQueue
                0x0000000008008c7e       0x6e build/queue.o
 .text.xQueueGenericReset
                0x0000000008008cec       0x84 build/queue.o
                0x0000000008008cec                xQueueGenericReset
 .text.prvInitialiseNewQueue
                0x0000000008008d70       0x22 build/queue.o
 .text.xQueueGenericCreateStatic
                0x0000000008008d92       0x94 build/queue.o
                0x0000000008008d92                xQueueGenericCreateStatic
 *fill*         0x0000000008008e26        0x2 
 .text.xQueueGenericSend
                0x0000000008008e28      0x180 build/queue.o
                0x0000000008008e28                xQueueGenericSend
 .text.xQueueGenericSendFromISR
                0x0000000008008fa8       0xd0 build/queue.o
                0x0000000008008fa8                xQueueGenericSendFromISR
 .text.xQueueReceive
                0x0000000008009078      0x15c build/queue.o
                0x0000000008009078                xQueueReceive
 .text.vQueueAddToRegistry
                0x00000000080091d4       0x28 build/queue.o
                0x00000000080091d4                vQueueAddToRegistry
 .text.vQueueWaitForMessageRestricted
                0x00000000080091fc       0x52 build/queue.o
                0x00000000080091fc                vQueueWaitForMessageRestricted
 *fill*         0x000000000800924e        0x2 
 .text.prvResetNextTaskUnblockTime
                0x0000000008009250       0x2c build/tasks.o
 .text.prvInitialiseNewTask
                0x000000000800927c       0x98 build/tasks.o
 .text.prvInitialiseTaskLists
                0x0000000008009314       0x68 build/tasks.o
 .text.prvAddNewTaskToReadyList
                0x000000000800937c       0xac build/tasks.o
 .text.prvDeleteTCB
                0x0000000008009428       0x38 build/tasks.o
 .text.prvCheckTasksWaitingTermination
                0x0000000008009460       0x4c build/tasks.o
 .text.prvIdleTask
                0x00000000080094ac       0x28 build/tasks.o
 .text.prvAddCurrentTaskToDelayedList
                0x00000000080094d4       0x7c build/tasks.o
 .text.xTaskCreateStatic
                0x0000000008009550       0x74 build/tasks.o
                0x0000000008009550                xTaskCreateStatic
 .text.xTaskCreate
                0x00000000080095c4       0x66 build/tasks.o
                0x00000000080095c4                xTaskCreate
 *fill*         0x000000000800962a        0x2 
 .text.vTaskStartScheduler
                0x000000000800962c       0x94 build/tasks.o
                0x000000000800962c                vTaskStartScheduler
 .text.vTaskSuspendAll
                0x00000000080096c0       0x10 build/tasks.o
                0x00000000080096c0                vTaskSuspendAll
 .text.xTaskGetTickCount
                0x00000000080096d0        0xc build/tasks.o
                0x00000000080096d0                xTaskGetTickCount
 .text.xTaskIncrementTick
                0x00000000080096dc      0x11c build/tasks.o
                0x00000000080096dc                xTaskIncrementTick
 .text.xTaskResumeAll
                0x00000000080097f8       0xf8 build/tasks.o
                0x00000000080097f8                xTaskResumeAll
 .text.vTaskSwitchContext
                0x00000000080098f0       0x9c build/tasks.o
                0x00000000080098f0                vTaskSwitchContext
 .text.vTaskPlaceOnEventList
                0x000000000800998c       0x30 build/tasks.o
                0x000000000800998c                vTaskPlaceOnEventList
 .text.vTaskPlaceOnEventListRestricted
                0x00000000080099bc       0x38 build/tasks.o
                0x00000000080099bc                vTaskPlaceOnEventListRestricted
 .text.xTaskRemoveFromEventList
                0x00000000080099f4       0x8c build/tasks.o
                0x00000000080099f4                xTaskRemoveFromEventList
 .text.vTaskInternalSetTimeOutState
                0x0000000008009a80       0x18 build/tasks.o
                0x0000000008009a80                vTaskInternalSetTimeOutState
 .text.xTaskCheckForTimeOut
                0x0000000008009a98       0x84 build/tasks.o
                0x0000000008009a98                xTaskCheckForTimeOut
 .text.vTaskMissedYield
                0x0000000008009b1c        0xc build/tasks.o
                0x0000000008009b1c                vTaskMissedYield
 .text.xTaskGetSchedulerState
                0x0000000008009b28       0x20 build/tasks.o
                0x0000000008009b28                xTaskGetSchedulerState
 .text.xTaskPriorityDisinherit
                0x0000000008009b48       0x90 build/tasks.o
                0x0000000008009b48                xTaskPriorityDisinherit
 .text.prvGetNextExpireTime
                0x0000000008009bd8       0x20 build/timers.o
 .text.prvInsertTimerInActiveList
                0x0000000008009bf8       0x48 build/timers.o
 .text.prvCheckForValidListAndQueue
                0x0000000008009c40       0x70 build/timers.o
 .text.xTimerCreateTimerTask
                0x0000000008009cb0       0x64 build/timers.o
                0x0000000008009cb0                xTimerCreateTimerTask
 .text.xTimerGenericCommand
                0x0000000008009d14       0x6c build/timers.o
                0x0000000008009d14                xTimerGenericCommand
 .text.prvSwitchTimerLists
                0x0000000008009d80       0x7c build/timers.o
 .text.prvSampleTimeNow
                0x0000000008009dfc       0x2c build/timers.o
 .text.prvProcessExpiredTimer
                0x0000000008009e28       0x6c build/timers.o
 .text.prvProcessTimerOrBlockTask
                0x0000000008009e94       0x74 build/timers.o
 .text.prvProcessReceivedCommands
                0x0000000008009f08      0x110 build/timers.o
 .text.prvTimerTask
                0x000000000800a018       0x16 build/timers.o
 *fill*         0x000000000800a02e        0x2 
 .text.SysTick_Handler
                0x000000000800a030       0x1c build/cmsis_os2.o
                0x000000000800a030                SysTick_Handler
 .text.osKernelInitialize
                0x000000000800a04c       0x24 build/cmsis_os2.o
                0x000000000800a04c                osKernelInitialize
 .text.osKernelStart
                0x000000000800a070       0x38 build/cmsis_os2.o
                0x000000000800a070                osKernelStart
 .text.osThreadNew
                0x000000000800a0a8       0xbc build/cmsis_os2.o
                0x000000000800a0a8                osThreadNew
 .text.vApplicationGetIdleTaskMemory
                0x000000000800a164       0x18 build/cmsis_os2.o
                0x000000000800a164                vApplicationGetIdleTaskMemory
 .text.vApplicationGetTimerTaskMemory
                0x000000000800a17c       0x18 build/cmsis_os2.o
                0x000000000800a17c                vApplicationGetTimerTaskMemory
 .text.prvHeapInit
                0x000000000800a194       0x64 build/heap_4.o
 .text.prvInsertBlockIntoFreeList
                0x000000000800a1f8       0x58 build/heap_4.o
 .text.pvPortMalloc
                0x000000000800a250      0x114 build/heap_4.o
                0x000000000800a250                pvPortMalloc
 .text.vPortFree
                0x000000000800a364       0x7c build/heap_4.o
                0x000000000800a364                vPortFree
 .text.prvTaskExitError
                0x000000000800a3e0       0x40 build/port.o
 .text.prvPortStartFirstTask
                0x000000000800a420       0x28 build/port.o
 .text.vPortEnableVFP
                0x000000000800a448       0x14 build/port.o
 .text.pxPortInitialiseStack
                0x000000000800a45c       0x2c build/port.o
                0x000000000800a45c                pxPortInitialiseStack
 *fill*         0x000000000800a488        0x8 
 .text.SVC_Handler
                0x000000000800a490       0x24 build/port.o
                0x000000000800a490                SVC_Handler
 .text.vPortEnterCritical
                0x000000000800a4b4       0x44 build/port.o
                0x000000000800a4b4                vPortEnterCritical
 .text.vPortExitCritical
                0x000000000800a4f8       0x2c build/port.o
                0x000000000800a4f8                vPortExitCritical
 *fill*         0x000000000800a524        0xc 
 .text.PendSV_Handler
                0x000000000800a530       0x64 build/port.o
                0x000000000800a530                PendSV_Handler
 .text.xPortSysTickHandler
                0x000000000800a594       0x2c build/port.o
                0x000000000800a594                xPortSysTickHandler
 .text.vPortSetupTimerInterrupt
                0x000000000800a5c0       0x38 build/port.o
                0x000000000800a5c0                vPortSetupTimerInterrupt
 .text.xPortStartScheduler
                0x000000000800a5f8      0x110 build/port.o
                0x000000000800a5f8                xPortStartScheduler
 .text.vPortValidateInterruptPriority
                0x000000000800a708       0x5c build/port.o
                0x000000000800a708                vPortValidateInterruptPriority
 .text.data_initializers
                0x000000000800a764       0x18 build/startup_stm32wb55xx_cm4.o
 .text.Reset_Handler
                0x000000000800a77c       0x54 build/startup_stm32wb55xx_cm4.o
                0x000000000800a77c                Reset_Handler
 .text.Default_Handler
                0x000000000800a7d0        0x2 build/startup_stm32wb55xx_cm4.o
                0x000000000800a7d0                RTC_Alarm_IRQHandler
                0x000000000800a7d0                EXTI2_IRQHandler
                0x000000000800a7d0                TIM1_CC_IRQHandler
                0x000000000800a7d0                TSC_IRQHandler
                0x000000000800a7d0                USB_HP_IRQHandler
                0x000000000800a7d0                EXTI3_IRQHandler
                0x000000000800a7d0                LPTIM2_IRQHandler
                0x000000000800a7d0                I2C3_ER_IRQHandler
                0x000000000800a7d0                EXTI0_IRQHandler
                0x000000000800a7d0                FPU_IRQHandler
                0x000000000800a7d0                AES1_IRQHandler
                0x000000000800a7d0                SPI1_IRQHandler
                0x000000000800a7d0                PWR_SOTF_BLEACT_802ACT_RFPHASE_IRQHandler
                0x000000000800a7d0                DMA2_Channel2_IRQHandler
                0x000000000800a7d0                DMA1_Channel4_IRQHandler
                0x000000000800a7d0                ADC1_IRQHandler
                0x000000000800a7d0                PKA_IRQHandler
                0x000000000800a7d0                DMA1_Channel7_IRQHandler
                0x000000000800a7d0                LCD_IRQHandler
                0x000000000800a7d0                IPCC_C1_TX_IRQHandler
                0x000000000800a7d0                DMA2_Channel1_IRQHandler
                0x000000000800a7d0                QUADSPI_IRQHandler
                0x000000000800a7d0                I2C1_EV_IRQHandler
                0x000000000800a7d0                DMAMUX1_OVR_IRQHandler
                0x000000000800a7d0                DMA1_Channel6_IRQHandler
                0x000000000800a7d0                DMA2_Channel4_IRQHandler
                0x000000000800a7d0                RCC_IRQHandler
                0x000000000800a7d0                DMA1_Channel1_IRQHandler
                0x000000000800a7d0                Default_Handler
                0x000000000800a7d0                DMA2_Channel7_IRQHandler
                0x000000000800a7d0                EXTI15_10_IRQHandler
                0x000000000800a7d0                IPCC_C1_RX_IRQHandler
                0x000000000800a7d0                C2SEV_PWR_C2H_IRQHandler
                0x000000000800a7d0                AES2_IRQHandler
                0x000000000800a7d0                I2C3_EV_IRQHandler
                0x000000000800a7d0                EXTI9_5_IRQHandler
                0x000000000800a7d0                RTC_WKUP_IRQHandler
                0x000000000800a7d0                PVD_PVM_IRQHandler
                0x000000000800a7d0                SPI2_IRQHandler
                0x000000000800a7d0                DMA2_Channel5_IRQHandler
                0x000000000800a7d0                CRS_IRQHandler
                0x000000000800a7d0                DMA1_Channel5_IRQHandler
                0x000000000800a7d0                USB_LP_IRQHandler
                0x000000000800a7d0                EXTI4_IRQHandler
                0x000000000800a7d0                RNG_IRQHandler
                0x000000000800a7d0                TIM1_TRG_COM_TIM17_IRQHandler
                0x000000000800a7d0                TAMP_STAMP_LSECSS_IRQHandler
                0x000000000800a7d0                DMA1_Channel3_IRQHandler
                0x000000000800a7d0                COMP_IRQHandler
                0x000000000800a7d0                HSEM_IRQHandler
                0x000000000800a7d0                WWDG_IRQHandler
                0x000000000800a7d0                LPUART1_IRQHandler
                0x000000000800a7d0                DMA2_Channel6_IRQHandler
                0x000000000800a7d0                TIM2_IRQHandler
                0x000000000800a7d0                TIM1_BRK_IRQHandler
                0x000000000800a7d0                EXTI1_IRQHandler
                0x000000000800a7d0                DMA1_Channel2_IRQHandler
                0x000000000800a7d0                FLASH_IRQHandler
                0x000000000800a7d0                I2C1_ER_IRQHandler
                0x000000000800a7d0                LPTIM1_IRQHandler
                0x000000000800a7d0                SAI1_IRQHandler
                0x000000000800a7d0                DMA2_Channel3_IRQHandler
 *fill*         0x000000000800a7d2        0x2 
 .text.secp256k1_fe_normalize
                0x000000000800a7d4      0x134 secp256k1/src/libsecp256k1_la-secp256k1.o
 .text.secp256k1_fe_normalize_weak
                0x000000000800a908       0x8c secp256k1/src/libsecp256k1_la-secp256k1.o
 .text.secp256k1_fe_normalize_var
                0x000000000800a994      0x130 secp256k1/src/libsecp256k1_la-secp256k1.o
 .text.secp256k1_fe_normalizes_to_zero
                0x000000000800aac4       0xa0 secp256k1/src/libsecp256k1_la-secp256k1.o
 .text.secp256k1_fe_normalizes_to_zero_var
                0x000000000800ab64       0xbc secp256k1/src/libsecp256k1_la-secp256k1.o
 .text.secp256k1_fe_set_b32
                0x000000000800ac20      0x180 secp256k1/src/libsecp256k1_la-secp256k1.o
 .text.secp256k1_fe_get_b32
                0x000000000800ada0       0xf0 secp256k1/src/libsecp256k1_la-secp256k1.o
 .text.secp256k1_fe_add
                0x000000000800ae90       0x58 secp256k1/src/libsecp256k1_la-secp256k1.o
 .text.secp256k1_fe_mul_inner
                0x000000000800aee8      0x9f4 secp256k1/src/libsecp256k1_la-secp256k1.o
 .text.secp256k1_fe_sqr_inner
                0x000000000800b8dc      0x840 secp256k1/src/libsecp256k1_la-secp256k1.o
 .text.secp256k1_fe_cmov
                0x000000000800c11c       0x84 secp256k1/src/libsecp256k1_la-secp256k1.o
 .text.secp256k1_scalar_get_b32
                0x000000000800c1a0       0x94 secp256k1/src/libsecp256k1_la-secp256k1.o
 *fill*         0x000000000800c234        0x4 
 .text.secp256k1_scalar_negate
                0x000000000800c238      0x14c secp256k1/src/libsecp256k1_la-secp256k1.o
 .text.secp256k1_scalar_reduce_512
                0x000000000800c384      0x8e8 secp256k1/src/libsecp256k1_la-secp256k1.o
 .text.secp256k1_scalar_mul_512
                0x000000000800cc6c      0x8ac secp256k1/src/libsecp256k1_la-secp256k1.o
 .text.secp256k1_scalar_sqr_512
                0x000000000800d518      0x90c secp256k1/src/libsecp256k1_la-secp256k1.o
 .text.secp256k1_scalar_inverse
                0x000000000800de24      0x5c8 secp256k1/src/libsecp256k1_la-secp256k1.o
 .text.secp256k1_sha256_transform
                0x000000000800e3ec     0x1c68 secp256k1/src/libsecp256k1_la-secp256k1.o
 .text.default_error_callback_fn
                0x0000000008010054       0x1c secp256k1/src/libsecp256k1_la-secp256k1.o
 .text.default_illegal_callback_fn
                0x0000000008010070       0x1c secp256k1/src/libsecp256k1_la-secp256k1.o
 .text.secp256k1_sha256_write
                0x000000000801008c       0x60 secp256k1/src/libsecp256k1_la-secp256k1.o
 .text.secp256k1_sha256_finalize
                0x00000000080100ec       0xb8 secp256k1/src/libsecp256k1_la-secp256k1.o
 .text.secp256k1_hmac_sha256_initialize.constprop.20
                0x00000000080101a4      0x190 secp256k1/src/libsecp256k1_la-secp256k1.o
 .text.secp256k1_fe_negate.constprop.27
                0x0000000008010334       0x5c secp256k1/src/libsecp256k1_la-secp256k1.o
 .text.secp256k1_ge_to_storage
                0x0000000008010390       0xfc secp256k1/src/libsecp256k1_la-secp256k1.o
 .text.secp256k1_scalar_add
                0x000000000801048c      0x2a0 secp256k1/src/libsecp256k1_la-secp256k1.o
 .text.secp256k1_scalar_set_b32
                0x000000000801072c      0x208 secp256k1/src/libsecp256k1_la-secp256k1.o
 .text.secp256k1_rfc6979_hmac_sha256_initialize
                0x0000000008010934      0x158 secp256k1/src/libsecp256k1_la-secp256k1.o
 .text.secp256k1_pubkey_load
                0x0000000008010a8c      0x174 secp256k1/src/libsecp256k1_la-secp256k1.o
 .text.secp256k1_rfc6979_hmac_sha256_generate.constprop.19
                0x0000000008010c00      0x29c secp256k1/src/libsecp256k1_la-secp256k1.o
 .text.nonce_function_rfc6979
                0x0000000008010e9c       0xc0 secp256k1/src/libsecp256k1_la-secp256k1.o
 .text.secp256k1_gej_double_var.part.4
                0x0000000008010f5c      0x460 secp256k1/src/libsecp256k1_la-secp256k1.o
 .text.secp256k1_gej_add_ge
                0x00000000080113bc      0x774 secp256k1/src/libsecp256k1_la-secp256k1.o
 .text.secp256k1_ecmult_gen
                0x0000000008011b30      0x308 secp256k1/src/libsecp256k1_la-secp256k1.o
 .text.secp256k1_ecmult_gen_blind
                0x0000000008011e38      0x21c secp256k1/src/libsecp256k1_la-secp256k1.o
 .text.secp256k1_fe_inv
                0x0000000008012054     0x232c secp256k1/src/libsecp256k1_la-secp256k1.o
 .text.secp256k1_ge_set_gej
                0x0000000008014380       0x84 secp256k1/src/libsecp256k1_la-secp256k1.o
 .text.secp256k1_gej_add_ge_var
                0x0000000008014404      0x46c secp256k1/src/libsecp256k1_la-secp256k1.o
 .text.secp256k1_context_create
                0x0000000008014870      0x35c secp256k1/src/libsecp256k1_la-secp256k1.o
                0x0000000008014870                secp256k1_context_create
 .text.secp256k1_context_destroy
                0x0000000008014bcc       0x18 secp256k1/src/libsecp256k1_la-secp256k1.o
                0x0000000008014bcc                secp256k1_context_destroy
 .text.secp256k1_ec_pubkey_serialize
                0x0000000008014be4       0xec secp256k1/src/libsecp256k1_la-secp256k1.o
                0x0000000008014be4                secp256k1_ec_pubkey_serialize
 .text.secp256k1_ecdsa_signature_serialize_der
                0x0000000008014cd0      0x15c secp256k1/src/libsecp256k1_la-secp256k1.o
                0x0000000008014cd0                secp256k1_ecdsa_signature_serialize_der
 .text.secp256k1_ecdsa_sign
                0x0000000008014e2c      0x350 secp256k1/src/libsecp256k1_la-secp256k1.o
                0x0000000008014e2c                secp256k1_ecdsa_sign
 .text.secp256k1_ec_pubkey_create
                0x000000000801517c       0xc0 secp256k1/src/libsecp256k1_la-secp256k1.o
                0x000000000801517c                secp256k1_ec_pubkey_create
 *(.glue_7)
 .glue_7        0x000000000801523c        0x0 linker stubs
 *(.glue_7t)
 .glue_7t       0x000000000801523c        0x0 linker stubs
 *(.eh_frame)
 .eh_frame      0x000000000801523c        0x0 /usr/lib/gcc/arm-none-eabi/8.3.1/thumb/v7e-m+fp/hard/crtbegin.o
 *(.init)
 .init          0x000000000801523c        0x4 /usr/lib/gcc/arm-none-eabi/8.3.1/thumb/v7e-m+fp/hard/crti.o
                0x000000000801523c                _init
 .init          0x0000000008015240        0x8 /usr/lib/gcc/arm-none-eabi/8.3.1/thumb/v7e-m+fp/hard/crtn.o
 *(.fini)
 .fini          0x0000000008015248        0x4 /usr/lib/gcc/arm-none-eabi/8.3.1/thumb/v7e-m+fp/hard/crti.o
                0x0000000008015248                _fini
 .fini          0x000000000801524c        0x8 /usr/lib/gcc/arm-none-eabi/8.3.1/thumb/v7e-m+fp/hard/crtn.o
                0x0000000008015254                . = ALIGN (0x4)
                0x0000000008015254                _etext = .

.vfp11_veneer   0x0000000008015254        0x0
 .vfp11_veneer  0x0000000008015254        0x0 linker stubs

.v4_bx          0x0000000008015254        0x0
 .v4_bx         0x0000000008015254        0x0 linker stubs

.iplt           0x0000000008015254        0x0
 .iplt          0x0000000008015254        0x0 /usr/lib/gcc/arm-none-eabi/8.3.1/thumb/v7e-m+fp/hard/crtbegin.o

.rodata         0x0000000008015258    0x112f4
                0x0000000008015258                . = ALIGN (0x4)
 *(.rodata)
 .rodata        0x0000000008015258       0x2c build/stm32wbxx_hal_rcc.o
 .rodata        0x0000000008015284        0x4 /usr/lib/gcc/arm-none-eabi/8.3.1/../../../arm-none-eabi/lib/thumb/v7e-m+fp/hard/libc_nano.a(lib_a-impure.o)
                0x0000000008015284                _global_impure_ptr
 .rodata        0x0000000008015288       0x60 /usr/lib/gcc/arm-none-eabi/8.3.1/../../../arm-none-eabi/lib/thumb/v7e-m+fp/hard/libc_nano.a(lib_a-findfp.o)
                0x0000000008015288                __sf_fake_stderr
                0x00000000080152a8                __sf_fake_stdout
                0x00000000080152c8                __sf_fake_stdin
 .rodata        0x00000000080152e8      0x128 /usr/lib/gcc/arm-none-eabi/8.3.1/../../../arm-none-eabi/lib/thumb/v7e-m+fp/hard/libc_nano.a(lib_a-mprec.o)
                0x00000000080152f8                __mprec_tens
                0x00000000080153c0                __mprec_tinytens
                0x00000000080153e8                __mprec_bigtens
 .rodata        0x0000000008015410      0x101 /usr/lib/gcc/arm-none-eabi/8.3.1/../../../arm-none-eabi/lib/thumb/v7e-m+fp/hard/libc_nano.a(lib_a-ctype_.o)
                0x0000000008015410                _ctype_
 *(.rodata*)
 *fill*         0x0000000008015511        0x3 
 .rodata.help.str1.4
                0x0000000008015514       0x31 build/run.o
 *fill*         0x0000000008015545        0x3 
 .rodata.save_privkey.str1.4
                0x0000000008015548        0x5 build/run.o
 *fill*         0x000000000801554d        0x3 
 .rodata.sign_parse.str1.4
                0x0000000008015550       0x2e build/run.o
 *fill*         0x000000000801557e        0x2 
 .rodata.str1.4
                0x0000000008015580       0x46 build/run.o
 *fill*         0x00000000080155c6        0x2 
 .rodata.wallet_main.str1.4
                0x00000000080155c8        0x6 build/run.o
 *fill*         0x00000000080155ce        0x2 
 .rodata.StartDefaultTask.str1.4
                0x00000000080155d0       0x3b build/main.o
 *fill*         0x000000000801560b        0x1 
 .rodata.defaultTask_attributes
                0x000000000801560c       0x24 build/main.o
                0x000000000801560c                defaultTask_attributes
 .rodata.str1.4
                0x0000000008015630        0xc build/main.o
 .rodata.rcon   0x000000000801563c      0x100 build/encrypt.o
 .rodata.s      0x000000000801573c      0x100 build/encrypt.o
 .rodata.inv_s  0x000000000801583c      0x100 build/aes.o
 .rodata.mul11  0x000000000801593c      0x100 build/aes.o
 .rodata.mul13  0x0000000008015a3c      0x100 build/aes.o
 .rodata.mul14  0x0000000008015b3c      0x100 build/aes.o
 .rodata.mul2   0x0000000008015c3c      0x100 build/aes.o
 .rodata.mul3   0x0000000008015d3c      0x100 build/aes.o
 .rodata.mul9   0x0000000008015e3c      0x100 build/aes.o
 .rodata.s      0x0000000008015f3c      0x100 build/aes.o
 .rodata.UARTPrescTable
                0x000000000801603c       0x18 build/stm32wbxx_hal_uart.o
                0x000000000801603c                UARTPrescTable
 .rodata.denominator.11272
                0x0000000008016054        0x8 build/stm32wbxx_hal_uart_ex.o
 .rodata.numerator.11271
                0x000000000801605c        0x8 build/stm32wbxx_hal_uart_ex.o
 .rodata.AHBPrescTable
                0x0000000008016064       0x40 build/system_stm32wbxx.o
                0x0000000008016064                AHBPrescTable
 .rodata.APBPrescTable
                0x00000000080160a4       0x20 build/system_stm32wbxx.o
                0x00000000080160a4                APBPrescTable
 .rodata.MSIRangeTable
                0x00000000080160c4       0x40 build/system_stm32wbxx.o
                0x00000000080160c4                MSIRangeTable
 .rodata.vTaskStartScheduler.str1.4
                0x0000000008016104        0x5 build/tasks.o
 *fill*         0x0000000008016109        0x3 
 .rodata.prvCheckForValidListAndQueue.str1.4
                0x000000000801610c        0x5 build/timers.o
 *fill*         0x0000000008016111        0x3 
 .rodata.xTimerCreateTimerTask.str1.4
                0x0000000008016114        0x8 build/timers.o
 .rodata.default_error_callback_fn.str1.4
                0x000000000801611c       0x36 secp256k1/src/libsecp256k1_la-secp256k1.o
 *fill*         0x0000000008016152        0x2 
 .rodata.default_illegal_callback_fn.str1.4
                0x0000000008016154       0x25 secp256k1/src/libsecp256k1_la-secp256k1.o
 *fill*         0x0000000008016179        0x3 
 .rodata.fe_1.7841
                0x000000000801617c       0x28 secp256k1/src/libsecp256k1_la-secp256k1.o
 .rodata.one.8422
                0x00000000080161a4        0x1 secp256k1/src/libsecp256k1_la-secp256k1.o
 *fill*         0x00000000080161a5        0x3 
 .rodata.pad.8384
                0x00000000080161a8       0x40 secp256k1/src/libsecp256k1_la-secp256k1.o
 .rodata.secp256k1_context_create.str1.4
                0x00000000080161e8       0x1e secp256k1/src/libsecp256k1_la-secp256k1.o
 *fill*         0x0000000008016206        0x2 
 .rodata.secp256k1_ec_pubkey_parse.str1.4
                0x0000000008016208       0x1e secp256k1/src/libsecp256k1_la-secp256k1.o
 *fill*         0x0000000008016226        0x2 
 .rodata.secp256k1_ec_pubkey_serialize.str1.4
                0x0000000008016228       0xb0 secp256k1/src/libsecp256k1_la-secp256k1.o
 .rodata.secp256k1_ecdsa_sign.str1.4
                0x00000000080162d8       0x5f secp256k1/src/libsecp256k1_la-secp256k1.o
 *fill*         0x0000000008016337        0x1 
 .rodata.secp256k1_ecdsa_signature_parse_der.str1.4
                0x0000000008016338        0xc secp256k1/src/libsecp256k1_la-secp256k1.o
 .rodata.secp256k1_ecdsa_verify.str1.4
                0x0000000008016344       0x42 secp256k1/src/libsecp256k1_la-secp256k1.o
 *fill*         0x0000000008016386        0x2 
 .rodata.secp256k1_ecmult_static_context
                0x0000000008016388    0x10000 secp256k1/src/libsecp256k1_la-secp256k1.o
 .rodata.secp256k1_ge_const_g
                0x0000000008026388       0x54 secp256k1/src/libsecp256k1_la-secp256k1.o
 .rodata.secp256k1_nonce_function_rfc6979
                0x00000000080263dc        0x4 secp256k1/src/libsecp256k1_la-secp256k1.o
                0x00000000080263dc                secp256k1_nonce_function_rfc6979
 .rodata.secp256k1_pubkey_load.str1.4
                0x00000000080263e0       0x1e secp256k1/src/libsecp256k1_la-secp256k1.o
 *fill*         0x00000000080263fe        0x2 
 .rodata.zero.8421
                0x0000000008026400        0x1 secp256k1/src/libsecp256k1_la-secp256k1.o
 *fill*         0x0000000008026401        0x3 
 .rodata.zero.8428
                0x0000000008026404        0x1 secp256k1/src/libsecp256k1_la-secp256k1.o
 *fill*         0x0000000008026405        0x3 
 .rodata.str1.4
                0x0000000008026408       0x13 /usr/lib/gcc/arm-none-eabi/8.3.1/../../../arm-none-eabi/lib/thumb/v7e-m+fp/hard/libc_nano.a(lib_a-nano-vfprintf.o)
 *fill*         0x000000000802641b        0x1 
 .rodata.str1.4
                0x000000000802641c       0x12 /usr/lib/gcc/arm-none-eabi/8.3.1/../../../arm-none-eabi/lib/thumb/v7e-m+fp/hard/libc_nano.a(lib_a-nano-vfprintf_float.o)
 *fill*         0x000000000802642e        0x2 
 .rodata.str1.4
                0x0000000008026430       0x25 /usr/lib/gcc/arm-none-eabi/8.3.1/../../../arm-none-eabi/lib/thumb/v7e-m+fp/hard/libc_nano.a(lib_a-nano-vfprintf_i.o)
 *fill*         0x0000000008026455        0x3 
 .rodata.str1.4
                0x0000000008026458       0x6d /usr/lib/gcc/arm-none-eabi/8.3.1/../../../arm-none-eabi/lib/thumb/v7e-m+fp/hard/libc_nano.a(lib_a-dtoa.o)
                                         0x71 (size before relaxing)
 *fill*         0x00000000080264c5        0x3 
 .rodata.str1.4
                0x00000000080264c8       0x33 /usr/lib/gcc/arm-none-eabi/8.3.1/../../../arm-none-eabi/lib/thumb/v7e-m+fp/hard/libc_nano.a(lib_a-mprec.o)
                                         0x5d (size before relaxing)
 *fill*         0x00000000080264fb        0x1 
 .rodata.str1.4
                0x00000000080264fc       0x3f /usr/lib/gcc/arm-none-eabi/8.3.1/../../../arm-none-eabi/lib/thumb/v7e-m+fp/hard/libc_nano.a(lib_a-assert.o)
                                         0x43 (size before relaxing)
 *fill*         0x000000000802653b        0x1 
 .rodata.str1.4
                0x000000000802653c        0xe /usr/lib/gcc/arm-none-eabi/8.3.1/../../../arm-none-eabi/lib/thumb/v7e-m+fp/hard/libc_nano.a(lib_a-locale.o)
                                         0x12 (size before relaxing)
                0x000000000802654c                . = ALIGN (0x4)
 *fill*         0x000000000802654a        0x2 

.ARM.extab
 *(.ARM.extab* .gnu.linkonce.armextab.*)

.ARM            0x000000000802654c        0x8
                0x000000000802654c                __exidx_start = .
 *(.ARM.exidx*)
 .ARM.exidx     0x000000000802654c        0x8 /usr/lib/gcc/arm-none-eabi/8.3.1/thumb/v7e-m+fp/hard/libgcc.a(_udivmoddi4.o)
                0x0000000008026554                __exidx_end = .

.rel.dyn        0x0000000008026554        0x0
 .rel.iplt      0x0000000008026554        0x0 /usr/lib/gcc/arm-none-eabi/8.3.1/thumb/v7e-m+fp/hard/crtbegin.o

.preinit_array  0x0000000008026554        0x0
                0x0000000008026554                PROVIDE (__preinit_array_start = .)
 *(.preinit_array*)
                0x0000000008026554                PROVIDE (__preinit_array_end = .)

.init_array     0x0000000008026554        0x4
                0x0000000008026554                PROVIDE (__init_array_start = .)
 *(SORT_BY_NAME(.init_array.*))
 *(.init_array*)
 .init_array    0x0000000008026554        0x4 /usr/lib/gcc/arm-none-eabi/8.3.1/thumb/v7e-m+fp/hard/crtbegin.o
                0x0000000008026558                PROVIDE (__init_array_end = .)

.fini_array     0x0000000008026558        0x4
                0x0000000008026558                PROVIDE (__fini_array_start = .)
 *(SORT_BY_NAME(.fini_array.*))
 *(.fini_array*)
 .fini_array    0x0000000008026558        0x4 /usr/lib/gcc/arm-none-eabi/8.3.1/thumb/v7e-m+fp/hard/crtbegin.o
                0x000000000802655c                PROVIDE (__fini_array_end = .)
                0x000000000802655c                _sidata = LOADADDR (.data)

.data           0x0000000020000008      0x304 load address 0x000000000802655c
                0x0000000020000008                . = ALIGN (0x4)
                0x0000000020000008                _sdata = .
 *(.data)
 .data          0x0000000020000008       0x64 /usr/lib/gcc/arm-none-eabi/8.3.1/../../../arm-none-eabi/lib/thumb/v7e-m+fp/hard/libc_nano.a(lib_a-impure.o)
                0x0000000020000008                _impure_ptr
 .data          0x000000002000006c      0x16c /usr/lib/gcc/arm-none-eabi/8.3.1/../../../arm-none-eabi/lib/thumb/v7e-m+fp/hard/libc_nano.a(lib_a-locale.o)
                0x000000002000006c                __global_locale
 *(.data*)
 .data.commands
                0x00000000200001d8       0x24 build/run.o
                0x00000000200001d8                commands
 .data.k        0x00000000200001fc      0x100 build/sha256.o
                0x00000000200001fc                k
 .data.uwTickFreq
                0x00000000200002fc        0x1 build/stm32wbxx_hal.o
                0x00000000200002fc                uwTickFreq
 *fill*         0x00000000200002fd        0x3 
 .data.uwTickPrio
                0x0000000020000300        0x4 build/stm32wbxx_hal.o
                0x0000000020000300                uwTickPrio
 .data.SystemCoreClock
                0x0000000020000304        0x4 build/system_stm32wbxx.o
                0x0000000020000304                SystemCoreClock
 .data.uxCriticalNesting
                0x0000000020000308        0x4 build/port.o
                0x000000002000030c                . = ALIGN (0x4)
                0x000000002000030c                _edata = .

.tm_clone_table
                0x000000002000030c        0x0 load address 0x0000000008026860
 .tm_clone_table
                0x000000002000030c        0x0 /usr/lib/gcc/arm-none-eabi/8.3.1/thumb/v7e-m+fp/hard/crtbegin.o
 .tm_clone_table
                0x000000002000030c        0x0 /usr/lib/gcc/arm-none-eabi/8.3.1/thumb/v7e-m+fp/hard/crtend.o

.igot.plt       0x000000002000030c        0x0 load address 0x0000000008026860
 .igot.plt      0x000000002000030c        0x0 /usr/lib/gcc/arm-none-eabi/8.3.1/thumb/v7e-m+fp/hard/crtbegin.o
                0x000000002000030c                . = ALIGN (0x4)

.bss            0x000000002000030c     0x98c4 load address 0x0000000008026860
                0x000000002000030c                _sbss = .
                0x000000002000030c                __bss_start__ = _sbss
 *(.bss)
 .bss           0x000000002000030c       0x1c /usr/lib/gcc/arm-none-eabi/8.3.1/thumb/v7e-m+fp/hard/crtbegin.o
 .bss           0x0000000020000328        0x8 /usr/lib/gcc/arm-none-eabi/8.3.1/../../../arm-none-eabi/lib/thumb/v7e-m+fp/hard/libc_nano.a(lib_a-nano-mallocr.o)
                0x0000000020000328                __malloc_free_list
                0x000000002000032c                __malloc_sbrk_start
 .bss           0x0000000020000330        0x4 /usr/lib/gcc/arm-none-eabi/8.3.1/../../../arm-none-eabi/lib/thumb/v7e-m+fp/hard/libnosys.a(sbrk.o)
 *(.bss*)
 .bss.pxCurrentTCB
                0x0000000020000334        0x4 build/tasks.o
                0x0000000020000334                pxCurrentTCB
 .bss.pxDelayedTaskList
                0x0000000020000338        0x4 build/tasks.o
 .bss.pxOverflowDelayedTaskList
                0x000000002000033c        0x4 build/tasks.o
 .bss.pxReadyTasksLists
                0x0000000020000340      0x460 build/tasks.o
 .bss.uxCurrentNumberOfTasks
                0x00000000200007a0        0x4 build/tasks.o
 .bss.uxDeletedTasksWaitingCleanUp
                0x00000000200007a4        0x4 build/tasks.o
 .bss.uxSchedulerSuspended
                0x00000000200007a8        0x4 build/tasks.o
 .bss.uxTaskNumber
                0x00000000200007ac        0x4 build/tasks.o
 .bss.uxTopReadyPriority
                0x00000000200007b0        0x4 build/tasks.o
 .bss.xDelayedTaskList1
                0x00000000200007b4       0x14 build/tasks.o
 .bss.xDelayedTaskList2
                0x00000000200007c8       0x14 build/tasks.o
 .bss.xNextTaskUnblockTime
                0x00000000200007dc        0x4 build/tasks.o
 .bss.xNumOfOverflows
                0x00000000200007e0        0x4 build/tasks.o
 .bss.xPendedTicks
                0x00000000200007e4        0x4 build/tasks.o
 .bss.xPendingReadyList
                0x00000000200007e8       0x14 build/tasks.o
 .bss.xSchedulerRunning
                0x00000000200007fc        0x4 build/tasks.o
 .bss.xSuspendedTaskList
                0x0000000020000800       0x14 build/tasks.o
 .bss.xTasksWaitingTermination
                0x0000000020000814       0x14 build/tasks.o
 .bss.xTickCount
                0x0000000020000828        0x4 build/tasks.o
 .bss.xYieldPending
                0x000000002000082c        0x4 build/tasks.o
 .bss.pxCurrentTimerList
                0x0000000020000830        0x4 build/timers.o
 .bss.pxOverflowTimerList
                0x0000000020000834        0x4 build/timers.o
 .bss.ucStaticTimerQueueStorage.6932
                0x0000000020000838       0xa0 build/timers.o
 .bss.xActiveTimerList1
                0x00000000200008d8       0x14 build/timers.o
 .bss.xActiveTimerList2
                0x00000000200008ec       0x14 build/timers.o
 .bss.xLastTime.6881
                0x0000000020000900        0x4 build/timers.o
 .bss.xStaticTimerQueue.6931
                0x0000000020000904       0x50 build/timers.o
 .bss.xTimerQueue
                0x0000000020000954        0x4 build/timers.o
 .bss.xTimerTaskHandle
                0x0000000020000958        0x4 build/timers.o
 .bss.Idle_Stack.13070
                0x000000002000095c      0x800 build/cmsis_os2.o
 .bss.Idle_TCB.13069
                0x000000002000115c       0x5c build/cmsis_os2.o
 .bss.KernelState
                0x00000000200011b8        0x4 build/cmsis_os2.o
 .bss.Timer_Stack.13077
                0x00000000200011bc      0x800 build/cmsis_os2.o
 .bss.Timer_TCB.13076
                0x00000000200019bc       0x5c build/cmsis_os2.o
 .bss.pxEnd     0x0000000020001a18        0x4 build/heap_4.o
 .bss.ucHeap    0x0000000020001a1c     0x8000 build/heap_4.o
 .bss.xBlockAllocatedBit
                0x0000000020009a1c        0x4 build/heap_4.o
 .bss.xFreeBytesRemaining
                0x0000000020009a20        0x4 build/heap_4.o
 .bss.xMinimumEverFreeBytesRemaining
                0x0000000020009a24        0x4 build/heap_4.o
 .bss.xNumberOfSuccessfulAllocations
                0x0000000020009a28        0x4 build/heap_4.o
 .bss.xNumberOfSuccessfulFrees
                0x0000000020009a2c        0x4 build/heap_4.o
 .bss.xStart    0x0000000020009a30        0x8 build/heap_4.o
 .bss.ucMaxSysCallPriority
                0x0000000020009a38        0x1 build/port.o
 *fill*         0x0000000020009a39        0x3 
 .bss.ulMaxPRIGROUPValue
                0x0000000020009a3c        0x4 build/port.o
 *(COMMON)
 COMMON         0x0000000020009a40       0x61 build/run.o
                0x0000000020009a40                dat
 *fill*         0x0000000020009aa1        0x3 
 COMMON         0x0000000020009aa4        0x4 build/retarget.o
                0x0000000020009aa4                gHuart
 COMMON         0x0000000020009aa8       0x94 build/main.o
                0x0000000020009aa8                defaultTaskHandle
                0x0000000020009aac                huart1
 COMMON         0x0000000020009b3c       0x4c build/stm32wbxx_hal_timebase_tim.o
                0x0000000020009b3c                htim1
 COMMON         0x0000000020009b88        0x4 build/stm32wbxx_hal.o
                0x0000000020009b88                uwTick
 COMMON         0x0000000020009b8c       0x40 build/queue.o
                0x0000000020009b8c                xQueueRegistry
 COMMON         0x0000000020009bcc        0x4 /usr/lib/gcc/arm-none-eabi/8.3.1/../../../arm-none-eabi/lib/thumb/v7e-m+fp/hard/libc_nano.a(lib_a-reent.o)
                0x0000000020009bcc                errno
                0x0000000020009bd0                . = ALIGN (0x4)
                0x0000000020009bd0                _ebss = .
                0x0000000020009bd0                __bss_end__ = _ebss

._user_heap_stack
                0x0000000020009bd0      0x600 load address 0x0000000008026860
                0x0000000020009bd0                . = ALIGN (0x8)
                0x0000000020009bd0                PROVIDE (end = .)
                [!provide]                        PROVIDE (_end = .)
                0x0000000020009dd0                . = (. + _Min_Heap_Size)
 *fill*         0x0000000020009bd0      0x200 
                0x000000002000a1d0                . = (. + _Min_Stack_Size)
 *fill*         0x0000000020009dd0      0x400 
                0x000000002000a1d0                . = ALIGN (0x8)

/DISCARD/
 libc.a(*)
 libm.a(*)
 libgcc.a(*)

.ARM.attributes
                0x0000000000000000       0x30
 *(.ARM.attributes)
 .ARM.attributes
                0x0000000000000000       0x1e /usr/lib/gcc/arm-none-eabi/8.3.1/thumb/v7e-m+fp/hard/crti.o
 .ARM.attributes
                0x000000000000001e       0x34 /usr/lib/gcc/arm-none-eabi/8.3.1/thumb/v7e-m+fp/hard/crtbegin.o
 .ARM.attributes
                0x0000000000000052       0x34 build/run.o
 .ARM.attributes
                0x0000000000000086       0x34 build/retarget.o
 .ARM.attributes
                0x00000000000000ba       0x34 build/main.o
 .ARM.attributes
                0x00000000000000ee       0x34 build/encrypt.o
 .ARM.attributes
                0x0000000000000122       0x34 build/sha256.o
 .ARM.attributes
                0x0000000000000156       0x34 build/aes.o
 .ARM.attributes
                0x000000000000018a       0x34 build/stm32wbxx_it.o
 .ARM.attributes
                0x00000000000001be       0x34 build/stm32wbxx_hal_msp.o
 .ARM.attributes
                0x00000000000001f2       0x34 build/stm32wbxx_hal_timebase_tim.o
 .ARM.attributes
                0x0000000000000226       0x34 build/stm32wbxx_hal_rcc.o
 .ARM.attributes
                0x000000000000025a       0x34 build/stm32wbxx_hal_rcc_ex.o
 .ARM.attributes
                0x000000000000028e       0x34 build/stm32wbxx_hal_gpio.o
 .ARM.attributes
                0x00000000000002c2       0x34 build/stm32wbxx_hal_dma.o
 .ARM.attributes
                0x00000000000002f6       0x34 build/stm32wbxx_hal_pwr.o
 .ARM.attributes
                0x000000000000032a       0x34 build/stm32wbxx_hal_pwr_ex.o
 .ARM.attributes
                0x000000000000035e       0x34 build/stm32wbxx_hal_cortex.o
 .ARM.attributes
                0x0000000000000392       0x34 build/stm32wbxx_hal.o
 .ARM.attributes
                0x00000000000003c6       0x34 build/stm32wbxx_hal_uart.o
 .ARM.attributes
                0x00000000000003fa       0x34 build/stm32wbxx_hal_uart_ex.o
 .ARM.attributes
                0x000000000000042e       0x34 build/stm32wbxx_hal_tim.o
 .ARM.attributes
                0x0000000000000462       0x34 build/stm32wbxx_hal_tim_ex.o
 .ARM.attributes
                0x0000000000000496       0x34 build/system_stm32wbxx.o
 .ARM.attributes
                0x00000000000004ca       0x34 build/list.o
 .ARM.attributes
                0x00000000000004fe       0x34 build/queue.o
 .ARM.attributes
                0x0000000000000532       0x34 build/tasks.o
 .ARM.attributes
                0x0000000000000566       0x34 build/timers.o
 .ARM.attributes
                0x000000000000059a       0x34 build/cmsis_os2.o
 .ARM.attributes
                0x00000000000005ce       0x34 build/heap_4.o
 .ARM.attributes
                0x0000000000000602       0x34 build/port.o
 .ARM.attributes
                0x0000000000000636       0x21 build/startup_stm32wb55xx_cm4.o
 .ARM.attributes
                0x0000000000000657       0x34 secp256k1/src/libsecp256k1_la-secp256k1.o
 .ARM.attributes
                0x000000000000068b       0x34 /usr/lib/gcc/arm-none-eabi/8.3.1/../../../arm-none-eabi/lib/thumb/v7e-m+fp/hard/libc_nano.a(lib_a-abort.o)
 .ARM.attributes
                0x00000000000006bf       0x34 /usr/lib/gcc/arm-none-eabi/8.3.1/../../../arm-none-eabi/lib/thumb/v7e-m+fp/hard/libc_nano.a(lib_a-errno.o)
 .ARM.attributes
                0x00000000000006f3       0x34 /usr/lib/gcc/arm-none-eabi/8.3.1/../../../arm-none-eabi/lib/thumb/v7e-m+fp/hard/libc_nano.a(lib_a-fprintf.o)
 .ARM.attributes
                0x0000000000000727       0x34 /usr/lib/gcc/arm-none-eabi/8.3.1/../../../arm-none-eabi/lib/thumb/v7e-m+fp/hard/libc_nano.a(lib_a-getchar.o)
 .ARM.attributes
                0x000000000000075b       0x32 /usr/lib/gcc/arm-none-eabi/8.3.1/../../../arm-none-eabi/lib/thumb/v7e-m+fp/hard/libc_nano.a(lib_a-impure.o)
 .ARM.attributes
                0x000000000000078d       0x34 /usr/lib/gcc/arm-none-eabi/8.3.1/../../../arm-none-eabi/lib/thumb/v7e-m+fp/hard/libc_nano.a(lib_a-init.o)
 .ARM.attributes
                0x00000000000007c1       0x34 /usr/lib/gcc/arm-none-eabi/8.3.1/../../../arm-none-eabi/lib/thumb/v7e-m+fp/hard/libc_nano.a(lib_a-malloc.o)
 .ARM.attributes
                0x00000000000007f5       0x1c /usr/lib/gcc/arm-none-eabi/8.3.1/../../../arm-none-eabi/lib/thumb/v7e-m+fp/hard/libc_nano.a(lib_a-memchr.o)
 .ARM.attributes
                0x0000000000000811       0x34 /usr/lib/gcc/arm-none-eabi/8.3.1/../../../arm-none-eabi/lib/thumb/v7e-m+fp/hard/libc_nano.a(lib_a-memcmp.o)
 .ARM.attributes
                0x0000000000000845       0x1c /usr/lib/gcc/arm-none-eabi/8.3.1/../../../arm-none-eabi/lib/thumb/v7e-m+fp/hard/libc_nano.a(lib_a-memcpy.o)
 .ARM.attributes
                0x0000000000000861       0x34 /usr/lib/gcc/arm-none-eabi/8.3.1/../../../arm-none-eabi/lib/thumb/v7e-m+fp/hard/libc_nano.a(lib_a-memset.o)
 .ARM.attributes
                0x0000000000000895       0x34 /usr/lib/gcc/arm-none-eabi/8.3.1/../../../arm-none-eabi/lib/thumb/v7e-m+fp/hard/libc_nano.a(lib_a-nano-freer.o)
 .ARM.attributes
                0x00000000000008c9       0x34 /usr/lib/gcc/arm-none-eabi/8.3.1/../../../arm-none-eabi/lib/thumb/v7e-m+fp/hard/libc_nano.a(lib_a-nano-mallocr.o)
 .ARM.attributes
                0x00000000000008fd       0x34 /usr/lib/gcc/arm-none-eabi/8.3.1/../../../arm-none-eabi/lib/thumb/v7e-m+fp/hard/libc_nano.a(lib_a-nano-vfprintf.o)
 .ARM.attributes
                0x0000000000000931       0x34 /usr/lib/gcc/arm-none-eabi/8.3.1/../../../arm-none-eabi/lib/thumb/v7e-m+fp/hard/libc_nano.a(lib_a-nano-vfprintf_float.o)
 .ARM.attributes
                0x0000000000000965       0x34 /usr/lib/gcc/arm-none-eabi/8.3.1/../../../arm-none-eabi/lib/thumb/v7e-m+fp/hard/libc_nano.a(lib_a-nano-vfprintf_i.o)
 .ARM.attributes
                0x0000000000000999       0x34 /usr/lib/gcc/arm-none-eabi/8.3.1/../../../arm-none-eabi/lib/thumb/v7e-m+fp/hard/libc_nano.a(lib_a-printf.o)
 .ARM.attributes
                0x00000000000009cd       0x34 /usr/lib/gcc/arm-none-eabi/8.3.1/../../../arm-none-eabi/lib/thumb/v7e-m+fp/hard/libc_nano.a(lib_a-putchar.o)
 .ARM.attributes
                0x0000000000000a01       0x34 /usr/lib/gcc/arm-none-eabi/8.3.1/../../../arm-none-eabi/lib/thumb/v7e-m+fp/hard/libc_nano.a(lib_a-puts.o)
 .ARM.attributes
                0x0000000000000a35       0x34 /usr/lib/gcc/arm-none-eabi/8.3.1/../../../arm-none-eabi/lib/thumb/v7e-m+fp/hard/libc_nano.a(lib_a-sbrkr.o)
 .ARM.attributes
                0x0000000000000a69       0x34 /usr/lib/gcc/arm-none-eabi/8.3.1/../../../arm-none-eabi/lib/thumb/v7e-m+fp/hard/libc_nano.a(lib_a-setvbuf.o)
 .ARM.attributes
                0x0000000000000a9d       0x34 /usr/lib/gcc/arm-none-eabi/8.3.1/../../../arm-none-eabi/lib/thumb/v7e-m+fp/hard/libc_nano.a(lib_a-signal.o)
 .ARM.attributes
                0x0000000000000ad1       0x34 /usr/lib/gcc/arm-none-eabi/8.3.1/../../../arm-none-eabi/lib/thumb/v7e-m+fp/hard/libc_nano.a(lib_a-signalr.o)
 .ARM.attributes
                0x0000000000000b05       0x1c /usr/lib/gcc/arm-none-eabi/8.3.1/../../../arm-none-eabi/lib/thumb/v7e-m+fp/hard/libc_nano.a(lib_a-strlen.o)
 .ARM.attributes
                0x0000000000000b21       0x34 /usr/lib/gcc/arm-none-eabi/8.3.1/../../../arm-none-eabi/lib/thumb/v7e-m+fp/hard/libc_nano.a(lib_a-strncmp.o)
 .ARM.attributes
                0x0000000000000b55       0x34 /usr/lib/gcc/arm-none-eabi/8.3.1/../../../arm-none-eabi/lib/thumb/v7e-m+fp/hard/libc_nano.a(lib_a-strncpy.o)
 .ARM.attributes
                0x0000000000000b89       0x34 /usr/lib/gcc/arm-none-eabi/8.3.1/../../../arm-none-eabi/lib/thumb/v7e-m+fp/hard/libc_nano.a(lib_a-wbuf.o)
 .ARM.attributes
                0x0000000000000bbd       0x34 /usr/lib/gcc/arm-none-eabi/8.3.1/../../../arm-none-eabi/lib/thumb/v7e-m+fp/hard/libc_nano.a(lib_a-wsetup.o)
 .ARM.attributes
                0x0000000000000bf1       0x34 /usr/lib/gcc/arm-none-eabi/8.3.1/../../../arm-none-eabi/lib/thumb/v7e-m+fp/hard/libc_nano.a(lib_a-dtoa.o)
 .ARM.attributes
                0x0000000000000c25       0x34 /usr/lib/gcc/arm-none-eabi/8.3.1/../../../arm-none-eabi/lib/thumb/v7e-m+fp/hard/libc_nano.a(lib_a-fflush.o)
 .ARM.attributes
                0x0000000000000c59       0x34 /usr/lib/gcc/arm-none-eabi/8.3.1/../../../arm-none-eabi/lib/thumb/v7e-m+fp/hard/libc_nano.a(lib_a-findfp.o)
 .ARM.attributes
                0x0000000000000c8d       0x34 /usr/lib/gcc/arm-none-eabi/8.3.1/../../../arm-none-eabi/lib/thumb/v7e-m+fp/hard/libc_nano.a(lib_a-fvwrite.o)
 .ARM.attributes
                0x0000000000000cc1       0x34 /usr/lib/gcc/arm-none-eabi/8.3.1/../../../arm-none-eabi/lib/thumb/v7e-m+fp/hard/libc_nano.a(lib_a-fwalk.o)
 .ARM.attributes
                0x0000000000000cf5       0x34 /usr/lib/gcc/arm-none-eabi/8.3.1/../../../arm-none-eabi/lib/thumb/v7e-m+fp/hard/libc_nano.a(lib_a-getc.o)
 .ARM.attributes
                0x0000000000000d29       0x34 /usr/lib/gcc/arm-none-eabi/8.3.1/../../../arm-none-eabi/lib/thumb/v7e-m+fp/hard/libc_nano.a(lib_a-localeconv.o)
 .ARM.attributes
                0x0000000000000d5d       0x34 /usr/lib/gcc/arm-none-eabi/8.3.1/../../../arm-none-eabi/lib/thumb/v7e-m+fp/hard/libc_nano.a(lib_a-makebuf.o)
 .ARM.attributes
                0x0000000000000d91       0x34 /usr/lib/gcc/arm-none-eabi/8.3.1/../../../arm-none-eabi/lib/thumb/v7e-m+fp/hard/libc_nano.a(lib_a-memmove.o)
 .ARM.attributes
                0x0000000000000dc5       0x34 /usr/lib/gcc/arm-none-eabi/8.3.1/../../../arm-none-eabi/lib/thumb/v7e-m+fp/hard/libc_nano.a(lib_a-mlock.o)
 .ARM.attributes
                0x0000000000000df9       0x34 /usr/lib/gcc/arm-none-eabi/8.3.1/../../../arm-none-eabi/lib/thumb/v7e-m+fp/hard/libc_nano.a(lib_a-mprec.o)
 .ARM.attributes
                0x0000000000000e2d       0x34 /usr/lib/gcc/arm-none-eabi/8.3.1/../../../arm-none-eabi/lib/thumb/v7e-m+fp/hard/libc_nano.a(lib_a-nano-callocr.o)
 .ARM.attributes
                0x0000000000000e61       0x34 /usr/lib/gcc/arm-none-eabi/8.3.1/../../../arm-none-eabi/lib/thumb/v7e-m+fp/hard/libc_nano.a(lib_a-nano-reallocr.o)
 .ARM.attributes
                0x0000000000000e95       0x34 /usr/lib/gcc/arm-none-eabi/8.3.1/../../../arm-none-eabi/lib/thumb/v7e-m+fp/hard/libc_nano.a(lib_a-putc.o)
 .ARM.attributes
                0x0000000000000ec9       0x34 /usr/lib/gcc/arm-none-eabi/8.3.1/../../../arm-none-eabi/lib/thumb/v7e-m+fp/hard/libc_nano.a(lib_a-reent.o)
 .ARM.attributes
                0x0000000000000efd       0x34 /usr/lib/gcc/arm-none-eabi/8.3.1/../../../arm-none-eabi/lib/thumb/v7e-m+fp/hard/libc_nano.a(lib_a-rget.o)
 .ARM.attributes
                0x0000000000000f31       0x34 /usr/lib/gcc/arm-none-eabi/8.3.1/../../../arm-none-eabi/lib/thumb/v7e-m+fp/hard/libc_nano.a(lib_a-stdio.o)
 .ARM.attributes
                0x0000000000000f65       0x34 /usr/lib/gcc/arm-none-eabi/8.3.1/../../../arm-none-eabi/lib/thumb/v7e-m+fp/hard/libc_nano.a(lib_a-writer.o)
 .ARM.attributes
                0x0000000000000f99       0x34 /usr/lib/gcc/arm-none-eabi/8.3.1/../../../arm-none-eabi/lib/thumb/v7e-m+fp/hard/libc_nano.a(lib_a-assert.o)
 .ARM.attributes
                0x0000000000000fcd       0x34 /usr/lib/gcc/arm-none-eabi/8.3.1/../../../arm-none-eabi/lib/thumb/v7e-m+fp/hard/libc_nano.a(lib_a-closer.o)
 .ARM.attributes
                0x0000000000001001       0x34 /usr/lib/gcc/arm-none-eabi/8.3.1/../../../arm-none-eabi/lib/thumb/v7e-m+fp/hard/libc_nano.a(lib_a-fstatr.o)
 .ARM.attributes
                0x0000000000001035       0x34 /usr/lib/gcc/arm-none-eabi/8.3.1/../../../arm-none-eabi/lib/thumb/v7e-m+fp/hard/libc_nano.a(lib_a-isattyr.o)
 .ARM.attributes